Jan 13 01:10:37 ubuntu kernel: imklog 5.8.6, log source = /proc/kmsg started.
Jan 13 01:10:37 ubuntu kernel: [    0.000000] Initializing cgroup subsys cpuset
Jan 13 01:10:37 ubuntu kernel: [    0.000000] Initializing cgroup subsys cpu
Jan 13 01:10:37 ubuntu kernel: [    0.000000] Linux version 3.2.0-29-generic-pae (buildd@roseapple) (gcc version 4.6.3 (Ubuntu/Linaro 4.6.3-1ubuntu5) ) #46-Ubuntu SMP Fri Jul 27 17:25:43 UTC 2012 (Ubuntu 3.2.0-29.46-generic-pae 3.2.24)
Jan 13 01:10:37 ubuntu kernel: [    0.000000] KERNEL supported cpus:
Jan 13 01:10:37 ubuntu kernel: [    0.000000]   Intel GenuineIntel
Jan 13 01:10:37 ubuntu kernel: [    0.000000]   AMD AuthenticAMD
Jan 13 01:10:37 ubuntu kernel: [    0.000000]   NSC Geode by NSC
Jan 13 01:10:37 ubuntu kernel: [    0.000000]   Cyrix CyrixInstead
Jan 13 01:10:37 ubuntu kernel: [    0.000000]   Centaur CentaurHauls
Jan 13 01:10:37 ubuntu kernel: [    0.000000]   Transmeta GenuineTMx86
Jan 13 01:10:37 ubuntu kernel: [    0.000000]   Transmeta TransmetaCPU
Jan 13 01:10:37 ubuntu kernel: [    0.000000]   UMC UMC UMC UMC
Jan 13 01:10:37 ubuntu kernel: [    0.000000] Disabled fast string operations
Jan 13 01:10:37 ubuntu kernel: [    0.000000] BIOS-provided physical RAM map:
Jan 13 01:10:37 ubuntu kernel: [    0.000000]  BIOS-e820: 0000000000000000 - 000000000009f000 (usable)
Jan 13 01:10:37 ubuntu kernel: [    0.000000]  BIOS-e820: 000000000009f000 - 00000000000a0000 (reserved)
Jan 13 01:10:37 ubuntu kernel: [    0.000000]  BIOS-e820: 00000000000ca000 - 00000000000cc000 (reserved)
Jan 13 01:10:37 ubuntu kernel: [    0.000000]  BIOS-e820: 00000000000dc000 - 0000000000100000 (reserved)
Jan 13 01:10:37 ubuntu kernel: [    0.000000]  BIOS-e820: 0000000000100000 - 000000003fee0000 (usable)
Jan 13 01:10:37 ubuntu kernel: [    0.000000]  BIOS-e820: 000000003fee0000 - 000000003feff000 (ACPI data)
Jan 13 01:10:37 ubuntu kernel: [    0.000000]  BIOS-e820: 000000003feff000 - 000000003ff00000 (ACPI NVS)
Jan 13 01:10:37 ubuntu kernel: [    0.000000]  BIOS-e820: 000000003ff00000 - 0000000040000000 (usable)
Jan 13 01:10:37 ubuntu kernel: [    0.000000]  BIOS-e820: 00000000f0000000 - 00000000f8000000 (reserved)
Jan 13 01:10:37 ubuntu kernel: [    0.000000]  BIOS-e820: 00000000fec00000 - 00000000fec10000 (reserved)
Jan 13 01:10:37 ubuntu kernel: [    0.000000]  BIOS-e820: 00000000fee00000 - 00000000fee01000 (reserved)
Jan 13 01:10:37 ubuntu kernel: [    0.000000]  BIOS-e820: 00000000fffe0000 - 0000000100000000 (reserved)
Jan 13 01:10:37 ubuntu kernel: [    0.000000] NX (Execute Disable) protection: active
Jan 13 01:10:37 ubuntu kernel: [    0.000000] DMI present.
Jan 13 01:10:37 ubuntu kernel: [    0.000000] DMI: VMware, Inc. VMware Virtual Platform/440BX Desktop Reference Platform, BIOS 6.00 07/31/2013
Jan 13 01:10:37 ubuntu kernel: [    0.000000] Hypervisor detected: VMware
Jan 13 01:10:37 ubuntu kernel: [    0.000000] e820 update range: 0000000000000000 - 0000000000010000 (usable) ==> (reserved)
Jan 13 01:10:37 ubuntu kernel: [    0.000000] e820 remove range: 00000000000a0000 - 0000000000100000 (usable)
Jan 13 01:10:37 ubuntu kernel: [    0.000000] last_pfn = 0x40000 max_arch_pfn = 0x1000000
Jan 13 01:10:37 ubuntu kernel: [    0.000000] MTRR default type: uncachable
Jan 13 01:10:37 ubuntu kernel: [    0.000000] MTRR fixed ranges enabled:
Jan 13 01:10:37 ubuntu kernel: [    0.000000]   00000-9FFFF write-back
Jan 13 01:10:37 ubuntu kernel: [    0.000000]   A0000-BFFFF uncachable
Jan 13 01:10:37 ubuntu kernel: [    0.000000]   C0000-CBFFF write-protect
Jan 13 01:10:37 ubuntu kernel: [    0.000000]   CC000-EFFFF uncachable
Jan 13 01:10:37 ubuntu kernel: [    0.000000]   F0000-FFFFF write-protect
Jan 13 01:10:37 ubuntu kernel: [    0.000000] MTRR variable ranges enabled:
Jan 13 01:10:37 ubuntu kernel: [    0.000000]   0 base 0000000000 mask FFC0000000 write-back
Jan 13 01:10:37 ubuntu kernel: [    0.000000]   1 disabled
Jan 13 01:10:37 ubuntu kernel: [    0.000000]   2 disabled
Jan 13 01:10:37 ubuntu kernel: [    0.000000]   3 disabled
Jan 13 01:10:37 ubuntu kernel: [    0.000000]   4 disabled
Jan 13 01:10:37 ubuntu kernel: [    0.000000]   5 disabled
Jan 13 01:10:37 ubuntu kernel: [    0.000000]   6 disabled
Jan 13 01:10:37 ubuntu kernel: [    0.000000]   7 disabled
Jan 13 01:10:37 ubuntu kernel: [    0.000000] x86 PAT enabled: cpu 0, old 0x0, new 0x7010600070106
Jan 13 01:10:37 ubuntu kernel: [    0.000000] found SMP MP-table at [c00f6bf0] f6bf0
Jan 13 01:10:37 ubuntu kernel: [    0.000000] initial memory mapped : 0 - 02000000
Jan 13 01:10:37 ubuntu kernel: [    0.000000] Base memory trampoline at [c009b000] 9b000 size 16384
Jan 13 01:10:37 ubuntu kernel: [    0.000000] init_memory_mapping: 0000000000000000-0000000037bfe000
Jan 13 01:10:37 ubuntu kernel: [    0.000000]  0000000000 - 0000200000 page 4k
Jan 13 01:10:37 ubuntu kernel: [    0.000000]  0000200000 - 0037a00000 page 2M
Jan 13 01:10:37 ubuntu kernel: [    0.000000]  0037a00000 - 0037bfe000 page 4k
Jan 13 01:10:37 ubuntu kernel: [    0.000000] kernel direct mapping tables up to 37bfe000 @ 1ffb000-2000000
Jan 13 01:10:37 ubuntu kernel: [    0.000000] RAMDISK: 364f2000 - 37271000
Jan 13 01:10:37 ubuntu kernel: [    0.000000] ACPI: RSDP 000f6b80 00024 (v02 PTLTD )
Jan 13 01:10:37 ubuntu kernel: [    0.000000] ACPI: XSDT 3feee21e 0005C (v01 INTEL  440BX    06040000 VMW  01324272)
Jan 13 01:10:37 ubuntu kernel: [    0.000000] ACPI: FACP 3fefee73 000F4 (v04 INTEL  440BX    06040000 PTL  000F4240)
Jan 13 01:10:37 ubuntu kernel: [    0.000000] ACPI: DSDT 3feeec38 1023B (v01 PTLTD  Custom   06040000 MSFT 03000001)
Jan 13 01:10:37 ubuntu kernel: [    0.000000] ACPI: FACS 3fefffc0 00040
Jan 13 01:10:37 ubuntu kernel: [    0.000000] ACPI: BOOT 3feeec10 00028 (v01 PTLTD  $SBFTBL$ 06040000  LTP 00000001)
Jan 13 01:10:37 ubuntu kernel: [    0.000000] ACPI: APIC 3feee84e 003C2 (v01 PTLTD  ? APIC   06040000  LTP 00000000)
Jan 13 01:10:37 ubuntu kernel: [    0.000000] ACPI: MCFG 3feee812 0003C (v01 PTLTD  $PCITBL$ 06040000  LTP 00000001)
Jan 13 01:10:37 ubuntu kernel: [    0.000000] ACPI: SRAT 3feee31a 004F8 (v02 VMWARE MEMPLUG  06040000 VMW  00000001)
Jan 13 01:10:37 ubuntu kernel: [    0.000000] ACPI: HPET 3feee2e2 00038 (v01 VMWARE VMW HPET 06040000 VMW  00000001)
Jan 13 01:10:37 ubuntu kernel: [    0.000000] ACPI: WAET 3feee2ba 00028 (v01 VMWARE VMW WAET 06040000 VMW  00000001)
Jan 13 01:10:37 ubuntu kernel: [    0.000000] ACPI: Local APIC address 0xfee00000
Jan 13 01:10:37 ubuntu kernel: [    0.000000] 132MB HIGHMEM available.
Jan 13 01:10:37 ubuntu kernel: [    0.000000] 891MB LOWMEM available.
Jan 13 01:10:37 ubuntu kernel: [    0.000000]   mapped low ram: 0 - 37bfe000
Jan 13 01:10:37 ubuntu kernel: [    0.000000]   low ram: 0 - 37bfe000
Jan 13 01:10:37 ubuntu kernel: [    0.000000] Zone PFN ranges:
Jan 13 01:10:37 ubuntu kernel: [    0.000000]   DMA      0x00000010 -> 0x00001000
Jan 13 01:10:37 ubuntu kernel: [    0.000000]   Normal   0x00001000 -> 0x00037bfe
Jan 13 01:10:37 ubuntu kernel: [    0.000000]   HighMem  0x00037bfe -> 0x00040000
Jan 13 01:10:37 ubuntu kernel: [    0.000000] Movable zone start PFN for each node
Jan 13 01:10:37 ubuntu kernel: [    0.000000] early_node_map[3] active PFN ranges
Jan 13 01:10:37 ubuntu kernel: [    0.000000]     0: 0x00000010 -> 0x0000009f
Jan 13 01:10:37 ubuntu kernel: [    0.000000]     0: 0x00000100 -> 0x0003fee0
Jan 13 01:10:37 ubuntu kernel: [    0.000000]     0: 0x0003ff00 -> 0x00040000
Jan 13 01:10:37 ubuntu kernel: [    0.000000] On node 0 totalpages: 261999
Jan 13 01:10:37 ubuntu kernel: [    0.000000] free_area_init_node: node 0, pgdat c1866a40, node_mem_map f73fd200
Jan 13 01:10:37 ubuntu kernel: [    0.000000]   DMA zone: 32 pages used for memmap
Jan 13 01:10:37 ubuntu kernel: [    0.000000]   DMA zone: 0 pages reserved
Jan 13 01:10:37 ubuntu kernel: [    0.000000]   DMA zone: 3951 pages, LIFO batch:0
Jan 13 01:10:37 ubuntu kernel: [    0.000000]   Normal zone: 1752 pages used for memmap
Jan 13 01:10:37 ubuntu kernel: [    0.000000]   Normal zone: 222502 pages, LIFO batch:31
Jan 13 01:10:37 ubuntu kernel: [    0.000000]   HighMem zone: 265 pages used for memmap
Jan 13 01:10:37 ubuntu kernel: [    0.000000]   HighMem zone: 33497 pages, LIFO batch:7
Jan 13 01:10:37 ubuntu kernel: [    0.000000] Using APIC driver default
Jan 13 01:10:37 ubuntu kernel: [    0.000000] ACPI: PM-Timer IO Port: 0x1008
Jan 13 01:10:37 ubuntu kernel: [    0.000000] ACPI: Local APIC address 0xfee00000
Jan 13 01:10:37 ubuntu kernel: [    0.000000] ACPI: LAPIC (acpi_id[0x00] lapic_id[0x00] enabled)
Jan 13 01:10:37 ubuntu kernel: [    0.000000] ACPI: LAPIC (acpi_id[0x01] lapic_id[0x02] disabled)
Jan 13 01:10:37 ubuntu kernel: [    0.000000] ACPI: LAPIC (acpi_id[0x02] lapic_id[0x04] disabled)
Jan 13 01:10:37 ubuntu kernel: [    0.000000] ACPI: LAPIC (acpi_id[0x03] lapic_id[0x06] disabled)
Jan 13 01:10:37 ubuntu kernel: [    0.000000] ACPI: LAPIC (acpi_id[0x04] lapic_id[0x08] disabled)
Jan 13 01:10:37 ubuntu kernel: [    0.000000] ACPI: LAPIC (acpi_id[0x05] lapic_id[0x0a] disabled)
Jan 13 01:10:37 ubuntu kernel: [    0.000000] ACPI: LAPIC (acpi_id[0x06] lapic_id[0x0c] disabled)
Jan 13 01:10:37 ubuntu kernel: [    0.000000] ACPI: LAPIC (acpi_id[0x07] lapic_id[0x0e] disabled)
Jan 13 01:10:37 ubuntu kernel: [    0.000000] ACPI: LAPIC (acpi_id[0x08] lapic_id[0x10] disabled)
Jan 13 01:10:37 ubuntu kernel: [    0.000000] ACPI: LAPIC (acpi_id[0x09] lapic_id[0x12] disabled)
Jan 13 01:10:37 ubuntu kernel: [    0.000000] ACPI: LAPIC (acpi_id[0x0a] lapic_id[0x14] disabled)
Jan 13 01:10:37 ubuntu kernel: [    0.000000] ACPI: LAPIC (acpi_id[0x0b] lapic_id[0x16] disabled)
Jan 13 01:10:37 ubuntu kernel: [    0.000000] ACPI: LAPIC (acpi_id[0x0c] lapic_id[0x18] disabled)
Jan 13 01:10:37 ubuntu kernel: [    0.000000] ACPI: LAPIC (acpi_id[0x0d] lapic_id[0x1a] disabled)
Jan 13 01:10:37 ubuntu kernel: [    0.000000] ACPI: LAPIC (acpi_id[0x0e] lapic_id[0x1c] disabled)
Jan 13 01:10:37 ubuntu kernel: [    0.000000] ACPI: LAPIC (acpi_id[0x0f] lapic_id[0x1e] disabled)
Jan 13 01:10:37 ubuntu kernel: [    0.000000] ACPI: LAPIC (acpi_id[0x10] lapic_id[0x20] disabled)
Jan 13 01:10:37 ubuntu kernel: [    0.000000] ACPI: LAPIC (acpi_id[0x11] lapic_id[0x22] disabled)
Jan 13 01:10:37 ubuntu kernel: [    0.000000] ACPI: LAPIC (acpi_id[0x12] lapic_id[0x24] disabled)
Jan 13 01:10:37 ubuntu kernel: [    0.000000] ACPI: LAPIC (acpi_id[0x13] lapic_id[0x26] disabled)
Jan 13 01:10:37 ubuntu kernel: [    0.000000] ACPI: LAPIC (acpi_id[0x14] lapic_id[0x28] disabled)
Jan 13 01:10:37 ubuntu kernel: [    0.000000] ACPI: LAPIC (acpi_id[0x15] lapic_id[0x2a] disabled)
Jan 13 01:10:37 ubuntu kernel: [    0.000000] ACPI: LAPIC (acpi_id[0x16] lapic_id[0x2c] disabled)
Jan 13 01:10:37 ubuntu kernel: [    0.000000] ACPI: LAPIC (acpi_id[0x17] lapic_id[0x2e] disabled)
Jan 13 01:10:37 ubuntu kernel: [    0.000000] ACPI: LAPIC (acpi_id[0x18] lapic_id[0x30] disabled)
Jan 13 01:10:37 ubuntu kernel: [    0.000000] ACPI: LAPIC (acpi_id[0x19] lapic_id[0x32] disabled)
Jan 13 01:10:37 ubuntu kernel: [    0.000000] ACPI: LAPIC (acpi_id[0x1a] lapic_id[0x34] disabled)
Jan 13 01:10:37 ubuntu kernel: [    0.000000] ACPI: LAPIC (acpi_id[0x1b] lapic_id[0x36] disabled)
Jan 13 01:10:37 ubuntu kernel: [    0.000000] ACPI: LAPIC (acpi_id[0x1c] lapic_id[0x38] disabled)
Jan 13 01:10:37 ubuntu kernel: [    0.000000] ACPI: LAPIC (acpi_id[0x1d] lapic_id[0x3a] disabled)
Jan 13 01:10:37 ubuntu kernel: [    0.000000] ACPI: LAPIC (acpi_id[0x1e] lapic_id[0x3c] disabled)
Jan 13 01:10:37 ubuntu kernel: [    0.000000] ACPI: LAPIC (acpi_id[0x1f] lapic_id[0x3e] disabled)
Jan 13 01:10:37 ubuntu kernel: [    0.000000] ACPI: LAPIC (acpi_id[0x20] lapic_id[0x40] disabled)
Jan 13 01:10:37 ubuntu kernel: [    0.000000] ACPI: LAPIC (acpi_id[0x21] lapic_id[0x42] disabled)
Jan 13 01:10:37 ubuntu kernel: [    0.000000] ACPI: LAPIC (acpi_id[0x22] lapic_id[0x44] disabled)
Jan 13 01:10:37 ubuntu kernel: [    0.000000] ACPI: LAPIC (acpi_id[0x23] lapic_id[0x46] disabled)
Jan 13 01:10:37 ubuntu kernel: [    0.000000] ACPI: LAPIC (acpi_id[0x24] lapic_id[0x48] disabled)
Jan 13 01:10:37 ubuntu kernel: [    0.000000] ACPI: LAPIC (acpi_id[0x25] lapic_id[0x4a] disabled)
Jan 13 01:10:37 ubuntu kernel: [    0.000000] ACPI: LAPIC (acpi_id[0x26] lapic_id[0x4c] disabled)
Jan 13 01:10:37 ubuntu kernel: [    0.000000] ACPI: LAPIC (acpi_id[0x27] lapic_id[0x4e] disabled)
Jan 13 01:10:37 ubuntu kernel: [    0.000000] ACPI: LAPIC (acpi_id[0x28] lapic_id[0x50] disabled)
Jan 13 01:10:37 ubuntu kernel: [    0.000000] ACPI: LAPIC (acpi_id[0x29] lapic_id[0x52] disabled)
Jan 13 01:10:37 ubuntu kernel: [    0.000000] ACPI: LAPIC (acpi_id[0x2a] lapic_id[0x54] disabled)
Jan 13 01:10:37 ubuntu kernel: [    0.000000] ACPI: LAPIC (acpi_id[0x2b] lapic_id[0x56] disabled)
Jan 13 01:10:37 ubuntu kernel: [    0.000000] ACPI: LAPIC (acpi_id[0x2c] lapic_id[0x58] disabled)
Jan 13 01:10:37 ubuntu kernel: [    0.000000] ACPI: LAPIC (acpi_id[0x2d] lapic_id[0x5a] disabled)
Jan 13 01:10:37 ubuntu kernel: [    0.000000] ACPI: LAPIC (acpi_id[0x2e] lapic_id[0x5c] disabled)
Jan 13 01:10:37 ubuntu kernel: [    0.000000] ACPI: LAPIC (acpi_id[0x2f] lapic_id[0x5e] disabled)
Jan 13 01:10:37 ubuntu kernel: [    0.000000] ACPI: LAPIC (acpi_id[0x30] lapic_id[0x60] disabled)
Jan 13 01:10:37 ubuntu kernel: [    0.000000] ACPI: LAPIC (acpi_id[0x31] lapic_id[0x62] disabled)
Jan 13 01:10:37 ubuntu kernel: [    0.000000] ACPI: LAPIC (acpi_id[0x32] lapic_id[0x64] disabled)
Jan 13 01:10:37 ubuntu kernel: [    0.000000] ACPI: LAPIC (acpi_id[0x33] lapic_id[0x66] disabled)
Jan 13 01:10:37 ubuntu kernel: [    0.000000] ACPI: LAPIC (acpi_id[0x34] lapic_id[0x68] disabled)
Jan 13 01:10:37 ubuntu kernel: [    0.000000] ACPI: LAPIC (acpi_id[0x35] lapic_id[0x6a] disabled)
Jan 13 01:10:37 ubuntu kernel: [    0.000000] ACPI: LAPIC (acpi_id[0x36] lapic_id[0x6c] disabled)
Jan 13 01:10:37 ubuntu kernel: [    0.000000] ACPI: LAPIC (acpi_id[0x37] lapic_id[0x6e] disabled)
Jan 13 01:10:37 ubuntu kernel: [    0.000000] ACPI: LAPIC (acpi_id[0x38] lapic_id[0x70] disabled)
Jan 13 01:10:37 ubuntu kernel: [    0.000000] ACPI: LAPIC (acpi_id[0x39] lapic_id[0x72] disabled)
Jan 13 01:10:37 ubuntu kernel: [    0.000000] ACPI: LAPIC (acpi_id[0x3a] lapic_id[0x74] disabled)
Jan 13 01:10:37 ubuntu kernel: [    0.000000] ACPI: LAPIC (acpi_id[0x3b] lapic_id[0x76] disabled)
Jan 13 01:10:37 ubuntu kernel: [    0.000000] ACPI: LAPIC (acpi_id[0x3c] lapic_id[0x78] disabled)
Jan 13 01:10:37 ubuntu kernel: [    0.000000] ACPI: LAPIC (acpi_id[0x3d] lapic_id[0x7a] disabled)
Jan 13 01:10:37 ubuntu kernel: [    0.000000] ACPI: LAPIC (acpi_id[0x3e] lapic_id[0x7c] disabled)
Jan 13 01:10:37 ubuntu kernel: [    0.000000] ACPI: LAPIC (acpi_id[0x3f] lapic_id[0x7e] disabled)
Jan 13 01:10:37 ubuntu kernel: [    0.000000] ACPI: LAPIC_NMI (acpi_id[0x00] high edge lint[0x1])
Jan 13 01:10:37 ubuntu kernel: [    0.000000] ACPI: LAPIC_NMI (acpi_id[0x01] high edge lint[0x1])
Jan 13 01:10:37 ubuntu kernel: [    0.000000] ACPI: LAPIC_NMI (acpi_id[0x02] high edge lint[0x1])
Jan 13 01:10:37 ubuntu kernel: [    0.000000] ACPI: LAPIC_NMI (acpi_id[0x03] high edge lint[0x1])
Jan 13 01:10:37 ubuntu kernel: [    0.000000] ACPI: LAPIC_NMI (acpi_id[0x04] high edge lint[0x1])
Jan 13 01:10:37 ubuntu kernel: [    0.000000] ACPI: LAPIC_NMI (acpi_id[0x05] high edge lint[0x1])
Jan 13 01:10:37 ubuntu kernel: [    0.000000] ACPI: LAPIC_NMI (acpi_id[0x06] high edge lint[0x1])
Jan 13 01:10:37 ubuntu kernel: [    0.000000] ACPI: LAPIC_NMI (acpi_id[0x07] high edge lint[0x1])
Jan 13 01:10:37 ubuntu kernel: [    0.000000] ACPI: LAPIC_NMI (acpi_id[0x08] high edge lint[0x1])
Jan 13 01:10:37 ubuntu kernel: [    0.000000] ACPI: LAPIC_NMI (acpi_id[0x09] high edge lint[0x1])
Jan 13 01:10:37 ubuntu kernel: [    0.000000] ACPI: LAPIC_NMI (acpi_id[0x0a] high edge lint[0x1])
Jan 13 01:10:37 ubuntu kernel: [    0.000000] ACPI: LAPIC_NMI (acpi_id[0x0b] high edge lint[0x1])
Jan 13 01:10:37 ubuntu kernel: [    0.000000] ACPI: LAPIC_NMI (acpi_id[0x0c] high edge lint[0x1])
Jan 13 01:10:37 ubuntu kernel: [    0.000000] ACPI: LAPIC_NMI (acpi_id[0x0d] high edge lint[0x1])
Jan 13 01:10:37 ubuntu kernel: [    0.000000] ACPI: LAPIC_NMI (acpi_id[0x0e] high edge lint[0x1])
Jan 13 01:10:37 ubuntu kernel: [    0.000000] ACPI: LAPIC_NMI (acpi_id[0x0f] high edge lint[0x1])
Jan 13 01:10:37 ubuntu kernel: [    0.000000] ACPI: LAPIC_NMI (acpi_id[0x10] high edge lint[0x1])
Jan 13 01:10:37 ubuntu kernel: [    0.000000] ACPI: LAPIC_NMI (acpi_id[0x11] high edge lint[0x1])
Jan 13 01:10:37 ubuntu kernel: [    0.000000] ACPI: LAPIC_NMI (acpi_id[0x12] high edge lint[0x1])
Jan 13 01:10:37 ubuntu kernel: [    0.000000] ACPI: LAPIC_NMI (acpi_id[0x13] high edge lint[0x1])
Jan 13 01:10:37 ubuntu kernel: [    0.000000] ACPI: LAPIC_NMI (acpi_id[0x14] high edge lint[0x1])
Jan 13 01:10:37 ubuntu kernel: [    0.000000] ACPI: LAPIC_NMI (acpi_id[0x15] high edge lint[0x1])
Jan 13 01:10:37 ubuntu kernel: [    0.000000] ACPI: LAPIC_NMI (acpi_id[0x16] high edge lint[0x1])
Jan 13 01:10:37 ubuntu kernel: [    0.000000] ACPI: LAPIC_NMI (acpi_id[0x17] high edge lint[0x1])
Jan 13 01:10:37 ubuntu kernel: [    0.000000] ACPI: LAPIC_NMI (acpi_id[0x18] high edge lint[0x1])
Jan 13 01:10:37 ubuntu kernel: [    0.000000] ACPI: LAPIC_NMI (acpi_id[0x19] high edge lint[0x1])
Jan 13 01:10:37 ubuntu kernel: [    0.000000] ACPI: LAPIC_NMI (acpi_id[0x1a] high edge lint[0x1])
Jan 13 01:10:37 ubuntu kernel: [    0.000000] ACPI: LAPIC_NMI (acpi_id[0x1b] high edge lint[0x1])
Jan 13 01:10:37 ubuntu kernel: [    0.000000] ACPI: LAPIC_NMI (acpi_id[0x1c] high edge lint[0x1])
Jan 13 01:10:37 ubuntu kernel: [    0.000000] ACPI: LAPIC_NMI (acpi_id[0x1d] high edge lint[0x1])
Jan 13 01:10:37 ubuntu kernel: [    0.000000] ACPI: LAPIC_NMI (acpi_id[0x1e] high edge lint[0x1])
Jan 13 01:10:37 ubuntu kernel: [    0.000000] ACPI: LAPIC_NMI (acpi_id[0x1f] high edge lint[0x1])
Jan 13 01:10:37 ubuntu kernel: [    0.000000] ACPI: LAPIC_NMI (acpi_id[0x20] high edge lint[0x1])
Jan 13 01:10:37 ubuntu kernel: [    0.000000] ACPI: LAPIC_NMI (acpi_id[0x21] high edge lint[0x1])
Jan 13 01:10:37 ubuntu kernel: [    0.000000] ACPI: LAPIC_NMI (acpi_id[0x22] high edge lint[0x1])
Jan 13 01:10:37 ubuntu kernel: [    0.000000] ACPI: LAPIC_NMI (acpi_id[0x23] high edge lint[0x1])
Jan 13 01:10:37 ubuntu kernel: [    0.000000] ACPI: LAPIC_NMI (acpi_id[0x24] high edge lint[0x1])
Jan 13 01:10:37 ubuntu kernel: [    0.000000] ACPI: LAPIC_NMI (acpi_id[0x25] high edge lint[0x1])
Jan 13 01:10:37 ubuntu kernel: [    0.000000] ACPI: LAPIC_NMI (acpi_id[0x26] high edge lint[0x1])
Jan 13 01:10:37 ubuntu kernel: [    0.000000] ACPI: LAPIC_NMI (acpi_id[0x27] high edge lint[0x1])
Jan 13 01:10:37 ubuntu kernel: [    0.000000] ACPI: LAPIC_NMI (acpi_id[0x28] high edge lint[0x1])
Jan 13 01:10:37 ubuntu kernel: [    0.000000] ACPI: LAPIC_NMI (acpi_id[0x29] high edge lint[0x1])
Jan 13 01:10:37 ubuntu kernel: [    0.000000] ACPI: LAPIC_NMI (acpi_id[0x2a] high edge lint[0x1])
Jan 13 01:10:37 ubuntu kernel: [    0.000000] ACPI: LAPIC_NMI (acpi_id[0x2b] high edge lint[0x1])
Jan 13 01:10:37 ubuntu kernel: [    0.000000] ACPI: LAPIC_NMI (acpi_id[0x2c] high edge lint[0x1])
Jan 13 01:10:37 ubuntu kernel: [    0.000000] ACPI: LAPIC_NMI (acpi_id[0x2d] high edge lint[0x1])
Jan 13 01:10:37 ubuntu kernel: [    0.000000] ACPI: LAPIC_NMI (acpi_id[0x2e] high edge lint[0x1])
Jan 13 01:10:37 ubuntu kernel: [    0.000000] ACPI: LAPIC_NMI (acpi_id[0x2f] high edge lint[0x1])
Jan 13 01:10:37 ubuntu kernel: [    0.000000] ACPI: LAPIC_NMI (acpi_id[0x30] high edge lint[0x1])
Jan 13 01:10:37 ubuntu kernel: [    0.000000] ACPI: LAPIC_NMI (acpi_id[0x31] high edge lint[0x1])
Jan 13 01:10:37 ubuntu kernel: [    0.000000] ACPI: LAPIC_NMI (acpi_id[0x32] high edge lint[0x1])
Jan 13 01:10:37 ubuntu kernel: [    0.000000] ACPI: LAPIC_NMI (acpi_id[0x33] high edge lint[0x1])
Jan 13 01:10:37 ubuntu kernel: [    0.000000] ACPI: LAPIC_NMI (acpi_id[0x34] high edge lint[0x1])
Jan 13 01:10:37 ubuntu kernel: [    0.000000] ACPI: LAPIC_NMI (acpi_id[0x35] high edge lint[0x1])
Jan 13 01:10:37 ubuntu kernel: [    0.000000] ACPI: LAPIC_NMI (acpi_id[0x36] high edge lint[0x1])
Jan 13 01:10:37 ubuntu kernel: [    0.000000] ACPI: LAPIC_NMI (acpi_id[0x37] high edge lint[0x1])
Jan 13 01:10:37 ubuntu kernel: [    0.000000] ACPI: LAPIC_NMI (acpi_id[0x38] high edge lint[0x1])
Jan 13 01:10:37 ubuntu kernel: [    0.000000] ACPI: LAPIC_NMI (acpi_id[0x39] high edge lint[0x1])
Jan 13 01:10:37 ubuntu kernel: [    0.000000] ACPI: LAPIC_NMI (acpi_id[0x3a] high edge lint[0x1])
Jan 13 01:10:37 ubuntu kernel: [    0.000000] ACPI: LAPIC_NMI (acpi_id[0x3b] high edge lint[0x1])
Jan 13 01:10:37 ubuntu kernel: [    0.000000] ACPI: LAPIC_NMI (acpi_id[0x3c] high edge lint[0x1])
Jan 13 01:10:37 ubuntu kernel: [    0.000000] ACPI: LAPIC_NMI (acpi_id[0x3d] high edge lint[0x1])
Jan 13 01:10:37 ubuntu kernel: [    0.000000] ACPI: LAPIC_NMI (acpi_id[0x3e] high edge lint[0x1])
Jan 13 01:10:37 ubuntu kernel: [    0.000000] ACPI: LAPIC_NMI (acpi_id[0x3f] high edge lint[0x1])
Jan 13 01:10:37 ubuntu kernel: [    0.000000] ACPI: IOAPIC (id[0x01] address[0xfec00000] gsi_base[0])
Jan 13 01:10:37 ubuntu kernel: [    0.000000] IOAPIC[0]: apic_id 1, version 17, address 0xfec00000, GSI 0-23
Jan 13 01:10:37 ubuntu kernel: [    0.000000] ACPI: INT_SRC_OVR (bus 0 bus_irq 0 global_irq 2 high edge)
Jan 13 01:10:37 ubuntu kernel: [    0.000000] ACPI: IRQ0 used by override.
Jan 13 01:10:37 ubuntu kernel: [    0.000000] ACPI: IRQ2 used by override.
Jan 13 01:10:37 ubuntu kernel: [    0.000000] ACPI: IRQ9 used by override.
Jan 13 01:10:37 ubuntu kernel: [    0.000000] Using ACPI (MADT) for SMP configuration information
Jan 13 01:10:37 ubuntu kernel: [    0.000000] ACPI: HPET id: 0x8086af01 base: 0xfed00000
Jan 13 01:10:37 ubuntu kernel: [    0.000000] 64 Processors exceeds NR_CPUS limit of 8
Jan 13 01:10:37 ubuntu kernel: [    0.000000] SMP: Allowing 8 CPUs, 7 hotplug CPUs
Jan 13 01:10:37 ubuntu kernel: [    0.000000] nr_irqs_gsi: 40
Jan 13 01:10:37 ubuntu kernel: [    0.000000] PM: Registered nosave memory: 000000000009f000 - 00000000000a0000
Jan 13 01:10:37 ubuntu kernel: [    0.000000] PM: Registered nosave memory: 00000000000a0000 - 00000000000ca000
Jan 13 01:10:37 ubuntu kernel: [    0.000000] PM: Registered nosave memory: 00000000000ca000 - 00000000000cc000
Jan 13 01:10:37 ubuntu kernel: [    0.000000] PM: Registered nosave memory: 00000000000cc000 - 00000000000dc000
Jan 13 01:10:37 ubuntu kernel: [    0.000000] PM: Registered nosave memory: 00000000000dc000 - 0000000000100000
Jan 13 01:10:37 ubuntu kernel: [    0.000000] Allocating PCI resources starting at 40000000 (gap: 40000000:b0000000)
Jan 13 01:10:37 ubuntu kernel: [    0.000000] Booting paravirtualized kernel on bare hardware
Jan 13 01:10:37 ubuntu kernel: [    0.000000] setup_percpu: NR_CPUS:8 nr_cpumask_bits:8 nr_cpu_ids:8 nr_node_ids:1
Jan 13 01:10:37 ubuntu kernel: [    0.000000] PERCPU: Embedded 14 pages/cpu @f7386000 s34240 r0 d23104 u57344
Jan 13 01:10:37 ubuntu kernel: [    0.000000] pcpu-alloc: s34240 r0 d23104 u57344 alloc=14*4096
Jan 13 01:10:37 ubuntu kernel: [    0.000000] pcpu-alloc: [0] 0 [0] 1 [0] 2 [0] 3 [0] 4 [0] 5 [0] 6 [0] 7 
Jan 13 01:10:37 ubuntu kernel: [    0.000000] Built 1 zonelists in Zone order, mobility grouping on.  Total pages: 259950
Jan 13 01:10:37 ubuntu kernel: [    0.000000] Kernel command line: BOOT_IMAGE=/boot/vmlinuz-3.2.0-29-generic-pae root=UUID=5cea81df-a890-4174-a67b-d5e26293dbb8 ro quiet splash
Jan 13 01:10:37 ubuntu kernel: [    0.000000] PID hash table entries: 4096 (order: 2, 16384 bytes)
Jan 13 01:10:37 ubuntu kernel: [    0.000000] Dentry cache hash table entries: 131072 (order: 7, 524288 bytes)
Jan 13 01:10:37 ubuntu kernel: [    0.000000] Inode-cache hash table entries: 65536 (order: 6, 262144 bytes)
Jan 13 01:10:37 ubuntu kernel: [    0.000000] Initializing CPU#0
Jan 13 01:10:37 ubuntu kernel: [    0.000000] xsave/xrstor: enabled xstate_bv 0x7, cntxt size 0x340
Jan 13 01:10:37 ubuntu kernel: [    0.000000] allocated 4194048 bytes of page_cgroup
Jan 13 01:10:37 ubuntu kernel: [    0.000000] please try 'cgroup_disable=memory' option if you don't want memory cgroups
Jan 13 01:10:37 ubuntu kernel: [    0.000000] Initializing HighMem for node 0 (00037bfe:00040000)
Jan 13 01:10:37 ubuntu kernel: [    0.000000] Memory: 1010248k/1048576k available (5814k kernel code, 37748k reserved, 2841k data, 740k init, 135048k highmem)
Jan 13 01:10:37 ubuntu kernel: [    0.000000] virtual kernel memory layout:
Jan 13 01:10:37 ubuntu kernel: [    0.000000]     fixmap  : 0xfff16000 - 0xfffff000   ( 932 kB)
Jan 13 01:10:37 ubuntu kernel: [    0.000000]     pkmap   : 0xffc00000 - 0xffe00000   (2048 kB)
Jan 13 01:10:37 ubuntu kernel: [    0.000000]     vmalloc : 0xf83fe000 - 0xffbfe000   ( 120 MB)
Jan 13 01:10:37 ubuntu kernel: [    0.000000]     lowmem  : 0xc0000000 - 0xf7bfe000   ( 891 MB)
Jan 13 01:10:37 ubuntu kernel: [    0.000000]       .init : 0xc1875000 - 0xc192e000   ( 740 kB)
Jan 13 01:10:37 ubuntu kernel: [    0.000000]       .data : 0xc15adb64 - 0xc1874240   (2841 kB)
Jan 13 01:10:37 ubuntu kernel: [    0.000000]       .text : 0xc1000000 - 0xc15adb64   (5814 kB)
Jan 13 01:10:37 ubuntu kernel: [    0.000000] Checking if this processor honours the WP bit even in supervisor mode...Ok.
Jan 13 01:10:37 ubuntu kernel: [    0.000000] SLUB: Genslabs=15, HWalign=64, Order=0-3, MinObjects=0, CPUs=8, Nodes=1
Jan 13 01:10:37 ubuntu kernel: [    0.000000] Hierarchical RCU implementation.
Jan 13 01:10:37 ubuntu kernel: [    0.000000] 	RCU dyntick-idle grace-period acceleration is enabled.
Jan 13 01:10:37 ubuntu kernel: [    0.000000] NR_IRQS:2304 nr_irqs:744 16
Jan 13 01:10:37 ubuntu kernel: [    0.000000] CPU 0 irqstacks, hard=f5c0a000 soft=f5c0c000
Jan 13 01:10:37 ubuntu kernel: [    0.000000] Extended CMOS year: 2000
Jan 13 01:10:37 ubuntu kernel: [    0.000000] Console: colour VGA+ 80x25
Jan 13 01:10:37 ubuntu kernel: [    0.000000] console [tty0] enabled
Jan 13 01:10:37 ubuntu kernel: [    0.000000] hpet clockevent registered
Jan 13 01:10:37 ubuntu kernel: [    0.000000] TSC freq read from hypervisor : 3399.059 MHz
Jan 13 01:10:37 ubuntu kernel: [    0.000000] Detected 3399.059 MHz processor.
Jan 13 01:10:37 ubuntu kernel: [    0.000001] Calibrating delay loop (skipped) preset value.. 6798.11 BogoMIPS (lpj=13596236)
Jan 13 01:10:37 ubuntu kernel: [    0.000003] pid_max: default: 32768 minimum: 301
Jan 13 01:10:37 ubuntu kernel: [    0.000014] Security Framework initialized
Jan 13 01:10:37 ubuntu kernel: [    0.000023] AppArmor: AppArmor initialized
Jan 13 01:10:37 ubuntu kernel: [    0.000023] Yama: becoming mindful.
Jan 13 01:10:37 ubuntu kernel: [    0.000048] Mount-cache hash table entries: 512
Jan 13 01:10:37 ubuntu kernel: [    0.000200] Initializing cgroup subsys cpuacct
Jan 13 01:10:37 ubuntu kernel: [    0.000203] Initializing cgroup subsys memory
Jan 13 01:10:37 ubuntu kernel: [    0.000206] Initializing cgroup subsys devices
Jan 13 01:10:37 ubuntu kernel: [    0.000207] Initializing cgroup subsys freezer
Jan 13 01:10:37 ubuntu kernel: [    0.000208] Initializing cgroup subsys blkio
Jan 13 01:10:37 ubuntu kernel: [    0.000211] Initializing cgroup subsys perf_event
Jan 13 01:10:37 ubuntu kernel: [    0.000244] Disabled fast string operations
Jan 13 01:10:37 ubuntu kernel: [    0.000246] CPU: Physical Processor ID: 0
Jan 13 01:10:37 ubuntu kernel: [    0.000251] ENERGY_PERF_BIAS: Set to 'normal', was 'performance'
Jan 13 01:10:37 ubuntu kernel: [    0.000251] ENERGY_PERF_BIAS: View and update with x86_energy_perf_policy(8)
Jan 13 01:10:37 ubuntu kernel: [    0.001691] mce: CPU supports 0 MCE banks
Jan 13 01:10:37 ubuntu kernel: [    0.002096] SMP alternatives: switching to UP code
Jan 13 01:10:37 ubuntu kernel: [    0.012465] ACPI: Core revision 20110623
Jan 13 01:10:37 ubuntu kernel: [    0.018584] ftrace: allocating 26545 entries in 52 pages
Jan 13 01:10:37 ubuntu kernel: [    0.030166] Enabling APIC mode:  Flat.  Using 1 I/O APICs
Jan 13 01:10:37 ubuntu kernel: [    0.030549] ..TIMER: vector=0x30 apic1=0 pin1=2 apic2=-1 pin2=-1
Jan 13 01:10:37 ubuntu kernel: [    0.070453] CPU0: Intel(R) Core(TM) i5-4670 CPU @ 3.40GHz stepping 03
Jan 13 01:10:37 ubuntu kernel: [    0.175857] Performance Events: generic architected perfmon v1, core PMU driver.
Jan 13 01:10:37 ubuntu kernel: [    0.175866] ... version:                1
Jan 13 01:10:37 ubuntu kernel: [    0.175867] ... bit width:              48
Jan 13 01:10:37 ubuntu kernel: [    0.175868] ... generic registers:      8
Jan 13 01:10:37 ubuntu kernel: [    0.175868] ... value mask:             0000ffffffffffff
Jan 13 01:10:37 ubuntu kernel: [    0.175869] ... max period:             000000007fffffff
Jan 13 01:10:37 ubuntu kernel: [    0.175870] ... fixed-purpose events:   0
Jan 13 01:10:37 ubuntu kernel: [    0.175870] ... event mask:             00000000000000ff
Jan 13 01:10:37 ubuntu kernel: [    0.175932] NMI watchdog enabled, takes one hw-pmu counter.
Jan 13 01:10:37 ubuntu kernel: [    0.175957] Brought up 1 CPUs
Jan 13 01:10:37 ubuntu kernel: [    0.175959] Total of 1 processors activated (6798.11 BogoMIPS).
Jan 13 01:10:37 ubuntu kernel: [    0.176065] x86 PAT enabled: cpu 0, old 0x0, new 0x7010600070106
Jan 13 01:10:37 ubuntu kernel: [    0.176141] devtmpfs: initialized
Jan 13 01:10:37 ubuntu kernel: [    0.176195] EVM: security.selinux
Jan 13 01:10:37 ubuntu kernel: [    0.176196] EVM: security.SMACK64
Jan 13 01:10:37 ubuntu kernel: [    0.176197] EVM: security.capability
Jan 13 01:10:37 ubuntu kernel: [    0.176207] PM: Registering ACPI NVS region at 3feff000 (4096 bytes)
Jan 13 01:10:37 ubuntu kernel: [    0.176739] print_constraints: dummy: 
Jan 13 01:10:37 ubuntu kernel: [    0.176786] RTC time: 16:10:33, date: 01/12/15
Jan 13 01:10:37 ubuntu kernel: [    0.176831] NET: Registered protocol family 16
Jan 13 01:10:37 ubuntu kernel: [    0.176880] EISA bus registered
Jan 13 01:10:37 ubuntu kernel: [    0.176888] ACPI: bus type pci registered
Jan 13 01:10:37 ubuntu kernel: [    0.177000] PCI: MMCONFIG for domain 0000 [bus 00-7f] at [mem 0xf0000000-0xf7ffffff] (base 0xf0000000)
Jan 13 01:10:37 ubuntu kernel: [    0.177002] PCI: MMCONFIG at [mem 0xf0000000-0xf7ffffff] reserved in E820
Jan 13 01:10:37 ubuntu kernel: [    0.177003] PCI: Using MMCONFIG for extended config space
Jan 13 01:10:37 ubuntu kernel: [    0.177003] PCI: Using configuration type 1 for base access
Jan 13 01:10:37 ubuntu kernel: [    0.177487] bio: create slab <bio-0> at 0
Jan 13 01:10:37 ubuntu kernel: [    0.177524] ACPI: Added _OSI(Module Device)
Jan 13 01:10:37 ubuntu kernel: [    0.177525] ACPI: Added _OSI(Processor Device)
Jan 13 01:10:37 ubuntu kernel: [    0.177525] ACPI: Added _OSI(3.0 _SCP Extensions)
Jan 13 01:10:37 ubuntu kernel: [    0.177526] ACPI: Added _OSI(Processor Aggregator Device)
Jan 13 01:10:37 ubuntu kernel: [    0.179096] ACPI: EC: Look up EC in DSDT
Jan 13 01:10:37 ubuntu kernel: [    0.182406] [Firmware Bug]: ACPI: BIOS _OSI(Linux) query ignored
Jan 13 01:10:37 ubuntu kernel: [    0.186002] ACPI: Interpreter enabled
Jan 13 01:10:37 ubuntu kernel: [    0.186007] ACPI: (supports S0 S1 S4 S5)
Jan 13 01:10:37 ubuntu kernel: [    0.186014] ACPI: Using IOAPIC for interrupt routing
Jan 13 01:10:37 ubuntu kernel: [    0.204655] ACPI: No dock devices found.
Jan 13 01:10:37 ubuntu kernel: [    0.204656] HEST: Table not found.
Jan 13 01:10:37 ubuntu kernel: [    0.204659] PCI: Using host bridge windows from ACPI; if necessary, use "pci=nocrs" and report a bug
Jan 13 01:10:37 ubuntu kernel: [    0.205070] ACPI: PCI Root Bridge [PCI0] (domain 0000 [bus 00-7f])
Jan 13 01:10:37 ubuntu kernel: [    0.205828] pci_root PNP0A03:00: host bridge window [mem 0x000a0000-0x000bffff]
Jan 13 01:10:37 ubuntu kernel: [    0.205829] pci_root PNP0A03:00: host bridge window [mem 0x000cc000-0x000cffff]
Jan 13 01:10:37 ubuntu kernel: [    0.205830] pci_root PNP0A03:00: host bridge window [mem 0x000d0000-0x000d3fff]
Jan 13 01:10:37 ubuntu kernel: [    0.205831] pci_root PNP0A03:00: host bridge window [mem 0x000d4000-0x000d7fff]
Jan 13 01:10:37 ubuntu kernel: [    0.205831] pci_root PNP0A03:00: host bridge window [mem 0x000d8000-0x000dbfff]
Jan 13 01:10:37 ubuntu kernel: [    0.205833] pci_root PNP0A03:00: host bridge window [mem 0xc0000000-0xfebfffff]
Jan 13 01:10:37 ubuntu kernel: [    0.205834] pci_root PNP0A03:00: host bridge window [io  0x0000-0x0cf7]
Jan 13 01:10:37 ubuntu kernel: [    0.205835] pci_root PNP0A03:00: host bridge window [io  0x0d00-0xfeff]
Jan 13 01:10:37 ubuntu kernel: [    0.205870] pci 0000:00:00.0: [8086:7190] type 0 class 0x000600
Jan 13 01:10:37 ubuntu kernel: [    0.206146] pci 0000:00:01.0: [8086:7191] type 1 class 0x000604
Jan 13 01:10:37 ubuntu kernel: [    0.206426] pci 0000:00:07.0: [8086:7110] type 0 class 0x000601
Jan 13 01:10:37 ubuntu kernel: [    0.206801] pci 0000:00:07.1: [8086:7111] type 0 class 0x000101
Jan 13 01:10:37 ubuntu kernel: [    0.207791] pci 0000:00:07.1: reg 20: [io  0x1060-0x106f]
Jan 13 01:10:37 ubuntu kernel: [    0.208253] pci 0000:00:07.3: [8086:7113] type 0 class 0x000680
Jan 13 01:10:37 ubuntu kernel: [    0.219528] pci 0000:00:07.3: quirk: [io  0x1000-0x103f] claimed by PIIX4 ACPI
Jan 13 01:10:37 ubuntu kernel: [    0.219537] pci 0000:00:07.3: quirk: [io  0x1040-0x104f] claimed by PIIX4 SMB
Jan 13 01:10:37 ubuntu kernel: [    0.219678] pci 0000:00:07.7: [15ad:0740] type 0 class 0x000880
Jan 13 01:10:37 ubuntu kernel: [    0.219989] pci 0000:00:07.7: reg 10: [io  0x1080-0x10bf]
Jan 13 01:10:37 ubuntu kernel: [    0.220393] pci 0000:00:07.7: reg 14: [mem 0xfebfe000-0xfebfffff 64bit]
Jan 13 01:10:37 ubuntu kernel: [    0.221742] pci 0000:00:0f.0: [15ad:0405] type 0 class 0x000300
Jan 13 01:10:37 ubuntu kernel: [    0.222632] pci 0000:00:0f.0: reg 10: [io  0x1070-0x107f]
Jan 13 01:10:37 ubuntu kernel: [    0.223468] pci 0000:00:0f.0: reg 14: [mem 0xe8000000-0xefffffff pref]
Jan 13 01:10:37 ubuntu kernel: [    0.224252] pci 0000:00:0f.0: reg 18: [mem 0xfe000000-0xfe7fffff]
Jan 13 01:10:37 ubuntu kernel: [    0.227515] pci 0000:00:0f.0: reg 30: [mem 0x00000000-0x00007fff pref]
Jan 13 01:10:37 ubuntu kernel: [    0.227694] pci 0000:00:10.0: [1000:0030] type 0 class 0x000100
Jan 13 01:10:37 ubuntu kernel: [    0.228050] pci 0000:00:10.0: reg 10: [io  0x1400-0x14ff]
Jan 13 01:10:37 ubuntu kernel: [    0.228545] pci 0000:00:10.0: reg 14: [mem 0xfeba0000-0xfebbffff 64bit]
Jan 13 01:10:37 ubuntu kernel: [    0.228995] pci 0000:00:10.0: reg 1c: [mem 0xfebc0000-0xfebdffff 64bit]
Jan 13 01:10:37 ubuntu kernel: [    0.229690] pci 0000:00:10.0: reg 30: [mem 0x00000000-0x00003fff pref]
Jan 13 01:10:37 ubuntu kernel: [    0.229783] pci 0000:00:11.0: [15ad:0790] type 1 class 0x000604
Jan 13 01:10:37 ubuntu kernel: [    0.230195] pci 0000:00:15.0: [15ad:07a0] type 1 class 0x000604
Jan 13 01:10:37 ubuntu kernel: [    0.230668] pci 0000:00:15.0: PME# supported from D0 D3hot D3cold
Jan 13 01:10:37 ubuntu kernel: [    0.230681] pci 0000:00:15.0: PME# disabled
Jan 13 01:10:37 ubuntu kernel: [    0.230830] pci 0000:00:15.1: [15ad:07a0] type 1 class 0x000604
Jan 13 01:10:37 ubuntu kernel: [    0.231279] pci 0000:00:15.1: PME# supported from D0 D3hot D3cold
Jan 13 01:10:37 ubuntu kernel: [    0.231293] pci 0000:00:15.1: PME# disabled
Jan 13 01:10:37 ubuntu kernel: [    0.231457] pci 0000:00:15.2: [15ad:07a0] type 1 class 0x000604
Jan 13 01:10:37 ubuntu kernel: [    0.231900] pci 0000:00:15.2: PME# supported from D0 D3hot D3cold
Jan 13 01:10:37 ubuntu kernel: [    0.231913] pci 0000:00:15.2: PME# disabled
Jan 13 01:10:37 ubuntu kernel: [    0.232052] pci 0000:00:15.3: [15ad:07a0] type 1 class 0x000604
Jan 13 01:10:37 ubuntu kernel: [    0.232531] pci 0000:00:15.3: PME# supported from D0 D3hot D3cold
Jan 13 01:10:37 ubuntu kernel: [    0.232545] pci 0000:00:15.3: PME# disabled
Jan 13 01:10:37 ubuntu kernel: [    0.232680] pci 0000:00:15.4: [15ad:07a0] type 1 class 0x000604
Jan 13 01:10:37 ubuntu kernel: [    0.233112] pci 0000:00:15.4: PME# supported from D0 D3hot D3cold
Jan 13 01:10:37 ubuntu kernel: [    0.233125] pci 0000:00:15.4: PME# disabled
Jan 13 01:10:37 ubuntu kernel: [    0.233261] pci 0000:00:15.5: [15ad:07a0] type 1 class 0x000604
Jan 13 01:10:37 ubuntu kernel: [    0.233729] pci 0000:00:15.5: PME# supported from D0 D3hot D3cold
Jan 13 01:10:37 ubuntu kernel: [    0.233742] pci 0000:00:15.5: PME# disabled
Jan 13 01:10:37 ubuntu kernel: [    0.233877] pci 0000:00:15.6: [15ad:07a0] type 1 class 0x000604
Jan 13 01:10:37 ubuntu kernel: [    0.234333] pci 0000:00:15.6: PME# supported from D0 D3hot D3cold
Jan 13 01:10:37 ubuntu kernel: [    0.234346] pci 0000:00:15.6: PME# disabled
Jan 13 01:10:37 ubuntu kernel: [    0.234481] pci 0000:00:15.7: [15ad:07a0] type 1 class 0x000604
Jan 13 01:10:37 ubuntu kernel: [    0.234918] pci 0000:00:15.7: PME# supported from D0 D3hot D3cold
Jan 13 01:10:37 ubuntu kernel: [    0.234931] pci 0000:00:15.7: PME# disabled
Jan 13 01:10:37 ubuntu kernel: [    0.235066] pci 0000:00:16.0: [15ad:07a0] type 1 class 0x000604
Jan 13 01:10:37 ubuntu kernel: [    0.235532] pci 0000:00:16.0: PME# supported from D0 D3hot D3cold
Jan 13 01:10:37 ubuntu kernel: [    0.235545] pci 0000:00:16.0: PME# disabled
Jan 13 01:10:37 ubuntu kernel: [    0.235680] pci 0000:00:16.1: [15ad:07a0] type 1 class 0x000604
Jan 13 01:10:37 ubuntu kernel: [    0.236112] pci 0000:00:16.1: PME# supported from D0 D3hot D3cold
Jan 13 01:10:37 ubuntu kernel: [    0.236125] pci 0000:00:16.1: PME# disabled
Jan 13 01:10:37 ubuntu kernel: [    0.236260] pci 0000:00:16.2: [15ad:07a0] type 1 class 0x000604
Jan 13 01:10:37 ubuntu kernel: [    0.236716] pci 0000:00:16.2: PME# supported from D0 D3hot D3cold
Jan 13 01:10:37 ubuntu kernel: [    0.236729] pci 0000:00:16.2: PME# disabled
Jan 13 01:10:37 ubuntu kernel: [    0.236865] pci 0000:00:16.3: [15ad:07a0] type 1 class 0x000604
Jan 13 01:10:37 ubuntu kernel: [    0.237331] pci 0000:00:16.3: PME# supported from D0 D3hot D3cold
Jan 13 01:10:37 ubuntu kernel: [    0.237344] pci 0000:00:16.3: PME# disabled
Jan 13 01:10:37 ubuntu kernel: [    0.237483] pci 0000:00:16.4: [15ad:07a0] type 1 class 0x000604
Jan 13 01:10:37 ubuntu kernel: [    0.237926] pci 0000:00:16.4: PME# supported from D0 D3hot D3cold
Jan 13 01:10:37 ubuntu kernel: [    0.237939] pci 0000:00:16.4: PME# disabled
Jan 13 01:10:37 ubuntu kernel: [    0.238078] pci 0000:00:16.5: [15ad:07a0] type 1 class 0x000604
Jan 13 01:10:37 ubuntu kernel: [    0.238577] pci 0000:00:16.5: PME# supported from D0 D3hot D3cold
Jan 13 01:10:37 ubuntu kernel: [    0.238590] pci 0000:00:16.5: PME# disabled
Jan 13 01:10:37 ubuntu kernel: [    0.238725] pci 0000:00:16.6: [15ad:07a0] type 1 class 0x000604
Jan 13 01:10:37 ubuntu kernel: [    0.239161] pci 0000:00:16.6: PME# supported from D0 D3hot D3cold
Jan 13 01:10:37 ubuntu kernel: [    0.239174] pci 0000:00:16.6: PME# disabled
Jan 13 01:10:37 ubuntu kernel: [    0.239330] pci 0000:00:16.7: [15ad:07a0] type 1 class 0x000604
Jan 13 01:10:37 ubuntu kernel: [    0.239761] pci 0000:00:16.7: PME# supported from D0 D3hot D3cold
Jan 13 01:10:37 ubuntu kernel: [    0.239774] pci 0000:00:16.7: PME# disabled
Jan 13 01:10:37 ubuntu kernel: [    0.239909] pci 0000:00:17.0: [15ad:07a0] type 1 class 0x000604
Jan 13 01:10:37 ubuntu kernel: [    0.240365] pci 0000:00:17.0: PME# supported from D0 D3hot D3cold
Jan 13 01:10:37 ubuntu kernel: [    0.240378] pci 0000:00:17.0: PME# disabled
Jan 13 01:10:37 ubuntu kernel: [    0.240513] pci 0000:00:17.1: [15ad:07a0] type 1 class 0x000604
Jan 13 01:10:37 ubuntu kernel: [    0.240944] pci 0000:00:17.1: PME# supported from D0 D3hot D3cold
Jan 13 01:10:37 ubuntu kernel: [    0.240957] pci 0000:00:17.1: PME# disabled
Jan 13 01:10:37 ubuntu kernel: [    0.241092] pci 0000:00:17.2: [15ad:07a0] type 1 class 0x000604
Jan 13 01:10:37 ubuntu kernel: [    0.241548] pci 0000:00:17.2: PME# supported from D0 D3hot D3cold
Jan 13 01:10:37 ubuntu kernel: [    0.241561] pci 0000:00:17.2: PME# disabled
Jan 13 01:10:37 ubuntu kernel: [    0.241696] pci 0000:00:17.3: [15ad:07a0] type 1 class 0x000604
Jan 13 01:10:37 ubuntu kernel: [    0.242127] pci 0000:00:17.3: PME# supported from D0 D3hot D3cold
Jan 13 01:10:37 ubuntu kernel: [    0.242140] pci 0000:00:17.3: PME# disabled
Jan 13 01:10:37 ubuntu kernel: [    0.242290] pci 0000:00:17.4: [15ad:07a0] type 1 class 0x000604
Jan 13 01:10:37 ubuntu kernel: [    0.242733] pci 0000:00:17.4: PME# supported from D0 D3hot D3cold
Jan 13 01:10:37 ubuntu kernel: [    0.242746] pci 0000:00:17.4: PME# disabled
Jan 13 01:10:37 ubuntu kernel: [    0.242891] pci 0000:00:17.5: [15ad:07a0] type 1 class 0x000604
Jan 13 01:10:37 ubuntu kernel: [    0.243360] pci 0000:00:17.5: PME# supported from D0 D3hot D3cold
Jan 13 01:10:37 ubuntu kernel: [    0.243373] pci 0000:00:17.5: PME# disabled
Jan 13 01:10:37 ubuntu kernel: [    0.243509] pci 0000:00:17.6: [15ad:07a0] type 1 class 0x000604
Jan 13 01:10:37 ubuntu kernel: [    0.243939] pci 0000:00:17.6: PME# supported from D0 D3hot D3cold
Jan 13 01:10:37 ubuntu kernel: [    0.243952] pci 0000:00:17.6: PME# disabled
Jan 13 01:10:37 ubuntu kernel: [    0.244087] pci 0000:00:17.7: [15ad:07a0] type 1 class 0x000604
Jan 13 01:10:37 ubuntu kernel: [    0.244554] pci 0000:00:17.7: PME# supported from D0 D3hot D3cold
Jan 13 01:10:37 ubuntu kernel: [    0.244567] pci 0000:00:17.7: PME# disabled
Jan 13 01:10:37 ubuntu kernel: [    0.244702] pci 0000:00:18.0: [15ad:07a0] type 1 class 0x000604
Jan 13 01:10:37 ubuntu kernel: [    0.245133] pci 0000:00:18.0: PME# supported from D0 D3hot D3cold
Jan 13 01:10:37 ubuntu kernel: [    0.245147] pci 0000:00:18.0: PME# disabled
Jan 13 01:10:37 ubuntu kernel: [    0.245282] pci 0000:00:18.1: [15ad:07a0] type 1 class 0x000604
Jan 13 01:10:37 ubuntu kernel: [    0.245737] pci 0000:00:18.1: PME# supported from D0 D3hot D3cold
Jan 13 01:10:37 ubuntu kernel: [    0.245750] pci 0000:00:18.1: PME# disabled
Jan 13 01:10:37 ubuntu kernel: [    0.245885] pci 0000:00:18.2: [15ad:07a0] type 1 class 0x000604
Jan 13 01:10:37 ubuntu kernel: [    0.246351] pci 0000:00:18.2: PME# supported from D0 D3hot D3cold
Jan 13 01:10:37 ubuntu kernel: [    0.246364] pci 0000:00:18.2: PME# disabled
Jan 13 01:10:37 ubuntu kernel: [    0.246499] pci 0000:00:18.3: [15ad:07a0] type 1 class 0x000604
Jan 13 01:10:37 ubuntu kernel: [    0.246935] pci 0000:00:18.3: PME# supported from D0 D3hot D3cold
Jan 13 01:10:37 ubuntu kernel: [    0.246949] pci 0000:00:18.3: PME# disabled
Jan 13 01:10:37 ubuntu kernel: [    0.247085] pci 0000:00:18.4: [15ad:07a0] type 1 class 0x000604
Jan 13 01:10:37 ubuntu kernel: [    0.247541] pci 0000:00:18.4: PME# supported from D0 D3hot D3cold
Jan 13 01:10:37 ubuntu kernel: [    0.247554] pci 0000:00:18.4: PME# disabled
Jan 13 01:10:37 ubuntu kernel: [    0.247689] pci 0000:00:18.5: [15ad:07a0] type 1 class 0x000604
Jan 13 01:10:37 ubuntu kernel: [    0.248120] pci 0000:00:18.5: PME# supported from D0 D3hot D3cold
Jan 13 01:10:37 ubuntu kernel: [    0.248133] pci 0000:00:18.5: PME# disabled
Jan 13 01:10:37 ubuntu kernel: [    0.248277] pci 0000:00:18.6: [15ad:07a0] type 1 class 0x000604
Jan 13 01:10:37 ubuntu kernel: [    0.248741] pci 0000:00:18.6: PME# supported from D0 D3hot D3cold
Jan 13 01:10:37 ubuntu kernel: [    0.248755] pci 0000:00:18.6: PME# disabled
Jan 13 01:10:37 ubuntu kernel: [    0.248894] pci 0000:00:18.7: [15ad:07a0] type 1 class 0x000604
Jan 13 01:10:37 ubuntu kernel: [    0.249378] pci 0000:00:18.7: PME# supported from D0 D3hot D3cold
Jan 13 01:10:37 ubuntu kernel: [    0.249391] pci 0000:00:18.7: PME# disabled
Jan 13 01:10:37 ubuntu kernel: [    0.249734] pci 0000:00:01.0: PCI bridge to [bus 01-01]
Jan 13 01:10:37 ubuntu kernel: [    0.249912] pci 0000:02:00.0: [15ad:0774] type 0 class 0x000c03
Jan 13 01:10:37 ubuntu kernel: [    0.250755] pci 0000:02:00.0: reg 20: [io  0x20c0-0x20df]
Jan 13 01:10:37 ubuntu kernel: [    0.251155] pci 0000:02:01.0: [1022:2000] type 0 class 0x000200
Jan 13 01:10:37 ubuntu kernel: [    0.251365] pci 0000:02:01.0: reg 10: [io  0x2000-0x207f]
Jan 13 01:10:37 ubuntu kernel: [    0.252365] pci 0000:02:01.0: reg 30: [mem 0x00000000-0x0000ffff pref]
Jan 13 01:10:37 ubuntu kernel: [    0.252439] pci 0000:02:02.0: [1274:1371] type 0 class 0x000401
Jan 13 01:10:37 ubuntu kernel: [    0.252643] pci 0000:02:02.0: reg 10: [io  0x2080-0x20bf]
Jan 13 01:10:37 ubuntu kernel: [    0.253853] pci 0000:02:03.0: [15ad:0770] type 0 class 0x000c03
Jan 13 01:10:37 ubuntu kernel: [    0.254013] pci 0000:02:03.0: reg 10: [mem 0xfd5ff000-0xfd5fffff]
Jan 13 01:10:37 ubuntu kernel: [    0.255070] pci 0000:00:11.0: PCI bridge to [bus 02-02] (subtractive decode)
Jan 13 01:10:37 ubuntu kernel: [    0.255084] pci 0000:00:11.0:   bridge window [io  0x2000-0x3fff]
Jan 13 01:10:37 ubuntu kernel: [    0.255097] pci 0000:00:11.0:   bridge window [mem 0xfd500000-0xfdffffff]
Jan 13 01:10:37 ubuntu kernel: [    0.255122] pci 0000:00:11.0:   bridge window [mem 0xe7b00000-0xe7ffffff 64bit pref]
Jan 13 01:10:37 ubuntu kernel: [    0.255123] pci 0000:00:11.0:   bridge window [mem 0x000a0000-0x000bffff] (subtractive decode)
Jan 13 01:10:37 ubuntu kernel: [    0.255124] pci 0000:00:11.0:   bridge window [mem 0x000cc000-0x000cffff] (subtractive decode)
Jan 13 01:10:37 ubuntu kernel: [    0.255125] pci 0000:00:11.0:   bridge window [mem 0x000d0000-0x000d3fff] (subtractive decode)
Jan 13 01:10:37 ubuntu kernel: [    0.255126] pci 0000:00:11.0:   bridge window [mem 0x000d4000-0x000d7fff] (subtractive decode)
Jan 13 01:10:37 ubuntu kernel: [    0.255127] pci 0000:00:11.0:   bridge window [mem 0x000d8000-0x000dbfff] (subtractive decode)
Jan 13 01:10:37 ubuntu kernel: [    0.255128] pci 0000:00:11.0:   bridge window [mem 0xc0000000-0xfebfffff] (subtractive decode)
Jan 13 01:10:37 ubuntu kernel: [    0.255129] pci 0000:00:11.0:   bridge window [io  0x0000-0x0cf7] (subtractive decode)
Jan 13 01:10:37 ubuntu kernel: [    0.255130] pci 0000:00:11.0:   bridge window [io  0x0d00-0xfeff] (subtractive decode)
Jan 13 01:10:37 ubuntu kernel: [    0.255424] pci 0000:00:15.0: PCI bridge to [bus 03-03]
Jan 13 01:10:37 ubuntu kernel: [    0.255437] pci 0000:00:15.0:   bridge window [io  0x4000-0x4fff]
Jan 13 01:10:37 ubuntu kernel: [    0.255451] pci 0000:00:15.0:   bridge window [mem 0xfd400000-0xfd4fffff]
Jan 13 01:10:37 ubuntu kernel: [    0.255476] pci 0000:00:15.0:   bridge window [mem 0xe7a00000-0xe7afffff 64bit pref]
Jan 13 01:10:37 ubuntu kernel: [    0.255774] pci 0000:00:15.1: PCI bridge to [bus 04-04]
Jan 13 01:10:37 ubuntu kernel: [    0.255787] pci 0000:00:15.1:   bridge window [io  0x8000-0x8fff]
Jan 13 01:10:37 ubuntu kernel: [    0.255800] pci 0000:00:15.1:   bridge window [mem 0xfd000000-0xfd0fffff]
Jan 13 01:10:37 ubuntu kernel: [    0.255824] pci 0000:00:15.1:   bridge window [mem 0xe7600000-0xe76fffff 64bit pref]
Jan 13 01:10:37 ubuntu kernel: [    0.256091] pci 0000:00:15.2: PCI bridge to [bus 05-05]
Jan 13 01:10:37 ubuntu kernel: [    0.256104] pci 0000:00:15.2:   bridge window [io  0xc000-0xcfff]
Jan 13 01:10:37 ubuntu kernel: [    0.256117] pci 0000:00:15.2:   bridge window [mem 0xfcc00000-0xfccfffff]
Jan 13 01:10:37 ubuntu kernel: [    0.256142] pci 0000:00:15.2:   bridge window [mem 0xe7200000-0xe72fffff 64bit pref]
Jan 13 01:10:37 ubuntu kernel: [    0.256433] pci 0000:00:15.3: PCI bridge to [bus 06-06]
Jan 13 01:10:37 ubuntu kernel: [    0.256458] pci 0000:00:15.3:   bridge window [mem 0xfc800000-0xfc8fffff]
Jan 13 01:10:37 ubuntu kernel: [    0.256482] pci 0000:00:15.3:   bridge window [mem 0xe6e00000-0xe6efffff 64bit pref]
Jan 13 01:10:37 ubuntu kernel: [    0.256748] pci 0000:00:15.4: PCI bridge to [bus 07-07]
Jan 13 01:10:37 ubuntu kernel: [    0.256772] pci 0000:00:15.4:   bridge window [mem 0xfc400000-0xfc4fffff]
Jan 13 01:10:37 ubuntu kernel: [    0.256797] pci 0000:00:15.4:   bridge window [mem 0xe6a00000-0xe6afffff 64bit pref]
Jan 13 01:10:37 ubuntu kernel: [    0.257062] pci 0000:00:15.5: PCI bridge to [bus 08-08]
Jan 13 01:10:37 ubuntu kernel: [    0.257086] pci 0000:00:15.5:   bridge window [mem 0xfc000000-0xfc0fffff]
Jan 13 01:10:37 ubuntu kernel: [    0.257111] pci 0000:00:15.5:   bridge window [mem 0xe6600000-0xe66fffff 64bit pref]
Jan 13 01:10:37 ubuntu kernel: [    0.257402] pci 0000:00:15.6: PCI bridge to [bus 09-09]
Jan 13 01:10:37 ubuntu kernel: [    0.257426] pci 0000:00:15.6:   bridge window [mem 0xfbc00000-0xfbcfffff]
Jan 13 01:10:37 ubuntu kernel: [    0.257451] pci 0000:00:15.6:   bridge window [mem 0xe6200000-0xe62fffff 64bit pref]
Jan 13 01:10:37 ubuntu kernel: [    0.257716] pci 0000:00:15.7: PCI bridge to [bus 0a-0a]
Jan 13 01:10:37 ubuntu kernel: [    0.257741] pci 0000:00:15.7:   bridge window [mem 0xfb800000-0xfb8fffff]
Jan 13 01:10:37 ubuntu kernel: [    0.257765] pci 0000:00:15.7:   bridge window [mem 0xe5e00000-0xe5efffff 64bit pref]
Jan 13 01:10:37 ubuntu kernel: [    0.258031] pci 0000:00:16.0: PCI bridge to [bus 0b-0b]
Jan 13 01:10:37 ubuntu kernel: [    0.258043] pci 0000:00:16.0:   bridge window [io  0x5000-0x5fff]
Jan 13 01:10:37 ubuntu kernel: [    0.258056] pci 0000:00:16.0:   bridge window [mem 0xfd300000-0xfd3fffff]
Jan 13 01:10:37 ubuntu kernel: [    0.258081] pci 0000:00:16.0:   bridge window [mem 0xe7900000-0xe79fffff 64bit pref]
Jan 13 01:10:37 ubuntu kernel: [    0.258429] pci 0000:00:16.1: PCI bridge to [bus 0c-0c]
Jan 13 01:10:37 ubuntu kernel: [    0.258442] pci 0000:00:16.1:   bridge window [io  0x9000-0x9fff]
Jan 13 01:10:37 ubuntu kernel: [    0.258455] pci 0000:00:16.1:   bridge window [mem 0xfcf00000-0xfcffffff]
Jan 13 01:10:37 ubuntu kernel: [    0.258480] pci 0000:00:16.1:   bridge window [mem 0xe7500000-0xe75fffff 64bit pref]
Jan 13 01:10:37 ubuntu kernel: [    0.258748] pci 0000:00:16.2: PCI bridge to [bus 0d-0d]
Jan 13 01:10:37 ubuntu kernel: [    0.258761] pci 0000:00:16.2:   bridge window [io  0xd000-0xdfff]
Jan 13 01:10:37 ubuntu kernel: [    0.258774] pci 0000:00:16.2:   bridge window [mem 0xfcb00000-0xfcbfffff]
Jan 13 01:10:37 ubuntu kernel: [    0.258799] pci 0000:00:16.2:   bridge window [mem 0xe7100000-0xe71fffff 64bit pref]
Jan 13 01:10:37 ubuntu kernel: [    0.259072] pci 0000:00:16.3: PCI bridge to [bus 0e-0e]
Jan 13 01:10:37 ubuntu kernel: [    0.259097] pci 0000:00:16.3:   bridge window [mem 0xfc700000-0xfc7fffff]
Jan 13 01:10:37 ubuntu kernel: [    0.259121] pci 0000:00:16.3:   bridge window [mem 0xe6d00000-0xe6dfffff 64bit pref]
Jan 13 01:10:37 ubuntu kernel: [    0.259415] pci 0000:00:16.4: PCI bridge to [bus 0f-0f]
Jan 13 01:10:37 ubuntu kernel: [    0.259439] pci 0000:00:16.4:   bridge window [mem 0xfc300000-0xfc3fffff]
Jan 13 01:10:37 ubuntu kernel: [    0.259464] pci 0000:00:16.4:   bridge window [mem 0xe6900000-0xe69fffff 64bit pref]
Jan 13 01:10:37 ubuntu kernel: [    0.259730] pci 0000:00:16.5: PCI bridge to [bus 10-10]
Jan 13 01:10:37 ubuntu kernel: [    0.259754] pci 0000:00:16.5:   bridge window [mem 0xfbf00000-0xfbffffff]
Jan 13 01:10:37 ubuntu kernel: [    0.259779] pci 0000:00:16.5:   bridge window [mem 0xe6500000-0xe65fffff 64bit pref]
Jan 13 01:10:37 ubuntu kernel: [    0.260044] pci 0000:00:16.6: PCI bridge to [bus 11-11]
Jan 13 01:10:37 ubuntu kernel: [    0.260069] pci 0000:00:16.6:   bridge window [mem 0xfbb00000-0xfbbfffff]
Jan 13 01:10:37 ubuntu kernel: [    0.260093] pci 0000:00:16.6:   bridge window [mem 0xe6100000-0xe61fffff 64bit pref]
Jan 13 01:10:37 ubuntu kernel: [    0.260387] pci 0000:00:16.7: PCI bridge to [bus 12-12]
Jan 13 01:10:37 ubuntu kernel: [    0.260411] pci 0000:00:16.7:   bridge window [mem 0xfb700000-0xfb7fffff]
Jan 13 01:10:37 ubuntu kernel: [    0.260436] pci 0000:00:16.7:   bridge window [mem 0xe5d00000-0xe5dfffff 64bit pref]
Jan 13 01:10:37 ubuntu kernel: [    0.260702] pci 0000:00:17.0: PCI bridge to [bus 13-13]
Jan 13 01:10:37 ubuntu kernel: [    0.260715] pci 0000:00:17.0:   bridge window [io  0x6000-0x6fff]
Jan 13 01:10:37 ubuntu kernel: [    0.260728] pci 0000:00:17.0:   bridge window [mem 0xfd200000-0xfd2fffff]
Jan 13 01:10:37 ubuntu kernel: [    0.260753] pci 0000:00:17.0:   bridge window [mem 0xe7800000-0xe78fffff 64bit pref]
Jan 13 01:10:37 ubuntu kernel: [    0.261018] pci 0000:00:17.1: PCI bridge to [bus 14-14]
Jan 13 01:10:37 ubuntu kernel: [    0.261030] pci 0000:00:17.1:   bridge window [io  0xa000-0xafff]
Jan 13 01:10:37 ubuntu kernel: [    0.261043] pci 0000:00:17.1:   bridge window [mem 0xfce00000-0xfcefffff]
Jan 13 01:10:37 ubuntu kernel: [    0.261068] pci 0000:00:17.1:   bridge window [mem 0xe7400000-0xe74fffff 64bit pref]
Jan 13 01:10:37 ubuntu kernel: [    0.261358] pci 0000:00:17.2: PCI bridge to [bus 15-15]
Jan 13 01:10:37 ubuntu kernel: [    0.261371] pci 0000:00:17.2:   bridge window [io  0xe000-0xefff]
Jan 13 01:10:37 ubuntu kernel: [    0.261384] pci 0000:00:17.2:   bridge window [mem 0xfca00000-0xfcafffff]
Jan 13 01:10:37 ubuntu kernel: [    0.261408] pci 0000:00:17.2:   bridge window [mem 0xe7000000-0xe70fffff 64bit pref]
Jan 13 01:10:37 ubuntu kernel: [    0.261674] pci 0000:00:17.3: PCI bridge to [bus 16-16]
Jan 13 01:10:37 ubuntu kernel: [    0.261698] pci 0000:00:17.3:   bridge window [mem 0xfc600000-0xfc6fffff]
Jan 13 01:10:37 ubuntu kernel: [    0.261723] pci 0000:00:17.3:   bridge window [mem 0xe6c00000-0xe6cfffff 64bit pref]
Jan 13 01:10:37 ubuntu kernel: [    0.261988] pci 0000:00:17.4: PCI bridge to [bus 17-17]
Jan 13 01:10:37 ubuntu kernel: [    0.262012] pci 0000:00:17.4:   bridge window [mem 0xfc200000-0xfc2fffff]
Jan 13 01:10:37 ubuntu kernel: [    0.262037] pci 0000:00:17.4:   bridge window [mem 0xe6800000-0xe68fffff 64bit pref]
Jan 13 01:10:37 ubuntu kernel: [    0.262351] pci 0000:00:17.5: PCI bridge to [bus 18-18]
Jan 13 01:10:37 ubuntu kernel: [    0.262376] pci 0000:00:17.5:   bridge window [mem 0xfbe00000-0xfbefffff]
Jan 13 01:10:37 ubuntu kernel: [    0.262401] pci 0000:00:17.5:   bridge window [mem 0xe6400000-0xe64fffff 64bit pref]
Jan 13 01:10:37 ubuntu kernel: [    0.262666] pci 0000:00:17.6: PCI bridge to [bus 19-19]
Jan 13 01:10:37 ubuntu kernel: [    0.262691] pci 0000:00:17.6:   bridge window [mem 0xfba00000-0xfbafffff]
Jan 13 01:10:37 ubuntu kernel: [    0.262716] pci 0000:00:17.6:   bridge window [mem 0xe6000000-0xe60fffff 64bit pref]
Jan 13 01:10:37 ubuntu kernel: [    0.262987] pci 0000:00:17.7: PCI bridge to [bus 1a-1a]
Jan 13 01:10:37 ubuntu kernel: [    0.263011] pci 0000:00:17.7:   bridge window [mem 0xfb600000-0xfb6fffff]
Jan 13 01:10:37 ubuntu kernel: [    0.263036] pci 0000:00:17.7:   bridge window [mem 0xe5c00000-0xe5cfffff 64bit pref]
Jan 13 01:10:37 ubuntu kernel: [    0.263330] pci 0000:00:18.0: PCI bridge to [bus 1b-1b]
Jan 13 01:10:37 ubuntu kernel: [    0.263343] pci 0000:00:18.0:   bridge window [io  0x7000-0x7fff]
Jan 13 01:10:37 ubuntu kernel: [    0.263356] pci 0000:00:18.0:   bridge window [mem 0xfd100000-0xfd1fffff]
Jan 13 01:10:37 ubuntu kernel: [    0.263381] pci 0000:00:18.0:   bridge window [mem 0xe7700000-0xe77fffff 64bit pref]
Jan 13 01:10:37 ubuntu kernel: [    0.263646] pci 0000:00:18.1: PCI bridge to [bus 1c-1c]
Jan 13 01:10:37 ubuntu kernel: [    0.263659] pci 0000:00:18.1:   bridge window [io  0xb000-0xbfff]
Jan 13 01:10:37 ubuntu kernel: [    0.263672] pci 0000:00:18.1:   bridge window [mem 0xfcd00000-0xfcdfffff]
Jan 13 01:10:37 ubuntu kernel: [    0.263696] pci 0000:00:18.1:   bridge window [mem 0xe7300000-0xe73fffff 64bit pref]
Jan 13 01:10:37 ubuntu kernel: [    0.263961] pci 0000:00:18.2: PCI bridge to [bus 1d-1d]
Jan 13 01:10:37 ubuntu kernel: [    0.263986] pci 0000:00:18.2:   bridge window [mem 0xfc900000-0xfc9fffff]
Jan 13 01:10:37 ubuntu kernel: [    0.264010] pci 0000:00:18.2:   bridge window [mem 0xe6f00000-0xe6ffffff 64bit pref]
Jan 13 01:10:37 ubuntu kernel: [    0.264290] pci 0000:00:18.3: PCI bridge to [bus 1e-1e]
Jan 13 01:10:37 ubuntu kernel: [    0.264324] pci 0000:00:18.3:   bridge window [mem 0xfc500000-0xfc5fffff]
Jan 13 01:10:37 ubuntu kernel: [    0.264349] pci 0000:00:18.3:   bridge window [mem 0xe6b00000-0xe6bfffff 64bit pref]
Jan 13 01:10:37 ubuntu kernel: [    0.264615] pci 0000:00:18.4: PCI bridge to [bus 1f-1f]
Jan 13 01:10:37 ubuntu kernel: [    0.264639] pci 0000:00:18.4:   bridge window [mem 0xfc100000-0xfc1fffff]
Jan 13 01:10:37 ubuntu kernel: [    0.264664] pci 0000:00:18.4:   bridge window [mem 0xe6700000-0xe67fffff 64bit pref]
Jan 13 01:10:37 ubuntu kernel: [    0.264928] pci 0000:00:18.5: PCI bridge to [bus 20-20]
Jan 13 01:10:37 ubuntu kernel: [    0.264953] pci 0000:00:18.5:   bridge window [mem 0xfbd00000-0xfbdfffff]
Jan 13 01:10:37 ubuntu kernel: [    0.264978] pci 0000:00:18.5:   bridge window [mem 0xe6300000-0xe63fffff 64bit pref]
Jan 13 01:10:37 ubuntu kernel: [    0.265243] pci 0000:00:18.6: PCI bridge to [bus 21-21]
Jan 13 01:10:37 ubuntu kernel: [    0.265272] pci 0000:00:18.6:   bridge window [mem 0xfb900000-0xfb9fffff]
Jan 13 01:10:37 ubuntu kernel: [    0.265316] pci 0000:00:18.6:   bridge window [mem 0xe5f00000-0xe5ffffff 64bit pref]
Jan 13 01:10:37 ubuntu kernel: [    0.265582] pci 0000:00:18.7: PCI bridge to [bus 22-22]
Jan 13 01:10:37 ubuntu kernel: [    0.265606] pci 0000:00:18.7:   bridge window [mem 0xfb500000-0xfb5fffff]
Jan 13 01:10:37 ubuntu kernel: [    0.265631] pci 0000:00:18.7:   bridge window [mem 0xe5b00000-0xe5bfffff 64bit pref]
Jan 13 01:10:37 ubuntu kernel: [    0.266792] pci_bus 0000:00: on NUMA node 0
Jan 13 01:10:37 ubuntu kernel: [    0.266794] ACPI: PCI Interrupt Routing Table [\_SB_.PCI0._PRT]
Jan 13 01:10:37 ubuntu kernel: [    0.267141]  pci0000:00: Requesting ACPI _OSC control (0x1d)
Jan 13 01:10:37 ubuntu kernel: [    0.267318]  pci0000:00: ACPI _OSC control (0x15) granted
Jan 13 01:10:37 ubuntu kernel: [    0.311985] ACPI: PCI Interrupt Link [LNKA] (IRQs 3 4 5 6 7 *9 10 11 14 15)
Jan 13 01:10:37 ubuntu kernel: [    0.312024] ACPI: PCI Interrupt Link [LNKB] (IRQs 3 4 5 6 7 9 10 *11 14 15)
Jan 13 01:10:37 ubuntu kernel: [    0.312060] ACPI: PCI Interrupt Link [LNKC] (IRQs 3 4 5 6 7 9 *10 11 14 15)
Jan 13 01:10:37 ubuntu kernel: [    0.312097] ACPI: PCI Interrupt Link [LNKD] (IRQs 3 4 *5 6 7 9 10 11 14 15)
Jan 13 01:10:37 ubuntu kernel: [    0.312175] vgaarb: device added: PCI:0000:00:0f.0,decodes=io+mem,owns=io+mem,locks=none
Jan 13 01:10:37 ubuntu kernel: [    0.312181] vgaarb: loaded
Jan 13 01:10:37 ubuntu kernel: [    0.312182] vgaarb: bridge control possible 0000:00:0f.0
Jan 13 01:10:37 ubuntu kernel: [    0.312248] i2c-core: driver [aat2870] using legacy suspend method
Jan 13 01:10:37 ubuntu kernel: [    0.312249] i2c-core: driver [aat2870] using legacy resume method
Jan 13 01:10:37 ubuntu kernel: [    0.312296] SCSI subsystem initialized
Jan 13 01:10:37 ubuntu kernel: [    0.312316] libata version 3.00 loaded.
Jan 13 01:10:37 ubuntu kernel: [    0.312338] usbcore: registered new interface driver usbfs
Jan 13 01:10:37 ubuntu kernel: [    0.312342] usbcore: registered new interface driver hub
Jan 13 01:10:37 ubuntu kernel: [    0.312353] usbcore: registered new device driver usb
Jan 13 01:10:37 ubuntu kernel: [    0.312386] PCI: Using ACPI for IRQ routing
Jan 13 01:10:37 ubuntu kernel: [    0.329577] PCI: pci_cache_line_size set to 64 bytes
Jan 13 01:10:37 ubuntu kernel: [    0.330155] reserve RAM buffer: 000000000009f000 - 000000000009ffff 
Jan 13 01:10:37 ubuntu kernel: [    0.330156] reserve RAM buffer: 000000003fee0000 - 000000003fffffff 
Jan 13 01:10:37 ubuntu kernel: [    0.330205] NetLabel: Initializing
Jan 13 01:10:37 ubuntu kernel: [    0.330206] NetLabel:  domain hash size = 128
Jan 13 01:10:37 ubuntu kernel: [    0.330207] NetLabel:  protocols = UNLABELED CIPSOv4
Jan 13 01:10:37 ubuntu kernel: [    0.330212] NetLabel:  unlabeled traffic allowed by default
Jan 13 01:10:37 ubuntu kernel: [    0.330287] hpet0: at MMIO 0xfed00000, IRQs 2, 8, 0, 0, 0, 0, 0, 0, 0, 0, 0, 0, 0, 0, 0, 0
Jan 13 01:10:37 ubuntu kernel: [    0.330292] hpet0: 16 comparators, 64-bit 14.318180 MHz counter
Jan 13 01:10:37 ubuntu kernel: [    0.332326] Switching to clocksource hpet
Jan 13 01:10:37 ubuntu kernel: [    0.340872] AppArmor: AppArmor Filesystem Enabled
Jan 13 01:10:37 ubuntu kernel: [    0.340885] pnp: PnP ACPI init
Jan 13 01:10:37 ubuntu kernel: [    0.340892] ACPI: bus type pnp registered
Jan 13 01:10:37 ubuntu kernel: [    0.341293] pnp 00:00: [bus 00-7f]
Jan 13 01:10:37 ubuntu kernel: [    0.341295] pnp 00:00: [mem 0x000a0000-0x000bffff window]
Jan 13 01:10:37 ubuntu kernel: [    0.341296] pnp 00:00: [mem 0x000c0000-0x000c3fff window]
Jan 13 01:10:37 ubuntu kernel: [    0.341296] pnp 00:00: [mem 0x000c4000-0x000c7fff window]
Jan 13 01:10:37 ubuntu kernel: [    0.341297] pnp 00:00: [mem 0x000c8000-0x000cbfff window]
Jan 13 01:10:37 ubuntu kernel: [    0.341298] pnp 00:00: [mem 0x000cc000-0x000cffff window]
Jan 13 01:10:37 ubuntu kernel: [    0.341299] pnp 00:00: [mem 0x000d0000-0x000d3fff window]
Jan 13 01:10:37 ubuntu kernel: [    0.341300] pnp 00:00: [mem 0x000d4000-0x000d7fff window]
Jan 13 01:10:37 ubuntu kernel: [    0.341301] pnp 00:00: [mem 0x000d8000-0x000dbfff window]
Jan 13 01:10:37 ubuntu kernel: [    0.341302] pnp 00:00: [mem 0x000dc000-0x000dffff window]
Jan 13 01:10:37 ubuntu kernel: [    0.341302] pnp 00:00: [mem 0x000e0000-0x000e3fff window]
Jan 13 01:10:37 ubuntu kernel: [    0.341303] pnp 00:00: [mem 0x000e4000-0x000e7fff window]
Jan 13 01:10:37 ubuntu kernel: [    0.341304] pnp 00:00: [mem 0x000e8000-0x000ebfff window]
Jan 13 01:10:37 ubuntu kernel: [    0.341305] pnp 00:00: [mem 0x000ec000-0x000effff window]
Jan 13 01:10:37 ubuntu kernel: [    0.341306] pnp 00:00: [mem 0xc0000000-0xfebfffff window]
Jan 13 01:10:37 ubuntu kernel: [    0.341307] pnp 00:00: [io  0x0cf8-0x0cff]
Jan 13 01:10:37 ubuntu kernel: [    0.341308] pnp 00:00: [io  0x0000-0x0cf7 window]
Jan 13 01:10:37 ubuntu kernel: [    0.341309] pnp 00:00: [io  0x0d00-0xfeff window]
Jan 13 01:10:37 ubuntu kernel: [    0.341334] pnp 00:00: Plug and Play ACPI device, IDs PNP0a03 PNP0a08 (active)
Jan 13 01:10:37 ubuntu kernel: [    0.341383] pnp 00:01: [io  0x0010-0x001f]
Jan 13 01:10:37 ubuntu kernel: [    0.341384] pnp 00:01: [io  0x0024-0x0025]
Jan 13 01:10:37 ubuntu kernel: [    0.341384] pnp 00:01: [io  0x0028-0x0029]
Jan 13 01:10:37 ubuntu kernel: [    0.341385] pnp 00:01: [io  0x002c-0x002d]
Jan 13 01:10:37 ubuntu kernel: [    0.341386] pnp 00:01: [io  0x002e-0x002f]
Jan 13 01:10:37 ubuntu kernel: [    0.341387] pnp 00:01: [io  0x0030-0x0031]
Jan 13 01:10:37 ubuntu kernel: [    0.341387] pnp 00:01: [io  0x0034-0x0035]
Jan 13 01:10:37 ubuntu kernel: [    0.341388] pnp 00:01: [io  0x0038-0x0039]
Jan 13 01:10:37 ubuntu kernel: [    0.341389] pnp 00:01: [io  0x003c-0x003d]
Jan 13 01:10:37 ubuntu kernel: [    0.341389] pnp 00:01: [io  0x0050-0x0053]
Jan 13 01:10:37 ubuntu kernel: [    0.341390] pnp 00:01: [io  0x0072-0x0077]
Jan 13 01:10:37 ubuntu kernel: [    0.341391] pnp 00:01: [io  0x0080]
Jan 13 01:10:37 ubuntu kernel: [    0.341392] pnp 00:01: [io  0x0090-0x009f]
Jan 13 01:10:37 ubuntu kernel: [    0.341392] pnp 00:01: [io  0x00a4-0x00a5]
Jan 13 01:10:37 ubuntu kernel: [    0.341393] pnp 00:01: [io  0x00a8-0x00a9]
Jan 13 01:10:37 ubuntu kernel: [    0.341395] pnp 00:01: [io  0x00ac-0x00ad]
Jan 13 01:10:37 ubuntu kernel: [    0.341395] pnp 00:01: [io  0x00b0-0x00b5]
Jan 13 01:10:37 ubuntu kernel: [    0.341396] pnp 00:01: [io  0x00b8-0x00b9]
Jan 13 01:10:37 ubuntu kernel: [    0.341397] pnp 00:01: [io  0x00bc-0x00bd]
Jan 13 01:10:37 ubuntu kernel: [    0.341398] pnp 00:01: [io  0x1000-0x103f]
Jan 13 01:10:37 ubuntu kernel: [    0.341398] pnp 00:01: [io  0x1040-0x104f]
Jan 13 01:10:37 ubuntu kernel: [    0.341399] pnp 00:01: [io  0x0cf0-0x0cf1]
Jan 13 01:10:37 ubuntu kernel: [    0.341435] system 00:01: [io  0x1000-0x103f] has been reserved
Jan 13 01:10:37 ubuntu kernel: [    0.341436] system 00:01: [io  0x1040-0x104f] has been reserved
Jan 13 01:10:37 ubuntu kernel: [    0.341437] system 00:01: [io  0x0cf0-0x0cf1] has been reserved
Jan 13 01:10:37 ubuntu kernel: [    0.341439] system 00:01: Plug and Play ACPI device, IDs PNP0c02 (active)
Jan 13 01:10:37 ubuntu kernel: [    0.341443] pnp 00:02: [io  0x0000-0x000f]
Jan 13 01:10:37 ubuntu kernel: [    0.341444] pnp 00:02: [io  0x0081-0x008f]
Jan 13 01:10:37 ubuntu kernel: [    0.341444] pnp 00:02: [io  0x00c0-0x00df]
Jan 13 01:10:37 ubuntu kernel: [    0.341445] pnp 00:02: [dma 4]
Jan 13 01:10:37 ubuntu kernel: [    0.341454] pnp 00:02: Plug and Play ACPI device, IDs PNP0200 (active)
Jan 13 01:10:37 ubuntu kernel: [    0.341458] pnp 00:03: [io  0x0020-0x0021]
Jan 13 01:10:37 ubuntu kernel: [    0.341458] pnp 00:03: [io  0x00a0-0x00a1]
Jan 13 01:10:37 ubuntu kernel: [    0.341459] pnp 00:03: [io  0x04d0-0x04d1]
Jan 13 01:10:37 ubuntu kernel: [    0.341460] pnp 00:03: [irq 2 disabled]
Jan 13 01:10:37 ubuntu kernel: [    0.341470] pnp 00:03: Plug and Play ACPI device, IDs PNP0001 (active)
Jan 13 01:10:37 ubuntu kernel: [    0.341473] pnp 00:04: [io  0x0070-0x0071]
Jan 13 01:10:37 ubuntu kernel: [    0.341481] pnp 00:04: [irq 8]
Jan 13 01:10:37 ubuntu kernel: [    0.341490] pnp 00:04: Plug and Play ACPI device, IDs PNP0b00 (active)
Jan 13 01:10:37 ubuntu kernel: [    0.341493] pnp 00:05: [io  0x0061]
Jan 13 01:10:37 ubuntu kernel: [    0.341502] pnp 00:05: Plug and Play ACPI device, IDs PNP0800 (active)
Jan 13 01:10:37 ubuntu kernel: [    0.341505] pnp 00:06: [io  0x0060]
Jan 13 01:10:37 ubuntu kernel: [    0.341506] pnp 00:06: [io  0x0064]
Jan 13 01:10:37 ubuntu kernel: [    0.341508] pnp 00:06: [irq 1]
Jan 13 01:10:37 ubuntu kernel: [    0.341517] pnp 00:06: Plug and Play ACPI device, IDs PNP0303 (active)
Jan 13 01:10:37 ubuntu kernel: [    0.341522] pnp 00:07: [irq 12]
Jan 13 01:10:37 ubuntu kernel: [    0.341530] pnp 00:07: Plug and Play ACPI device, IDs PNP0f13 (active)
Jan 13 01:10:37 ubuntu kernel: [    0.341622] pnp 00:08: [mem 0xfed00000-0xfed003ff]
Jan 13 01:10:37 ubuntu kernel: [    0.341646] system 00:08: [mem 0xfed00000-0xfed003ff] has been reserved
Jan 13 01:10:37 ubuntu kernel: [    0.341647] system 00:08: Plug and Play ACPI device, IDs PNP0103 PNP0c01 (active)
Jan 13 01:10:37 ubuntu kernel: [    0.342371] pnp 00:09: [io  0x0378-0x037b]
Jan 13 01:10:37 ubuntu kernel: [    0.342376] pnp 00:09: [irq 7]
Jan 13 01:10:37 ubuntu kernel: [    0.342587] pnp 00:09: Plug and Play ACPI device, IDs PNP0400 (active)
Jan 13 01:10:37 ubuntu kernel: [    0.342671] pnp 00:0a: [io  0x03f8-0x03ff]
Jan 13 01:10:37 ubuntu kernel: [    0.342674] pnp 00:0a: [irq 4]
Jan 13 01:10:37 ubuntu kernel: [    0.342711] pnp 00:0a: Plug and Play ACPI device, IDs PNP0501 (active)
Jan 13 01:10:37 ubuntu kernel: [    0.342793] pnp 00:0b: [io  0x02f8-0x02ff]
Jan 13 01:10:37 ubuntu kernel: [    0.342796] pnp 00:0b: [irq 3]
Jan 13 01:10:37 ubuntu kernel: [    0.342833] pnp 00:0b: Plug and Play ACPI device, IDs PNP0501 (active)
Jan 13 01:10:37 ubuntu kernel: [    0.342927] pnp 00:0c: [io  0x03f0-0x03f5]
Jan 13 01:10:37 ubuntu kernel: [    0.342928] pnp 00:0c: [io  0x03f7]
Jan 13 01:10:37 ubuntu kernel: [    0.342931] pnp 00:0c: [irq 6]
Jan 13 01:10:37 ubuntu kernel: [    0.342932] pnp 00:0c: [dma 2]
Jan 13 01:10:37 ubuntu kernel: [    0.342955] pnp 00:0c: Plug and Play ACPI device, IDs PNP0700 (active)
Jan 13 01:10:37 ubuntu kernel: [    0.343047] pnp 00:0d: [mem 0xf0000000-0xf7ffffff]
Jan 13 01:10:37 ubuntu kernel: [    0.343048] pnp 00:0d: [io  0xfce0-0xfcff]
Jan 13 01:10:37 ubuntu kernel: [    0.343049] pnp 00:0d: [mem 0xfe800000-0xfe9fffff]
Jan 13 01:10:37 ubuntu kernel: [    0.343074] system 00:0d: [io  0xfce0-0xfcff] has been reserved
Jan 13 01:10:37 ubuntu kernel: [    0.343076] system 00:0d: [mem 0xf0000000-0xf7ffffff] has been reserved
Jan 13 01:10:37 ubuntu kernel: [    0.343077] system 00:0d: [mem 0xfe800000-0xfe9fffff] has been reserved
Jan 13 01:10:37 ubuntu kernel: [    0.343078] system 00:0d: Plug and Play ACPI device, IDs PNP0c02 (active)
Jan 13 01:10:37 ubuntu kernel: [    0.345684] pnp 00:0e: [mem 0x10000000-0x3fffffff window]
Jan 13 01:10:37 ubuntu kernel: [    0.345705] pnp 00:0e: Plug and Play ACPI device, IDs PNP0c80 (active)
Jan 13 01:10:37 ubuntu kernel: [    0.346135] pnp: PnP ACPI: found 15 devices
Jan 13 01:10:37 ubuntu kernel: [    0.346136] ACPI: ACPI bus type pnp unregistered
Jan 13 01:10:37 ubuntu kernel: [    0.346138] PnPBIOS: Disabled by ACPI PNP
Jan 13 01:10:37 ubuntu kernel: [    0.381346] PCI: max bus depth: 1 pci_try_num: 2
Jan 13 01:10:37 ubuntu kernel: [    0.382664] pci 0000:00:0f.0: BAR 6: assigned [mem 0xc0000000-0xc0007fff pref]
Jan 13 01:10:37 ubuntu kernel: [    0.382667] pci 0000:00:10.0: BAR 6: assigned [mem 0xc0008000-0xc000bfff pref]
Jan 13 01:10:37 ubuntu kernel: [    0.382671] pci 0000:00:18.7: BAR 13: can't assign io (size 0x1000)
Jan 13 01:10:37 ubuntu kernel: [    0.382673] pci 0000:00:18.6: BAR 13: can't assign io (size 0x1000)
Jan 13 01:10:37 ubuntu kernel: [    0.382675] pci 0000:00:18.5: BAR 13: can't assign io (size 0x1000)
Jan 13 01:10:37 ubuntu kernel: [    0.382676] pci 0000:00:18.4: BAR 13: can't assign io (size 0x1000)
Jan 13 01:10:37 ubuntu kernel: [    0.382678] pci 0000:00:18.3: BAR 13: can't assign io (size 0x1000)
Jan 13 01:10:37 ubuntu kernel: [    0.382680] pci 0000:00:18.2: BAR 13: can't assign io (size 0x1000)
Jan 13 01:10:37 ubuntu kernel: [    0.382682] pci 0000:00:17.7: BAR 13: can't assign io (size 0x1000)
Jan 13 01:10:37 ubuntu kernel: [    0.382684] pci 0000:00:17.6: BAR 13: can't assign io (size 0x1000)
Jan 13 01:10:37 ubuntu kernel: [    0.382685] pci 0000:00:17.5: BAR 13: can't assign io (size 0x1000)
Jan 13 01:10:37 ubuntu kernel: [    0.382687] pci 0000:00:17.4: BAR 13: can't assign io (size 0x1000)
Jan 13 01:10:37 ubuntu kernel: [    0.382689] pci 0000:00:17.3: BAR 13: can't assign io (size 0x1000)
Jan 13 01:10:37 ubuntu kernel: [    0.382691] pci 0000:00:16.7: BAR 13: can't assign io (size 0x1000)
Jan 13 01:10:37 ubuntu kernel: [    0.382693] pci 0000:00:16.6: BAR 13: can't assign io (size 0x1000)
Jan 13 01:10:37 ubuntu kernel: [    0.382694] pci 0000:00:16.5: BAR 13: can't assign io (size 0x1000)
Jan 13 01:10:37 ubuntu kernel: [    0.382696] pci 0000:00:16.4: BAR 13: can't assign io (size 0x1000)
Jan 13 01:10:37 ubuntu kernel: [    0.382698] pci 0000:00:16.3: BAR 13: can't assign io (size 0x1000)
Jan 13 01:10:37 ubuntu kernel: [    0.382700] pci 0000:00:15.7: BAR 13: can't assign io (size 0x1000)
Jan 13 01:10:37 ubuntu kernel: [    0.382701] pci 0000:00:15.6: BAR 13: can't assign io (size 0x1000)
Jan 13 01:10:37 ubuntu kernel: [    0.382703] pci 0000:00:15.5: BAR 13: can't assign io (size 0x1000)
Jan 13 01:10:37 ubuntu kernel: [    0.382705] pci 0000:00:15.4: BAR 13: can't assign io (size 0x1000)
Jan 13 01:10:37 ubuntu kernel: [    0.382707] pci 0000:00:15.3: BAR 13: can't assign io (size 0x1000)
Jan 13 01:10:37 ubuntu kernel: [    0.382709] pci 0000:00:01.0: PCI bridge to [bus 01-01]
Jan 13 01:10:37 ubuntu kernel: [    0.382768] pci 0000:02:01.0: BAR 6: assigned [mem 0xe7b00000-0xe7b0ffff pref]
Jan 13 01:10:37 ubuntu kernel: [    0.382769] pci 0000:00:11.0: PCI bridge to [bus 02-02]
Jan 13 01:10:37 ubuntu kernel: [    0.382777] pci 0000:00:11.0:   bridge window [io  0x2000-0x3fff]
Jan 13 01:10:37 ubuntu kernel: [    0.382797] pci 0000:00:11.0:   bridge window [mem 0xfd500000-0xfdffffff]
Jan 13 01:10:37 ubuntu kernel: [    0.382830] pci 0000:00:11.0:   bridge window [mem 0xe7b00000-0xe7ffffff 64bit pref]
Jan 13 01:10:37 ubuntu kernel: [    0.382856] pci 0000:00:15.0: PCI bridge to [bus 03-03]
Jan 13 01:10:37 ubuntu kernel: [    0.382864] pci 0000:00:15.0:   bridge window [io  0x4000-0x4fff]
Jan 13 01:10:37 ubuntu kernel: [    0.382892] pci 0000:00:15.0:   bridge window [mem 0xfd400000-0xfd4fffff]
Jan 13 01:10:37 ubuntu kernel: [    0.382916] pci 0000:00:15.0:   bridge window [mem 0xe7a00000-0xe7afffff 64bit pref]
Jan 13 01:10:37 ubuntu kernel: [    0.382970] pci 0000:00:15.1: PCI bridge to [bus 04-04]
Jan 13 01:10:37 ubuntu kernel: [    0.382980] pci 0000:00:15.1:   bridge window [io  0x8000-0x8fff]
Jan 13 01:10:37 ubuntu kernel: [    0.383009] pci 0000:00:15.1:   bridge window [mem 0xfd000000-0xfd0fffff]
Jan 13 01:10:37 ubuntu kernel: [    0.383023] pci 0000:00:15.1:   bridge window [mem 0xe7600000-0xe76fffff 64bit pref]
Jan 13 01:10:37 ubuntu kernel: [    0.383056] pci 0000:00:15.2: PCI bridge to [bus 05-05]
Jan 13 01:10:37 ubuntu kernel: [    0.383080] pci 0000:00:15.2:   bridge window [io  0xc000-0xcfff]
Jan 13 01:10:37 ubuntu kernel: [    0.383119] pci 0000:00:15.2:   bridge window [mem 0xfcc00000-0xfccfffff]
Jan 13 01:10:37 ubuntu kernel: [    0.383142] pci 0000:00:15.2:   bridge window [mem 0xe7200000-0xe72fffff 64bit pref]
Jan 13 01:10:37 ubuntu kernel: [    0.383173] pci 0000:00:15.3: PCI bridge to [bus 06-06]
Jan 13 01:10:37 ubuntu kernel: [    0.383193] pci 0000:00:15.3:   bridge window [mem 0xfc800000-0xfc8fffff]
Jan 13 01:10:37 ubuntu kernel: [    0.383207] pci 0000:00:15.3:   bridge window [mem 0xe6e00000-0xe6efffff 64bit pref]
Jan 13 01:10:37 ubuntu kernel: [    0.383247] pci 0000:00:15.4: PCI bridge to [bus 07-07]
Jan 13 01:10:37 ubuntu kernel: [    0.383277] pci 0000:00:15.4:   bridge window [mem 0xfc400000-0xfc4fffff]
Jan 13 01:10:37 ubuntu kernel: [    0.383310] pci 0000:00:15.4:   bridge window [mem 0xe6a00000-0xe6afffff 64bit pref]
Jan 13 01:10:37 ubuntu kernel: [    0.383340] pci 0000:00:15.5: PCI bridge to [bus 08-08]
Jan 13 01:10:37 ubuntu kernel: [    0.383370] pci 0000:00:15.5:   bridge window [mem 0xfc000000-0xfc0fffff]
Jan 13 01:10:37 ubuntu kernel: [    0.383393] pci 0000:00:15.5:   bridge window [mem 0xe6600000-0xe66fffff 64bit pref]
Jan 13 01:10:37 ubuntu kernel: [    0.383423] pci 0000:00:15.6: PCI bridge to [bus 09-09]
Jan 13 01:10:37 ubuntu kernel: [    0.383443] pci 0000:00:15.6:   bridge window [mem 0xfbc00000-0xfbcfffff]
Jan 13 01:10:37 ubuntu kernel: [    0.383457] pci 0000:00:15.6:   bridge window [mem 0xe6200000-0xe62fffff 64bit pref]
Jan 13 01:10:37 ubuntu kernel: [    0.383506] pci 0000:00:15.7: PCI bridge to [bus 0a-0a]
Jan 13 01:10:37 ubuntu kernel: [    0.383526] pci 0000:00:15.7:   bridge window [mem 0xfb800000-0xfb8fffff]
Jan 13 01:10:37 ubuntu kernel: [    0.383540] pci 0000:00:15.7:   bridge window [mem 0xe5e00000-0xe5efffff 64bit pref]
Jan 13 01:10:37 ubuntu kernel: [    0.383570] pci 0000:00:16.0: PCI bridge to [bus 0b-0b]
Jan 13 01:10:37 ubuntu kernel: [    0.383604] pci 0000:00:16.0:   bridge window [io  0x5000-0x5fff]
Jan 13 01:10:37 ubuntu kernel: [    0.383623] pci 0000:00:16.0:   bridge window [mem 0xfd300000-0xfd3fffff]
Jan 13 01:10:37 ubuntu kernel: [    0.383637] pci 0000:00:16.0:   bridge window [mem 0xe7900000-0xe79fffff 64bit pref]
Jan 13 01:10:37 ubuntu kernel: [    0.383667] pci 0000:00:16.1: PCI bridge to [bus 0c-0c]
Jan 13 01:10:37 ubuntu kernel: [    0.383675] pci 0000:00:16.1:   bridge window [io  0x9000-0x9fff]
Jan 13 01:10:37 ubuntu kernel: [    0.383695] pci 0000:00:16.1:   bridge window [mem 0xfcf00000-0xfcffffff]
Jan 13 01:10:37 ubuntu kernel: [    0.383718] pci 0000:00:16.1:   bridge window [mem 0xe7500000-0xe75fffff 64bit pref]
Jan 13 01:10:37 ubuntu kernel: [    0.383758] pci 0000:00:16.2: PCI bridge to [bus 0d-0d]
Jan 13 01:10:37 ubuntu kernel: [    0.383766] pci 0000:00:16.2:   bridge window [io  0xd000-0xdfff]
Jan 13 01:10:37 ubuntu kernel: [    0.383786] pci 0000:00:16.2:   bridge window [mem 0xfcb00000-0xfcbfffff]
Jan 13 01:10:37 ubuntu kernel: [    0.383799] pci 0000:00:16.2:   bridge window [mem 0xe7100000-0xe71fffff 64bit pref]
Jan 13 01:10:37 ubuntu kernel: [    0.383830] pci 0000:00:16.3: PCI bridge to [bus 0e-0e]
Jan 13 01:10:37 ubuntu kernel: [    0.383849] pci 0000:00:16.3:   bridge window [mem 0xfc700000-0xfc7fffff]
Jan 13 01:10:37 ubuntu kernel: [    0.383863] pci 0000:00:16.3:   bridge window [mem 0xe6d00000-0xe6dfffff 64bit pref]
Jan 13 01:10:37 ubuntu kernel: [    0.383893] pci 0000:00:16.4: PCI bridge to [bus 0f-0f]
Jan 13 01:10:37 ubuntu kernel: [    0.383913] pci 0000:00:16.4:   bridge window [mem 0xfc300000-0xfc3fffff]
Jan 13 01:10:37 ubuntu kernel: [    0.383927] pci 0000:00:16.4:   bridge window [mem 0xe6900000-0xe69fffff 64bit pref]
Jan 13 01:10:37 ubuntu kernel: [    0.383957] pci 0000:00:16.5: PCI bridge to [bus 10-10]
Jan 13 01:10:37 ubuntu kernel: [    0.383976] pci 0000:00:16.5:   bridge window [mem 0xfbf00000-0xfbffffff]
Jan 13 01:10:37 ubuntu kernel: [    0.383990] pci 0000:00:16.5:   bridge window [mem 0xe6500000-0xe65fffff 64bit pref]
Jan 13 01:10:37 ubuntu kernel: [    0.384020] pci 0000:00:16.6: PCI bridge to [bus 11-11]
Jan 13 01:10:37 ubuntu kernel: [    0.384040] pci 0000:00:16.6:   bridge window [mem 0xfbb00000-0xfbbfffff]
Jan 13 01:10:37 ubuntu kernel: [    0.384054] pci 0000:00:16.6:   bridge window [mem 0xe6100000-0xe61fffff 64bit pref]
Jan 13 01:10:37 ubuntu kernel: [    0.384085] pci 0000:00:16.7: PCI bridge to [bus 12-12]
Jan 13 01:10:37 ubuntu kernel: [    0.384104] pci 0000:00:16.7:   bridge window [mem 0xfb700000-0xfb7fffff]
Jan 13 01:10:37 ubuntu kernel: [    0.384118] pci 0000:00:16.7:   bridge window [mem 0xe5d00000-0xe5dfffff 64bit pref]
Jan 13 01:10:37 ubuntu kernel: [    0.384148] pci 0000:00:17.0: PCI bridge to [bus 13-13]
Jan 13 01:10:37 ubuntu kernel: [    0.384156] pci 0000:00:17.0:   bridge window [io  0x6000-0x6fff]
Jan 13 01:10:37 ubuntu kernel: [    0.384176] pci 0000:00:17.0:   bridge window [mem 0xfd200000-0xfd2fffff]
Jan 13 01:10:37 ubuntu kernel: [    0.384189] pci 0000:00:17.0:   bridge window [mem 0xe7800000-0xe78fffff 64bit pref]
Jan 13 01:10:37 ubuntu kernel: [    0.384219] pci 0000:00:17.1: PCI bridge to [bus 14-14]
Jan 13 01:10:37 ubuntu kernel: [    0.384227] pci 0000:00:17.1:   bridge window [io  0xa000-0xafff]
Jan 13 01:10:37 ubuntu kernel: [    0.384247] pci 0000:00:17.1:   bridge window [mem 0xfce00000-0xfcefffff]
Jan 13 01:10:37 ubuntu kernel: [    0.384261] pci 0000:00:17.1:   bridge window [mem 0xe7400000-0xe74fffff 64bit pref]
Jan 13 01:10:37 ubuntu kernel: [    0.384338] pci 0000:00:17.2: PCI bridge to [bus 15-15]
Jan 13 01:10:37 ubuntu kernel: [    0.384348] pci 0000:00:17.2:   bridge window [io  0xe000-0xefff]
Jan 13 01:10:37 ubuntu kernel: [    0.384369] pci 0000:00:17.2:   bridge window [mem 0xfca00000-0xfcafffff]
Jan 13 01:10:37 ubuntu kernel: [    0.384393] pci 0000:00:17.2:   bridge window [mem 0xe7000000-0xe70fffff 64bit pref]
Jan 13 01:10:37 ubuntu kernel: [    0.384426] pci 0000:00:17.3: PCI bridge to [bus 16-16]
Jan 13 01:10:37 ubuntu kernel: [    0.384445] pci 0000:00:17.3:   bridge window [mem 0xfc600000-0xfc6fffff]
Jan 13 01:10:37 ubuntu kernel: [    0.384459] pci 0000:00:17.3:   bridge window [mem 0xe6c00000-0xe6cfffff 64bit pref]
Jan 13 01:10:37 ubuntu kernel: [    0.384490] pci 0000:00:17.4: PCI bridge to [bus 17-17]
Jan 13 01:10:37 ubuntu kernel: [    0.384510] pci 0000:00:17.4:   bridge window [mem 0xfc200000-0xfc2fffff]
Jan 13 01:10:37 ubuntu kernel: [    0.384524] pci 0000:00:17.4:   bridge window [mem 0xe6800000-0xe68fffff 64bit pref]
Jan 13 01:10:37 ubuntu kernel: [    0.384554] pci 0000:00:17.5: PCI bridge to [bus 18-18]
Jan 13 01:10:37 ubuntu kernel: [    0.384574] pci 0000:00:17.5:   bridge window [mem 0xfbe00000-0xfbefffff]
Jan 13 01:10:37 ubuntu kernel: [    0.384602] pci 0000:00:17.5:   bridge window [mem 0xe6400000-0xe64fffff 64bit pref]
Jan 13 01:10:37 ubuntu kernel: [    0.384643] pci 0000:00:17.6: PCI bridge to [bus 19-19]
Jan 13 01:10:37 ubuntu kernel: [    0.384663] pci 0000:00:17.6:   bridge window [mem 0xfba00000-0xfbafffff]
Jan 13 01:10:37 ubuntu kernel: [    0.384676] pci 0000:00:17.6:   bridge window [mem 0xe6000000-0xe60fffff 64bit pref]
Jan 13 01:10:37 ubuntu kernel: [    0.384707] pci 0000:00:17.7: PCI bridge to [bus 1a-1a]
Jan 13 01:10:37 ubuntu kernel: [    0.384727] pci 0000:00:17.7:   bridge window [mem 0xfb600000-0xfb6fffff]
Jan 13 01:10:37 ubuntu kernel: [    0.384740] pci 0000:00:17.7:   bridge window [mem 0xe5c00000-0xe5cfffff 64bit pref]
Jan 13 01:10:37 ubuntu kernel: [    0.384771] pci 0000:00:18.0: PCI bridge to [bus 1b-1b]
Jan 13 01:10:37 ubuntu kernel: [    0.384779] pci 0000:00:18.0:   bridge window [io  0x7000-0x7fff]
Jan 13 01:10:37 ubuntu kernel: [    0.384798] pci 0000:00:18.0:   bridge window [mem 0xfd100000-0xfd1fffff]
Jan 13 01:10:37 ubuntu kernel: [    0.384812] pci 0000:00:18.0:   bridge window [mem 0xe7700000-0xe77fffff 64bit pref]
Jan 13 01:10:37 ubuntu kernel: [    0.384842] pci 0000:00:18.1: PCI bridge to [bus 1c-1c]
Jan 13 01:10:37 ubuntu kernel: [    0.384850] pci 0000:00:18.1:   bridge window [io  0xb000-0xbfff]
Jan 13 01:10:37 ubuntu kernel: [    0.384870] pci 0000:00:18.1:   bridge window [mem 0xfcd00000-0xfcdfffff]
Jan 13 01:10:37 ubuntu kernel: [    0.384884] pci 0000:00:18.1:   bridge window [mem 0xe7300000-0xe73fffff 64bit pref]
Jan 13 01:10:37 ubuntu kernel: [    0.384914] pci 0000:00:18.2: PCI bridge to [bus 1d-1d]
Jan 13 01:10:37 ubuntu kernel: [    0.384934] pci 0000:00:18.2:   bridge window [mem 0xfc900000-0xfc9fffff]
Jan 13 01:10:37 ubuntu kernel: [    0.384947] pci 0000:00:18.2:   bridge window [mem 0xe6f00000-0xe6ffffff 64bit pref]
Jan 13 01:10:37 ubuntu kernel: [    0.384977] pci 0000:00:18.3: PCI bridge to [bus 1e-1e]
Jan 13 01:10:37 ubuntu kernel: [    0.384997] pci 0000:00:18.3:   bridge window [mem 0xfc500000-0xfc5fffff]
Jan 13 01:10:37 ubuntu kernel: [    0.385011] pci 0000:00:18.3:   bridge window [mem 0xe6b00000-0xe6bfffff 64bit pref]
Jan 13 01:10:37 ubuntu kernel: [    0.385041] pci 0000:00:18.4: PCI bridge to [bus 1f-1f]
Jan 13 01:10:37 ubuntu kernel: [    0.385061] pci 0000:00:18.4:   bridge window [mem 0xfc100000-0xfc1fffff]
Jan 13 01:10:37 ubuntu kernel: [    0.385075] pci 0000:00:18.4:   bridge window [mem 0xe6700000-0xe67fffff 64bit pref]
Jan 13 01:10:37 ubuntu kernel: [    0.385105] pci 0000:00:18.5: PCI bridge to [bus 20-20]
Jan 13 01:10:37 ubuntu kernel: [    0.385125] pci 0000:00:18.5:   bridge window [mem 0xfbd00000-0xfbdfffff]
Jan 13 01:10:37 ubuntu kernel: [    0.385139] pci 0000:00:18.5:   bridge window [mem 0xe6300000-0xe63fffff 64bit pref]
Jan 13 01:10:37 ubuntu kernel: [    0.385169] pci 0000:00:18.6: PCI bridge to [bus 21-21]
Jan 13 01:10:37 ubuntu kernel: [    0.385189] pci 0000:00:18.6:   bridge window [mem 0xfb900000-0xfb9fffff]
Jan 13 01:10:37 ubuntu kernel: [    0.385203] pci 0000:00:18.6:   bridge window [mem 0xe5f00000-0xe5ffffff 64bit pref]
Jan 13 01:10:37 ubuntu kernel: [    0.385242] pci 0000:00:18.7: PCI bridge to [bus 22-22]
Jan 13 01:10:37 ubuntu kernel: [    0.385272] pci 0000:00:18.7:   bridge window [mem 0xfb500000-0xfb5fffff]
Jan 13 01:10:37 ubuntu kernel: [    0.385286] pci 0000:00:18.7:   bridge window [mem 0xe5b00000-0xe5bfffff 64bit pref]
Jan 13 01:10:37 ubuntu kernel: [    0.385339] pci 0000:00:01.0: setting latency timer to 64
Jan 13 01:10:37 ubuntu kernel: [    0.385391] pci 0000:00:15.0: setting latency timer to 64
Jan 13 01:10:37 ubuntu kernel: [    0.385424] pci 0000:00:15.1: setting latency timer to 64
Jan 13 01:10:37 ubuntu kernel: [    0.385456] pci 0000:00:15.2: setting latency timer to 64
Jan 13 01:10:37 ubuntu kernel: [    0.385488] pci 0000:00:15.3: setting latency timer to 64
Jan 13 01:10:37 ubuntu kernel: [    0.385520] pci 0000:00:15.4: setting latency timer to 64
Jan 13 01:10:37 ubuntu kernel: [    0.385562] pci 0000:00:15.5: setting latency timer to 64
Jan 13 01:10:37 ubuntu kernel: [    0.385605] pci 0000:00:15.6: setting latency timer to 64
Jan 13 01:10:37 ubuntu kernel: [    0.385637] pci 0000:00:15.7: setting latency timer to 64
Jan 13 01:10:37 ubuntu kernel: [    0.385669] pci 0000:00:16.0: setting latency timer to 64
Jan 13 01:10:37 ubuntu kernel: [    0.385701] pci 0000:00:16.1: setting latency timer to 64
Jan 13 01:10:37 ubuntu kernel: [    0.385733] pci 0000:00:16.2: setting latency timer to 64
Jan 13 01:10:37 ubuntu kernel: [    0.385765] pci 0000:00:16.3: setting latency timer to 64
Jan 13 01:10:37 ubuntu kernel: [    0.385797] pci 0000:00:16.4: setting latency timer to 64
Jan 13 01:10:37 ubuntu kernel: [    0.385829] pci 0000:00:16.5: setting latency timer to 64
Jan 13 01:10:37 ubuntu kernel: [    0.385861] pci 0000:00:16.6: setting latency timer to 64
Jan 13 01:10:37 ubuntu kernel: [    0.385893] pci 0000:00:16.7: setting latency timer to 64
Jan 13 01:10:37 ubuntu kernel: [    0.385926] pci 0000:00:17.0: setting latency timer to 64
Jan 13 01:10:37 ubuntu kernel: [    0.385958] pci 0000:00:17.1: setting latency timer to 64
Jan 13 01:10:37 ubuntu kernel: [    0.385990] pci 0000:00:17.2: setting latency timer to 64
Jan 13 01:10:37 ubuntu kernel: [    0.386022] pci 0000:00:17.3: setting latency timer to 64
Jan 13 01:10:37 ubuntu kernel: [    0.386054] pci 0000:00:17.4: setting latency timer to 64
Jan 13 01:10:37 ubuntu kernel: [    0.386086] pci 0000:00:17.5: setting latency timer to 64
Jan 13 01:10:37 ubuntu kernel: [    0.386118] pci 0000:00:17.6: setting latency timer to 64
Jan 13 01:10:37 ubuntu kernel: [    0.386150] pci 0000:00:17.7: setting latency timer to 64
Jan 13 01:10:37 ubuntu kernel: [    0.386182] pci 0000:00:18.0: setting latency timer to 64
Jan 13 01:10:37 ubuntu kernel: [    0.386214] pci 0000:00:18.1: setting latency timer to 64
Jan 13 01:10:37 ubuntu kernel: [    0.386261] pci 0000:00:18.2: setting latency timer to 64
Jan 13 01:10:37 ubuntu kernel: [    0.386295] pci 0000:00:18.3: setting latency timer to 64
Jan 13 01:10:37 ubuntu kernel: [    0.386337] pci 0000:00:18.4: setting latency timer to 64
Jan 13 01:10:37 ubuntu kernel: [    0.386369] pci 0000:00:18.5: setting latency timer to 64
Jan 13 01:10:37 ubuntu kernel: [    0.386401] pci 0000:00:18.6: setting latency timer to 64
Jan 13 01:10:37 ubuntu kernel: [    0.386433] pci 0000:00:18.7: setting latency timer to 64
Jan 13 01:10:37 ubuntu kernel: [    0.386441] pci_bus 0000:00: resource 4 [mem 0x000a0000-0x000bffff]
Jan 13 01:10:37 ubuntu kernel: [    0.386443] pci_bus 0000:00: resource 5 [mem 0x000cc000-0x000cffff]
Jan 13 01:10:37 ubuntu kernel: [    0.386444] pci_bus 0000:00: resource 6 [mem 0x000d0000-0x000d3fff]
Jan 13 01:10:37 ubuntu kernel: [    0.386445] pci_bus 0000:00: resource 7 [mem 0x000d4000-0x000d7fff]
Jan 13 01:10:37 ubuntu kernel: [    0.386447] pci_bus 0000:00: resource 8 [mem 0x000d8000-0x000dbfff]
Jan 13 01:10:37 ubuntu kernel: [    0.386448] pci_bus 0000:00: resource 9 [mem 0xc0000000-0xfebfffff]
Jan 13 01:10:37 ubuntu kernel: [    0.386449] pci_bus 0000:00: resource 10 [io  0x0000-0x0cf7]
Jan 13 01:10:37 ubuntu kernel: [    0.386451] pci_bus 0000:00: resource 11 [io  0x0d00-0xfeff]
Jan 13 01:10:37 ubuntu kernel: [    0.386452] pci_bus 0000:02: resource 0 [io  0x2000-0x3fff]
Jan 13 01:10:37 ubuntu kernel: [    0.386453] pci_bus 0000:02: resource 1 [mem 0xfd500000-0xfdffffff]
Jan 13 01:10:37 ubuntu kernel: [    0.386455] pci_bus 0000:02: resource 2 [mem 0xe7b00000-0xe7ffffff 64bit pref]
Jan 13 01:10:37 ubuntu kernel: [    0.386456] pci_bus 0000:02: resource 4 [mem 0x000a0000-0x000bffff]
Jan 13 01:10:37 ubuntu kernel: [    0.386457] pci_bus 0000:02: resource 5 [mem 0x000cc000-0x000cffff]
Jan 13 01:10:37 ubuntu kernel: [    0.386458] pci_bus 0000:02: resource 6 [mem 0x000d0000-0x000d3fff]
Jan 13 01:10:37 ubuntu kernel: [    0.386460] pci_bus 0000:02: resource 7 [mem 0x000d4000-0x000d7fff]
Jan 13 01:10:37 ubuntu kernel: [    0.386461] pci_bus 0000:02: resource 8 [mem 0x000d8000-0x000dbfff]
Jan 13 01:10:37 ubuntu kernel: [    0.386462] pci_bus 0000:02: resource 9 [mem 0xc0000000-0xfebfffff]
Jan 13 01:10:37 ubuntu kernel: [    0.386463] pci_bus 0000:02: resource 10 [io  0x0000-0x0cf7]
Jan 13 01:10:37 ubuntu kernel: [    0.386464] pci_bus 0000:02: resource 11 [io  0x0d00-0xfeff]
Jan 13 01:10:37 ubuntu kernel: [    0.386466] pci_bus 0000:03: resource 0 [io  0x4000-0x4fff]
Jan 13 01:10:37 ubuntu kernel: [    0.386467] pci_bus 0000:03: resource 1 [mem 0xfd400000-0xfd4fffff]
Jan 13 01:10:37 ubuntu kernel: [    0.386468] pci_bus 0000:03: resource 2 [mem 0xe7a00000-0xe7afffff 64bit pref]
Jan 13 01:10:37 ubuntu kernel: [    0.386470] pci_bus 0000:04: resource 0 [io  0x8000-0x8fff]
Jan 13 01:10:37 ubuntu kernel: [    0.386471] pci_bus 0000:04: resource 1 [mem 0xfd000000-0xfd0fffff]
Jan 13 01:10:37 ubuntu kernel: [    0.386472] pci_bus 0000:04: resource 2 [mem 0xe7600000-0xe76fffff 64bit pref]
Jan 13 01:10:37 ubuntu kernel: [    0.386474] pci_bus 0000:05: resource 0 [io  0xc000-0xcfff]
Jan 13 01:10:37 ubuntu kernel: [    0.386475] pci_bus 0000:05: resource 1 [mem 0xfcc00000-0xfccfffff]
Jan 13 01:10:37 ubuntu kernel: [    0.386476] pci_bus 0000:05: resource 2 [mem 0xe7200000-0xe72fffff 64bit pref]
Jan 13 01:10:37 ubuntu kernel: [    0.386477] pci_bus 0000:06: resource 1 [mem 0xfc800000-0xfc8fffff]
Jan 13 01:10:37 ubuntu kernel: [    0.386479] pci_bus 0000:06: resource 2 [mem 0xe6e00000-0xe6efffff 64bit pref]
Jan 13 01:10:37 ubuntu kernel: [    0.386480] pci_bus 0000:07: resource 1 [mem 0xfc400000-0xfc4fffff]
Jan 13 01:10:37 ubuntu kernel: [    0.386481] pci_bus 0000:07: resource 2 [mem 0xe6a00000-0xe6afffff 64bit pref]
Jan 13 01:10:37 ubuntu kernel: [    0.386483] pci_bus 0000:08: resource 1 [mem 0xfc000000-0xfc0fffff]
Jan 13 01:10:37 ubuntu kernel: [    0.386484] pci_bus 0000:08: resource 2 [mem 0xe6600000-0xe66fffff 64bit pref]
Jan 13 01:10:37 ubuntu kernel: [    0.386486] pci_bus 0000:09: resource 1 [mem 0xfbc00000-0xfbcfffff]
Jan 13 01:10:37 ubuntu kernel: [    0.386487] pci_bus 0000:09: resource 2 [mem 0xe6200000-0xe62fffff 64bit pref]
Jan 13 01:10:37 ubuntu kernel: [    0.386488] pci_bus 0000:0a: resource 1 [mem 0xfb800000-0xfb8fffff]
Jan 13 01:10:37 ubuntu kernel: [    0.386489] pci_bus 0000:0a: resource 2 [mem 0xe5e00000-0xe5efffff 64bit pref]
Jan 13 01:10:37 ubuntu kernel: [    0.386491] pci_bus 0000:0b: resource 0 [io  0x5000-0x5fff]
Jan 13 01:10:37 ubuntu kernel: [    0.386492] pci_bus 0000:0b: resource 1 [mem 0xfd300000-0xfd3fffff]
Jan 13 01:10:37 ubuntu kernel: [    0.386493] pci_bus 0000:0b: resource 2 [mem 0xe7900000-0xe79fffff 64bit pref]
Jan 13 01:10:37 ubuntu kernel: [    0.386495] pci_bus 0000:0c: resource 0 [io  0x9000-0x9fff]
Jan 13 01:10:37 ubuntu kernel: [    0.386496] pci_bus 0000:0c: resource 1 [mem 0xfcf00000-0xfcffffff]
Jan 13 01:10:37 ubuntu kernel: [    0.386497] pci_bus 0000:0c: resource 2 [mem 0xe7500000-0xe75fffff 64bit pref]
Jan 13 01:10:37 ubuntu kernel: [    0.386498] pci_bus 0000:0d: resource 0 [io  0xd000-0xdfff]
Jan 13 01:10:37 ubuntu kernel: [    0.386500] pci_bus 0000:0d: resource 1 [mem 0xfcb00000-0xfcbfffff]
Jan 13 01:10:37 ubuntu kernel: [    0.386501] pci_bus 0000:0d: resource 2 [mem 0xe7100000-0xe71fffff 64bit pref]
Jan 13 01:10:37 ubuntu kernel: [    0.386502] pci_bus 0000:0e: resource 1 [mem 0xfc700000-0xfc7fffff]
Jan 13 01:10:37 ubuntu kernel: [    0.386504] pci_bus 0000:0e: resource 2 [mem 0xe6d00000-0xe6dfffff 64bit pref]
Jan 13 01:10:37 ubuntu kernel: [    0.386505] pci_bus 0000:0f: resource 1 [mem 0xfc300000-0xfc3fffff]
Jan 13 01:10:37 ubuntu kernel: [    0.386506] pci_bus 0000:0f: resource 2 [mem 0xe6900000-0xe69fffff 64bit pref]
Jan 13 01:10:37 ubuntu kernel: [    0.386508] pci_bus 0000:10: resource 1 [mem 0xfbf00000-0xfbffffff]
Jan 13 01:10:37 ubuntu kernel: [    0.386509] pci_bus 0000:10: resource 2 [mem 0xe6500000-0xe65fffff 64bit pref]
Jan 13 01:10:37 ubuntu kernel: [    0.386510] pci_bus 0000:11: resource 1 [mem 0xfbb00000-0xfbbfffff]
Jan 13 01:10:37 ubuntu kernel: [    0.386512] pci_bus 0000:11: resource 2 [mem 0xe6100000-0xe61fffff 64bit pref]
Jan 13 01:10:37 ubuntu kernel: [    0.386513] pci_bus 0000:12: resource 1 [mem 0xfb700000-0xfb7fffff]
Jan 13 01:10:37 ubuntu kernel: [    0.386514] pci_bus 0000:12: resource 2 [mem 0xe5d00000-0xe5dfffff 64bit pref]
Jan 13 01:10:37 ubuntu kernel: [    0.386516] pci_bus 0000:13: resource 0 [io  0x6000-0x6fff]
Jan 13 01:10:37 ubuntu kernel: [    0.386517] pci_bus 0000:13: resource 1 [mem 0xfd200000-0xfd2fffff]
Jan 13 01:10:37 ubuntu kernel: [    0.386518] pci_bus 0000:13: resource 2 [mem 0xe7800000-0xe78fffff 64bit pref]
Jan 13 01:10:37 ubuntu kernel: [    0.386519] pci_bus 0000:14: resource 0 [io  0xa000-0xafff]
Jan 13 01:10:37 ubuntu kernel: [    0.386521] pci_bus 0000:14: resource 1 [mem 0xfce00000-0xfcefffff]
Jan 13 01:10:37 ubuntu kernel: [    0.386522] pci_bus 0000:14: resource 2 [mem 0xe7400000-0xe74fffff 64bit pref]
Jan 13 01:10:37 ubuntu kernel: [    0.386523] pci_bus 0000:15: resource 0 [io  0xe000-0xefff]
Jan 13 01:10:37 ubuntu kernel: [    0.386524] pci_bus 0000:15: resource 1 [mem 0xfca00000-0xfcafffff]
Jan 13 01:10:37 ubuntu kernel: [    0.386526] pci_bus 0000:15: resource 2 [mem 0xe7000000-0xe70fffff 64bit pref]
Jan 13 01:10:37 ubuntu kernel: [    0.386527] pci_bus 0000:16: resource 1 [mem 0xfc600000-0xfc6fffff]
Jan 13 01:10:37 ubuntu kernel: [    0.386528] pci_bus 0000:16: resource 2 [mem 0xe6c00000-0xe6cfffff 64bit pref]
Jan 13 01:10:37 ubuntu kernel: [    0.386530] pci_bus 0000:17: resource 1 [mem 0xfc200000-0xfc2fffff]
Jan 13 01:10:37 ubuntu kernel: [    0.386531] pci_bus 0000:17: resource 2 [mem 0xe6800000-0xe68fffff 64bit pref]
Jan 13 01:10:37 ubuntu kernel: [    0.386532] pci_bus 0000:18: resource 1 [mem 0xfbe00000-0xfbefffff]
Jan 13 01:10:37 ubuntu kernel: [    0.386534] pci_bus 0000:18: resource 2 [mem 0xe6400000-0xe64fffff 64bit pref]
Jan 13 01:10:37 ubuntu kernel: [    0.386535] pci_bus 0000:19: resource 1 [mem 0xfba00000-0xfbafffff]
Jan 13 01:10:37 ubuntu kernel: [    0.386536] pci_bus 0000:19: resource 2 [mem 0xe6000000-0xe60fffff 64bit pref]
Jan 13 01:10:37 ubuntu kernel: [    0.386538] pci_bus 0000:1a: resource 1 [mem 0xfb600000-0xfb6fffff]
Jan 13 01:10:37 ubuntu kernel: [    0.386539] pci_bus 0000:1a: resource 2 [mem 0xe5c00000-0xe5cfffff 64bit pref]
Jan 13 01:10:37 ubuntu kernel: [    0.386540] pci_bus 0000:1b: resource 0 [io  0x7000-0x7fff]
Jan 13 01:10:37 ubuntu kernel: [    0.386541] pci_bus 0000:1b: resource 1 [mem 0xfd100000-0xfd1fffff]
Jan 13 01:10:37 ubuntu kernel: [    0.386543] pci_bus 0000:1b: resource 2 [mem 0xe7700000-0xe77fffff 64bit pref]
Jan 13 01:10:37 ubuntu kernel: [    0.386544] pci_bus 0000:1c: resource 0 [io  0xb000-0xbfff]
Jan 13 01:10:37 ubuntu kernel: [    0.386545] pci_bus 0000:1c: resource 1 [mem 0xfcd00000-0xfcdfffff]
Jan 13 01:10:37 ubuntu kernel: [    0.386547] pci_bus 0000:1c: resource 2 [mem 0xe7300000-0xe73fffff 64bit pref]
Jan 13 01:10:37 ubuntu kernel: [    0.386548] pci_bus 0000:1d: resource 1 [mem 0xfc900000-0xfc9fffff]
Jan 13 01:10:37 ubuntu kernel: [    0.386549] pci_bus 0000:1d: resource 2 [mem 0xe6f00000-0xe6ffffff 64bit pref]
Jan 13 01:10:37 ubuntu kernel: [    0.386551] pci_bus 0000:1e: resource 1 [mem 0xfc500000-0xfc5fffff]
Jan 13 01:10:37 ubuntu kernel: [    0.386552] pci_bus 0000:1e: resource 2 [mem 0xe6b00000-0xe6bfffff 64bit pref]
Jan 13 01:10:37 ubuntu kernel: [    0.386554] pci_bus 0000:1f: resource 1 [mem 0xfc100000-0xfc1fffff]
Jan 13 01:10:37 ubuntu kernel: [    0.386555] pci_bus 0000:1f: resource 2 [mem 0xe6700000-0xe67fffff 64bit pref]
Jan 13 01:10:37 ubuntu kernel: [    0.386556] pci_bus 0000:20: resource 1 [mem 0xfbd00000-0xfbdfffff]
Jan 13 01:10:37 ubuntu kernel: [    0.386557] pci_bus 0000:20: resource 2 [mem 0xe6300000-0xe63fffff 64bit pref]
Jan 13 01:10:37 ubuntu kernel: [    0.386559] pci_bus 0000:21: resource 1 [mem 0xfb900000-0xfb9fffff]
Jan 13 01:10:37 ubuntu kernel: [    0.386560] pci_bus 0000:21: resource 2 [mem 0xe5f00000-0xe5ffffff 64bit pref]
Jan 13 01:10:37 ubuntu kernel: [    0.386561] pci_bus 0000:22: resource 1 [mem 0xfb500000-0xfb5fffff]
Jan 13 01:10:37 ubuntu kernel: [    0.386563] pci_bus 0000:22: resource 2 [mem 0xe5b00000-0xe5bfffff 64bit pref]
Jan 13 01:10:37 ubuntu kernel: [    0.386591] NET: Registered protocol family 2
Jan 13 01:10:37 ubuntu kernel: [    0.386622] IP route cache hash table entries: 32768 (order: 5, 131072 bytes)
Jan 13 01:10:37 ubuntu kernel: [    0.386693] TCP established hash table entries: 131072 (order: 8, 1048576 bytes)
Jan 13 01:10:37 ubuntu kernel: [    0.386800] TCP bind hash table entries: 65536 (order: 7, 524288 bytes)
Jan 13 01:10:37 ubuntu kernel: [    0.386855] TCP: Hash tables configured (established 131072 bind 65536)
Jan 13 01:10:37 ubuntu kernel: [    0.386856] TCP reno registered
Jan 13 01:10:37 ubuntu kernel: [    0.386858] UDP hash table entries: 512 (order: 2, 16384 bytes)
Jan 13 01:10:37 ubuntu kernel: [    0.386861] UDP-Lite hash table entries: 512 (order: 2, 16384 bytes)
Jan 13 01:10:37 ubuntu kernel: [    0.386892] NET: Registered protocol family 1
Jan 13 01:10:37 ubuntu kernel: [    0.386898] pci 0000:00:00.0: Limiting direct PCI/PCI transfers
Jan 13 01:10:37 ubuntu kernel: [    0.386953] pci 0000:00:0f.0: Boot video device
Jan 13 01:10:37 ubuntu kernel: [    0.387199] pci 0000:02:00.0: PCI INT A -> GSI 18 (level, low) -> IRQ 18
Jan 13 01:10:37 ubuntu kernel: [    0.387352] pci 0000:02:00.0: PCI INT A disabled
Jan 13 01:10:37 ubuntu kernel: [    0.387388] pci 0000:02:03.0: PCI INT A -> GSI 17 (level, low) -> IRQ 17
Jan 13 01:10:37 ubuntu kernel: [    0.387448] pci 0000:02:03.0: PCI INT A disabled
Jan 13 01:10:37 ubuntu kernel: [    0.387457] PCI: CLS 32 bytes, default 64
Jan 13 01:10:37 ubuntu kernel: [    0.387558] Simple Boot Flag at 0x36 set to 0x1
Jan 13 01:10:37 ubuntu kernel: [    0.387569] Switching to clocksource tsc
Jan 13 01:10:37 ubuntu kernel: [    0.387756] audit: initializing netlink socket (disabled)
Jan 13 01:10:37 ubuntu kernel: [    0.387761] type=2000 audit(1421079033.267:1): initialized
Jan 13 01:10:37 ubuntu kernel: [    0.398729] Trying to unpack rootfs image as initramfs...
Jan 13 01:10:37 ubuntu kernel: [    0.416315] highmem bounce pool size: 64 pages
Jan 13 01:10:37 ubuntu kernel: [    0.416319] HugeTLB registered 2 MB page size, pre-allocated 0 pages
Jan 13 01:10:37 ubuntu kernel: [    0.425390] VFS: Disk quotas dquot_6.5.2
Jan 13 01:10:37 ubuntu kernel: [    0.425452] Dquot-cache hash table entries: 1024 (order 0, 4096 bytes)
Jan 13 01:10:37 ubuntu kernel: [    0.425864] fuse init (API version 7.17)
Jan 13 01:10:37 ubuntu kernel: [    0.425936] msgmni has been set to 1709
Jan 13 01:10:37 ubuntu kernel: [    0.436312] Block layer SCSI generic (bsg) driver version 0.4 loaded (major 253)
Jan 13 01:10:37 ubuntu kernel: [    0.440263] io scheduler noop registered
Jan 13 01:10:37 ubuntu kernel: [    0.440264] io scheduler deadline registered
Jan 13 01:10:37 ubuntu kernel: [    0.440270] io scheduler cfq registered (default)
Jan 13 01:10:37 ubuntu kernel: [    0.440436] pcieport 0000:00:15.0: setting latency timer to 64
Jan 13 01:10:37 ubuntu kernel: [    0.440755] pcieport 0000:00:15.0: irq 40 for MSI/MSI-X
Jan 13 01:10:37 ubuntu kernel: [    0.441060] pcieport 0000:00:15.1: setting latency timer to 64
Jan 13 01:10:37 ubuntu kernel: [    0.441348] pcieport 0000:00:15.1: irq 41 for MSI/MSI-X
Jan 13 01:10:37 ubuntu kernel: [    0.441690] pcieport 0000:00:15.2: setting latency timer to 64
Jan 13 01:10:37 ubuntu kernel: [    0.441977] pcieport 0000:00:15.2: irq 42 for MSI/MSI-X
Jan 13 01:10:37 ubuntu kernel: [    0.442287] pcieport 0000:00:15.3: setting latency timer to 64
Jan 13 01:10:37 ubuntu kernel: [    0.442574] pcieport 0000:00:15.3: irq 43 for MSI/MSI-X
Jan 13 01:10:37 ubuntu kernel: [    0.442896] pcieport 0000:00:15.4: setting latency timer to 64
Jan 13 01:10:37 ubuntu kernel: [    0.443183] pcieport 0000:00:15.4: irq 44 for MSI/MSI-X
Jan 13 01:10:37 ubuntu kernel: [    0.443492] pcieport 0000:00:15.5: setting latency timer to 64
Jan 13 01:10:37 ubuntu kernel: [    0.443808] pcieport 0000:00:15.5: irq 45 for MSI/MSI-X
Jan 13 01:10:37 ubuntu kernel: [    0.444126] pcieport 0000:00:15.6: setting latency timer to 64
Jan 13 01:10:37 ubuntu kernel: [    0.444427] pcieport 0000:00:15.6: irq 46 for MSI/MSI-X
Jan 13 01:10:37 ubuntu kernel: [    0.444761] pcieport 0000:00:15.7: setting latency timer to 64
Jan 13 01:10:37 ubuntu kernel: [    0.445048] pcieport 0000:00:15.7: irq 47 for MSI/MSI-X
Jan 13 01:10:37 ubuntu kernel: [    0.445348] pcieport 0000:00:16.0: setting latency timer to 64
Jan 13 01:10:37 ubuntu kernel: [    0.445662] pcieport 0000:00:16.0: irq 48 for MSI/MSI-X
Jan 13 01:10:37 ubuntu kernel: [    0.445960] pcieport 0000:00:16.1: setting latency timer to 64
