Mar 22 22:52:37 ubuntu kernel: imklog 5.8.6, log source = /proc/kmsg started.
Mar 22 22:52:37 ubuntu rsyslogd: [origin software="rsyslogd" swVersion="5.8.6" x-pid="3020" x-info="http://www.rsyslog.com"] start
Mar 22 22:52:37 ubuntu rsyslogd: rsyslogd's groupid changed to 103
Mar 22 22:52:37 ubuntu rsyslogd: rsyslogd's userid changed to 101
Mar 22 22:52:37 ubuntu rsyslogd-2039: Could not open output pipe '/dev/xconsole' [try http://www.rsyslog.com/e/2039 ]
Mar 22 22:52:37 ubuntu kernel: [    0.000000] Initializing cgroup subsys cpuset
Mar 22 22:52:37 ubuntu kernel: [    0.000000] Initializing cgroup subsys cpu
Mar 22 22:52:37 ubuntu kernel: [    0.000000] Linux version 3.2.0-29-generic-pae (buildd@roseapple) (gcc version 4.6.3 (Ubuntu/Linaro 4.6.3-1ubuntu5) ) #46-Ubuntu SMP Fri Jul 27 17:25:43 UTC 2012 (Ubuntu 3.2.0-29.46-generic-pae 3.2.24)
Mar 22 22:52:37 ubuntu kernel: [    0.000000] KERNEL supported cpus:
Mar 22 22:52:37 ubuntu kernel: [    0.000000]   Intel GenuineIntel
Mar 22 22:52:37 ubuntu kernel: [    0.000000]   AMD AuthenticAMD
Mar 22 22:52:37 ubuntu kernel: [    0.000000]   NSC Geode by NSC
Mar 22 22:52:37 ubuntu kernel: [    0.000000]   Cyrix CyrixInstead
Mar 22 22:52:37 ubuntu kernel: [    0.000000]   Centaur CentaurHauls
Mar 22 22:52:37 ubuntu kernel: [    0.000000]   Transmeta GenuineTMx86
Mar 22 22:52:37 ubuntu kernel: [    0.000000]   Transmeta TransmetaCPU
Mar 22 22:52:37 ubuntu kernel: [    0.000000]   UMC UMC UMC UMC
Mar 22 22:52:37 ubuntu kernel: [    0.000000] Disabled fast string operations
Mar 22 22:52:37 ubuntu kernel: [    0.000000] BIOS-provided physical RAM map:
Mar 22 22:52:37 ubuntu kernel: [    0.000000]  BIOS-e820: 0000000000000000 - 000000000009f400 (usable)
Mar 22 22:52:37 ubuntu kernel: [    0.000000]  BIOS-e820: 000000000009f400 - 00000000000a0000 (reserved)
Mar 22 22:52:37 ubuntu kernel: [    0.000000]  BIOS-e820: 00000000000ca000 - 00000000000cc000 (reserved)
Mar 22 22:52:37 ubuntu kernel: [    0.000000]  BIOS-e820: 00000000000dc000 - 0000000000100000 (reserved)
Mar 22 22:52:37 ubuntu kernel: [    0.000000]  BIOS-e820: 0000000000100000 - 000000003fee0000 (usable)
Mar 22 22:52:37 ubuntu kernel: [    0.000000]  BIOS-e820: 000000003fee0000 - 000000003feff000 (ACPI data)
Mar 22 22:52:37 ubuntu kernel: [    0.000000]  BIOS-e820: 000000003feff000 - 000000003ff00000 (ACPI NVS)
Mar 22 22:52:37 ubuntu kernel: [    0.000000]  BIOS-e820: 000000003ff00000 - 0000000040000000 (usable)
Mar 22 22:52:37 ubuntu kernel: [    0.000000]  BIOS-e820: 00000000e0000000 - 00000000f0000000 (reserved)
Mar 22 22:52:37 ubuntu kernel: [    0.000000]  BIOS-e820: 00000000fec00000 - 00000000fec10000 (reserved)
Mar 22 22:52:37 ubuntu kernel: [    0.000000]  BIOS-e820: 00000000fee00000 - 00000000fee01000 (reserved)
Mar 22 22:52:37 ubuntu kernel: [    0.000000]  BIOS-e820: 00000000fffe0000 - 0000000100000000 (reserved)
Mar 22 22:52:37 ubuntu kernel: [    0.000000] NX (Execute Disable) protection: active
Mar 22 22:52:37 ubuntu kernel: [    0.000000] DMI present.
Mar 22 22:52:37 ubuntu kernel: [    0.000000] DMI: VMware, Inc. VMware Virtual Platform/440BX Desktop Reference Platform, BIOS 6.00 06/02/2011
Mar 22 22:52:37 ubuntu kernel: [    0.000000] Hypervisor detected: VMware
Mar 22 22:52:37 ubuntu kernel: [    0.000000] e820 update range: 0000000000000000 - 0000000000010000 (usable) ==> (reserved)
Mar 22 22:52:37 ubuntu kernel: [    0.000000] e820 remove range: 00000000000a0000 - 0000000000100000 (usable)
Mar 22 22:52:37 ubuntu kernel: [    0.000000] last_pfn = 0x40000 max_arch_pfn = 0x1000000
Mar 22 22:52:37 ubuntu kernel: [    0.000000] MTRR default type: uncachable
Mar 22 22:52:37 ubuntu kernel: [    0.000000] MTRR fixed ranges enabled:
Mar 22 22:52:37 ubuntu kernel: [    0.000000]   00000-9FFFF write-back
Mar 22 22:52:37 ubuntu kernel: [    0.000000]   A0000-BFFFF uncachable
Mar 22 22:52:37 ubuntu kernel: [    0.000000]   C0000-CBFFF write-protect
Mar 22 22:52:37 ubuntu kernel: [    0.000000]   CC000-EFFFF uncachable
Mar 22 22:52:37 ubuntu kernel: [    0.000000]   F0000-FFFFF write-protect
Mar 22 22:52:37 ubuntu kernel: [    0.000000] MTRR variable ranges enabled:
Mar 22 22:52:37 ubuntu kernel: [    0.000000]   0 base 0000000000 mask FFC0000000 write-back
Mar 22 22:52:37 ubuntu kernel: [    0.000000]   1 disabled
Mar 22 22:52:37 ubuntu kernel: [    0.000000]   2 disabled
Mar 22 22:52:37 ubuntu kernel: [    0.000000]   3 disabled
Mar 22 22:52:37 ubuntu kernel: [    0.000000]   4 disabled
Mar 22 22:52:37 ubuntu kernel: [    0.000000]   5 disabled
Mar 22 22:52:37 ubuntu kernel: [    0.000000]   6 disabled
Mar 22 22:52:37 ubuntu kernel: [    0.000000]   7 disabled
Mar 22 22:52:37 ubuntu kernel: [    0.000000] x86 PAT enabled: cpu 0, old 0x0, new 0x7010600070106
Mar 22 22:52:37 ubuntu kernel: [    0.000000] found SMP MP-table at [c00f6bc0] f6bc0
Mar 22 22:52:37 ubuntu kernel: [    0.000000] initial memory mapped : 0 - 02000000
Mar 22 22:52:37 ubuntu kernel: [    0.000000] Base memory trampoline at [c009b000] 9b000 size 16384
Mar 22 22:52:37 ubuntu kernel: [    0.000000] init_memory_mapping: 0000000000000000-0000000037bfe000
Mar 22 22:52:37 ubuntu kernel: [    0.000000]  0000000000 - 0000200000 page 4k
Mar 22 22:52:37 ubuntu kernel: [    0.000000]  0000200000 - 0037a00000 page 2M
Mar 22 22:52:37 ubuntu kernel: [    0.000000]  0037a00000 - 0037bfe000 page 4k
Mar 22 22:52:37 ubuntu kernel: [    0.000000] kernel direct mapping tables up to 37bfe000 @ 1ffb000-2000000
Mar 22 22:52:37 ubuntu kernel: [    0.000000] RAMDISK: 3f07e000 - 3febf000
Mar 22 22:52:37 ubuntu kernel: [    0.000000] Allocated new RAMDISK: 36dbd000 - 37bfd462
Mar 22 22:52:37 ubuntu kernel: [    0.000000] Move RAMDISK from 000000003f07e000 - 000000003febe461 to 36dbd000 - 37bfd461
Mar 22 22:52:37 ubuntu kernel: [    0.000000] ACPI: RSDP 000f6b50 00024 (v02 PTLTD )
Mar 22 22:52:37 ubuntu kernel: [    0.000000] ACPI: XSDT 3feeefca 0005C (v01 INTEL  440BX    06040000 VMW  01324272)
Mar 22 22:52:37 ubuntu kernel: [    0.000000] ACPI: FACP 3fefee98 000F4 (v04 INTEL  440BX    06040000 PTL  000F4240)
Mar 22 22:52:37 ubuntu kernel: [    0.000000] ACPI: DSDT 3feef5fc 0F89C (v01 PTLTD  Custom   06040000 MSFT 03000001)
Mar 22 22:52:37 ubuntu kernel: [    0.000000] ACPI: FACS 3fefffc0 00040
Mar 22 22:52:37 ubuntu kernel: [    0.000000] ACPI: BOOT 3feef5d4 00028 (v01 PTLTD  $SBFTBL$ 06040000  LTP 00000001)
Mar 22 22:52:37 ubuntu kernel: [    0.000000] ACPI: APIC 3feef3d2 00202 (v01 PTLTD  ? APIC   06040000  LTP 00000000)
Mar 22 22:52:37 ubuntu kernel: [    0.000000] ACPI: MCFG 3feef396 0003C (v01 PTLTD  $PCITBL$ 06040000  LTP 00000001)
Mar 22 22:52:37 ubuntu kernel: [    0.000000] ACPI: SRAT 3feef0c6 002D0 (v02 VMWARE MEMPLUG  06040000 VMW  00000001)
Mar 22 22:52:37 ubuntu kernel: [    0.000000] ACPI: HPET 3feef08e 00038 (v01 VMWARE VMW HPET 06040000 VMW  00000001)
Mar 22 22:52:37 ubuntu kernel: [    0.000000] ACPI: WAET 3feef066 00028 (v01 VMWARE VMW WAET 06040000 VMW  00000001)
Mar 22 22:52:37 ubuntu kernel: [    0.000000] ACPI: Local APIC address 0xfee00000
Mar 22 22:52:37 ubuntu kernel: [    0.000000] 132MB HIGHMEM available.
Mar 22 22:52:37 ubuntu kernel: [    0.000000] 891MB LOWMEM available.
Mar 22 22:52:37 ubuntu kernel: [    0.000000]   mapped low ram: 0 - 37bfe000
Mar 22 22:52:37 ubuntu kernel: [    0.000000]   low ram: 0 - 37bfe000
Mar 22 22:52:37 ubuntu kernel: [    0.000000] Zone PFN ranges:
Mar 22 22:52:37 ubuntu kernel: [    0.000000]   DMA      0x00000010 -> 0x00001000
Mar 22 22:52:37 ubuntu kernel: [    0.000000]   Normal   0x00001000 -> 0x00037bfe
Mar 22 22:52:37 ubuntu kernel: [    0.000000]   HighMem  0x00037bfe -> 0x00040000
Mar 22 22:52:37 ubuntu kernel: [    0.000000] Movable zone start PFN for each node
Mar 22 22:52:37 ubuntu kernel: [    0.000000] early_node_map[3] active PFN ranges
Mar 22 22:52:37 ubuntu kernel: [    0.000000]     0: 0x00000010 -> 0x0000009f
Mar 22 22:52:37 ubuntu kernel: [    0.000000]     0: 0x00000100 -> 0x0003fee0
Mar 22 22:52:37 ubuntu kernel: [    0.000000]     0: 0x0003ff00 -> 0x00040000
Mar 22 22:52:37 ubuntu kernel: [    0.000000] On node 0 totalpages: 261999
Mar 22 22:52:37 ubuntu kernel: [    0.000000] free_area_init_node: node 0, pgdat c1866a40, node_mem_map f65bc200
Mar 22 22:52:37 ubuntu kernel: [    0.000000]   DMA zone: 32 pages used for memmap
Mar 22 22:52:37 ubuntu kernel: [    0.000000]   DMA zone: 0 pages reserved
Mar 22 22:52:37 ubuntu kernel: [    0.000000]   DMA zone: 3951 pages, LIFO batch:0
Mar 22 22:52:37 ubuntu kernel: [    0.000000]   Normal zone: 1752 pages used for memmap
Mar 22 22:52:37 ubuntu kernel: [    0.000000]   Normal zone: 222502 pages, LIFO batch:31
Mar 22 22:52:37 ubuntu kernel: [    0.000000]   HighMem zone: 265 pages used for memmap
Mar 22 22:52:37 ubuntu kernel: [    0.000000]   HighMem zone: 33497 pages, LIFO batch:7
Mar 22 22:52:37 ubuntu kernel: [    0.000000] Using APIC driver default
Mar 22 22:52:37 ubuntu kernel: [    0.000000] ACPI: PM-Timer IO Port: 0x1008
Mar 22 22:52:37 ubuntu kernel: [    0.000000] ACPI: Local APIC address 0xfee00000
Mar 22 22:52:37 ubuntu kernel: [    0.000000] ACPI: LAPIC (acpi_id[0x00] lapic_id[0x00] enabled)
Mar 22 22:52:37 ubuntu kernel: [    0.000000] ACPI: LAPIC (acpi_id[0x01] lapic_id[0x01] disabled)
Mar 22 22:52:37 ubuntu kernel: [    0.000000] ACPI: LAPIC (acpi_id[0x02] lapic_id[0x02] disabled)
Mar 22 22:52:37 ubuntu kernel: [    0.000000] ACPI: LAPIC (acpi_id[0x03] lapic_id[0x03] disabled)
Mar 22 22:52:37 ubuntu kernel: [    0.000000] ACPI: LAPIC (acpi_id[0x04] lapic_id[0x04] disabled)
Mar 22 22:52:37 ubuntu kernel: [    0.000000] ACPI: LAPIC (acpi_id[0x05] lapic_id[0x05] disabled)
Mar 22 22:52:37 ubuntu kernel: [    0.000000] ACPI: LAPIC (acpi_id[0x06] lapic_id[0x06] disabled)
Mar 22 22:52:37 ubuntu kernel: [    0.000000] ACPI: LAPIC (acpi_id[0x07] lapic_id[0x07] disabled)
Mar 22 22:52:37 ubuntu kernel: [    0.000000] ACPI: LAPIC (acpi_id[0x08] lapic_id[0x08] disabled)
Mar 22 22:52:37 ubuntu kernel: [    0.000000] ACPI: LAPIC (acpi_id[0x09] lapic_id[0x09] disabled)
Mar 22 22:52:37 ubuntu kernel: [    0.000000] ACPI: LAPIC (acpi_id[0x0a] lapic_id[0x0a] disabled)
Mar 22 22:52:37 ubuntu kernel: [    0.000000] ACPI: LAPIC (acpi_id[0x0b] lapic_id[0x0b] disabled)
Mar 22 22:52:37 ubuntu kernel: [    0.000000] ACPI: LAPIC (acpi_id[0x0c] lapic_id[0x0c] disabled)
Mar 22 22:52:37 ubuntu kernel: [    0.000000] ACPI: LAPIC (acpi_id[0x0d] lapic_id[0x0d] disabled)
Mar 22 22:52:37 ubuntu kernel: [    0.000000] ACPI: LAPIC (acpi_id[0x0e] lapic_id[0x0e] disabled)
Mar 22 22:52:37 ubuntu kernel: [    0.000000] ACPI: LAPIC (acpi_id[0x0f] lapic_id[0x0f] disabled)
Mar 22 22:52:37 ubuntu kernel: [    0.000000] ACPI: LAPIC (acpi_id[0x10] lapic_id[0x10] disabled)
Mar 22 22:52:37 ubuntu kernel: [    0.000000] ACPI: LAPIC (acpi_id[0x11] lapic_id[0x11] disabled)
Mar 22 22:52:37 ubuntu kernel: [    0.000000] ACPI: LAPIC (acpi_id[0x12] lapic_id[0x12] disabled)
Mar 22 22:52:37 ubuntu kernel: [    0.000000] ACPI: LAPIC (acpi_id[0x13] lapic_id[0x13] disabled)
Mar 22 22:52:37 ubuntu kernel: [    0.000000] ACPI: LAPIC (acpi_id[0x14] lapic_id[0x14] disabled)
Mar 22 22:52:37 ubuntu kernel: [    0.000000] ACPI: LAPIC (acpi_id[0x15] lapic_id[0x15] disabled)
Mar 22 22:52:37 ubuntu kernel: [    0.000000] ACPI: LAPIC (acpi_id[0x16] lapic_id[0x16] disabled)
Mar 22 22:52:37 ubuntu kernel: [    0.000000] ACPI: LAPIC (acpi_id[0x17] lapic_id[0x17] disabled)
Mar 22 22:52:37 ubuntu kernel: [    0.000000] ACPI: LAPIC (acpi_id[0x18] lapic_id[0x18] disabled)
Mar 22 22:52:37 ubuntu kernel: [    0.000000] ACPI: LAPIC (acpi_id[0x19] lapic_id[0x19] disabled)
Mar 22 22:52:37 ubuntu kernel: [    0.000000] ACPI: LAPIC (acpi_id[0x1a] lapic_id[0x1a] disabled)
Mar 22 22:52:37 ubuntu kernel: [    0.000000] ACPI: LAPIC (acpi_id[0x1b] lapic_id[0x1b] disabled)
Mar 22 22:52:37 ubuntu kernel: [    0.000000] ACPI: LAPIC (acpi_id[0x1c] lapic_id[0x1c] disabled)
Mar 22 22:52:37 ubuntu kernel: [    0.000000] ACPI: LAPIC (acpi_id[0x1d] lapic_id[0x1d] disabled)
Mar 22 22:52:37 ubuntu kernel: [    0.000000] ACPI: LAPIC (acpi_id[0x1e] lapic_id[0x1e] disabled)
Mar 22 22:52:37 ubuntu kernel: [    0.000000] ACPI: LAPIC (acpi_id[0x1f] lapic_id[0x1f] disabled)
Mar 22 22:52:37 ubuntu kernel: [    0.000000] ACPI: LAPIC_NMI (acpi_id[0x00] high edge lint[0x1])
Mar 22 22:52:37 ubuntu kernel: [    0.000000] ACPI: LAPIC_NMI (acpi_id[0x01] high edge lint[0x1])
Mar 22 22:52:37 ubuntu kernel: [    0.000000] ACPI: LAPIC_NMI (acpi_id[0x02] high edge lint[0x1])
Mar 22 22:52:37 ubuntu kernel: [    0.000000] ACPI: LAPIC_NMI (acpi_id[0x03] high edge lint[0x1])
Mar 22 22:52:37 ubuntu kernel: [    0.000000] ACPI: LAPIC_NMI (acpi_id[0x04] high edge lint[0x1])
Mar 22 22:52:37 ubuntu kernel: [    0.000000] ACPI: LAPIC_NMI (acpi_id[0x05] high edge lint[0x1])
Mar 22 22:52:37 ubuntu kernel: [    0.000000] ACPI: LAPIC_NMI (acpi_id[0x06] high edge lint[0x1])
Mar 22 22:52:37 ubuntu kernel: [    0.000000] ACPI: LAPIC_NMI (acpi_id[0x07] high edge lint[0x1])
Mar 22 22:52:37 ubuntu kernel: [    0.000000] ACPI: LAPIC_NMI (acpi_id[0x08] high edge lint[0x1])
Mar 22 22:52:37 ubuntu kernel: [    0.000000] ACPI: LAPIC_NMI (acpi_id[0x09] high edge lint[0x1])
Mar 22 22:52:37 ubuntu kernel: [    0.000000] ACPI: LAPIC_NMI (acpi_id[0x0a] high edge lint[0x1])
Mar 22 22:52:37 ubuntu kernel: [    0.000000] ACPI: LAPIC_NMI (acpi_id[0x0b] high edge lint[0x1])
Mar 22 22:52:37 ubuntu kernel: [    0.000000] ACPI: LAPIC_NMI (acpi_id[0x0c] high edge lint[0x1])
Mar 22 22:52:37 ubuntu kernel: [    0.000000] ACPI: LAPIC_NMI (acpi_id[0x0d] high edge lint[0x1])
Mar 22 22:52:37 ubuntu kernel: [    0.000000] ACPI: LAPIC_NMI (acpi_id[0x0e] high edge lint[0x1])
Mar 22 22:52:37 ubuntu kernel: [    0.000000] ACPI: LAPIC_NMI (acpi_id[0x0f] high edge lint[0x1])
Mar 22 22:52:37 ubuntu kernel: [    0.000000] ACPI: LAPIC_NMI (acpi_id[0x10] high edge lint[0x1])
Mar 22 22:52:37 ubuntu kernel: [    0.000000] ACPI: LAPIC_NMI (acpi_id[0x11] high edge lint[0x1])
Mar 22 22:52:37 ubuntu kernel: [    0.000000] ACPI: LAPIC_NMI (acpi_id[0x12] high edge lint[0x1])
Mar 22 22:52:37 ubuntu kernel: [    0.000000] ACPI: LAPIC_NMI (acpi_id[0x13] high edge lint[0x1])
Mar 22 22:52:37 ubuntu kernel: [    0.000000] ACPI: LAPIC_NMI (acpi_id[0x14] high edge lint[0x1])
Mar 22 22:52:37 ubuntu kernel: [    0.000000] ACPI: LAPIC_NMI (acpi_id[0x15] high edge lint[0x1])
Mar 22 22:52:37 ubuntu kernel: [    0.000000] ACPI: LAPIC_NMI (acpi_id[0x16] high edge lint[0x1])
Mar 22 22:52:37 ubuntu kernel: [    0.000000] ACPI: LAPIC_NMI (acpi_id[0x17] high edge lint[0x1])
Mar 22 22:52:37 ubuntu kernel: [    0.000000] ACPI: LAPIC_NMI (acpi_id[0x18] high edge lint[0x1])
Mar 22 22:52:37 ubuntu kernel: [    0.000000] ACPI: LAPIC_NMI (acpi_id[0x19] high edge lint[0x1])
Mar 22 22:52:37 ubuntu kernel: [    0.000000] ACPI: LAPIC_NMI (acpi_id[0x1a] high edge lint[0x1])
Mar 22 22:52:37 ubuntu kernel: [    0.000000] ACPI: LAPIC_NMI (acpi_id[0x1b] high edge lint[0x1])
Mar 22 22:52:37 ubuntu kernel: [    0.000000] ACPI: LAPIC_NMI (acpi_id[0x1c] high edge lint[0x1])
Mar 22 22:52:37 ubuntu kernel: [    0.000000] ACPI: LAPIC_NMI (acpi_id[0x1d] high edge lint[0x1])
Mar 22 22:52:37 ubuntu kernel: [    0.000000] ACPI: LAPIC_NMI (acpi_id[0x1e] high edge lint[0x1])
Mar 22 22:52:37 ubuntu kernel: [    0.000000] ACPI: LAPIC_NMI (acpi_id[0x1f] high edge lint[0x1])
Mar 22 22:52:37 ubuntu kernel: [    0.000000] ACPI: IOAPIC (id[0x20] address[0xfec00000] gsi_base[0])
Mar 22 22:52:37 ubuntu kernel: [    0.000000] IOAPIC[0]: apic_id 32, version 17, address 0xfec00000, GSI 0-23
Mar 22 22:52:37 ubuntu kernel: [    0.000000] ACPI: INT_SRC_OVR (bus 0 bus_irq 0 global_irq 2 high edge)
Mar 22 22:52:37 ubuntu kernel: [    0.000000] ACPI: IRQ0 used by override.
Mar 22 22:52:37 ubuntu kernel: [    0.000000] ACPI: IRQ2 used by override.
Mar 22 22:52:37 ubuntu kernel: [    0.000000] ACPI: IRQ9 used by override.
Mar 22 22:52:37 ubuntu kernel: [    0.000000] Using ACPI (MADT) for SMP configuration information
Mar 22 22:52:37 ubuntu kernel: [    0.000000] ACPI: HPET id: 0x8086af01 base: 0xfed00000
Mar 22 22:52:37 ubuntu kernel: [    0.000000] 32 Processors exceeds NR_CPUS limit of 8
Mar 22 22:52:37 ubuntu kernel: [    0.000000] SMP: Allowing 8 CPUs, 7 hotplug CPUs
Mar 22 22:52:37 ubuntu kernel: [    0.000000] nr_irqs_gsi: 40
Mar 22 22:52:37 ubuntu kernel: [    0.000000] PM: Registered nosave memory: 000000000009f000 - 00000000000a0000
Mar 22 22:52:37 ubuntu kernel: [    0.000000] PM: Registered nosave memory: 00000000000a0000 - 00000000000ca000
Mar 22 22:52:37 ubuntu kernel: [    0.000000] PM: Registered nosave memory: 00000000000ca000 - 00000000000cc000
Mar 22 22:52:37 ubuntu kernel: [    0.000000] PM: Registered nosave memory: 00000000000cc000 - 00000000000dc000
Mar 22 22:52:37 ubuntu kernel: [    0.000000] PM: Registered nosave memory: 00000000000dc000 - 0000000000100000
Mar 22 22:52:37 ubuntu kernel: [    0.000000] Allocating PCI resources starting at 40000000 (gap: 40000000:a0000000)
Mar 22 22:52:37 ubuntu kernel: [    0.000000] Booting paravirtualized kernel on bare hardware
Mar 22 22:52:37 ubuntu kernel: [    0.000000] setup_percpu: NR_CPUS:8 nr_cpumask_bits:8 nr_cpu_ids:8 nr_node_ids:1
Mar 22 22:52:37 ubuntu kernel: [    0.000000] PERCPU: Embedded 14 pages/cpu @f6545000 s34240 r0 d23104 u57344
Mar 22 22:52:37 ubuntu kernel: [    0.000000] pcpu-alloc: s34240 r0 d23104 u57344 alloc=14*4096
Mar 22 22:52:37 ubuntu kernel: [    0.000000] pcpu-alloc: [0] 0 [0] 1 [0] 2 [0] 3 [0] 4 [0] 5 [0] 6 [0] 7 
Mar 22 22:52:37 ubuntu kernel: [    0.000000] Built 1 zonelists in Zone order, mobility grouping on.  Total pages: 259950
Mar 22 22:52:37 ubuntu kernel: [    0.000000] Kernel command line: initrd=initrd.lz file=/cdrom/preseed/ubuntu.seed boot=casper quiet splash -- debian-installer/custom-installation=/custom find_preseed=/preseed.cfg auto preseed/file=/floppy/preseed.cfg automatic-ubiquity noprompt priority=critical locale=en_US console-setup/modelcode=evdev BOOT_IMAGE=vmlinuz 
Mar 22 22:52:37 ubuntu kernel: [    0.000000] PID hash table entries: 4096 (order: 2, 16384 bytes)
Mar 22 22:52:37 ubuntu kernel: [    0.000000] Dentry cache hash table entries: 131072 (order: 7, 524288 bytes)
Mar 22 22:52:37 ubuntu kernel: [    0.000000] Inode-cache hash table entries: 65536 (order: 6, 262144 bytes)
Mar 22 22:52:37 ubuntu kernel: [    0.000000] Initializing CPU#0
Mar 22 22:52:37 ubuntu kernel: [    0.000000] allocated 4194048 bytes of page_cgroup
Mar 22 22:52:37 ubuntu kernel: [    0.000000] please try 'cgroup_disable=memory' option if you don't want memory cgroups
Mar 22 22:52:37 ubuntu kernel: [    0.000000] Initializing HighMem for node 0 (00037bfe:00040000)
Mar 22 22:52:37 ubuntu kernel: [    0.000000] Memory: 1009472k/1048576k available (5814k kernel code, 38524k reserved, 2841k data, 740k init, 135048k highmem)
Mar 22 22:52:37 ubuntu kernel: [    0.000000] virtual kernel memory layout:
Mar 22 22:52:37 ubuntu kernel: [    0.000000]     fixmap  : 0xfff16000 - 0xfffff000   ( 932 kB)
Mar 22 22:52:37 ubuntu kernel: [    0.000000]     pkmap   : 0xffc00000 - 0xffe00000   (2048 kB)
Mar 22 22:52:37 ubuntu kernel: [    0.000000]     vmalloc : 0xf83fe000 - 0xffbfe000   ( 120 MB)
Mar 22 22:52:37 ubuntu kernel: [    0.000000]     lowmem  : 0xc0000000 - 0xf7bfe000   ( 891 MB)
Mar 22 22:52:37 ubuntu kernel: [    0.000000]       .init : 0xc1875000 - 0xc192e000   ( 740 kB)
Mar 22 22:52:37 ubuntu kernel: [    0.000000]       .data : 0xc15adb64 - 0xc1874240   (2841 kB)
Mar 22 22:52:37 ubuntu kernel: [    0.000000]       .text : 0xc1000000 - 0xc15adb64   (5814 kB)
Mar 22 22:52:37 ubuntu kernel: [    0.000000] Checking if this processor honours the WP bit even in supervisor mode...Ok.
Mar 22 22:52:37 ubuntu kernel: [    0.000000] SLUB: Genslabs=15, HWalign=64, Order=0-3, MinObjects=0, CPUs=8, Nodes=1
Mar 22 22:52:37 ubuntu kernel: [    0.000000] Hierarchical RCU implementation.
Mar 22 22:52:37 ubuntu kernel: [    0.000000] 	RCU dyntick-idle grace-period acceleration is enabled.
Mar 22 22:52:37 ubuntu kernel: [    0.000000] NR_IRQS:2304 nr_irqs:744 16
Mar 22 22:52:37 ubuntu kernel: [    0.000000] CPU 0 irqstacks, hard=f5c0a000 soft=f5c0c000
Mar 22 22:52:37 ubuntu kernel: [    0.000000] Extended CMOS year: 2000
Mar 22 22:52:37 ubuntu kernel: [    0.000000] Console: colour VGA+ 80x25
Mar 22 22:52:37 ubuntu kernel: [    0.000000] console [tty0] enabled
Mar 22 22:52:37 ubuntu kernel: [    0.000000] hpet clockevent registered
Mar 22 22:52:37 ubuntu kernel: [    0.000000] TSC freq read from hypervisor : 2808.820 MHz
Mar 22 22:52:37 ubuntu kernel: [    0.000000] Detected 2808.820 MHz processor.
Mar 22 22:52:37 ubuntu kernel: [    0.000004] Calibrating delay loop (skipped) preset value.. 5617.64 BogoMIPS (lpj=11235280)
Mar 22 22:52:37 ubuntu kernel: [    0.000007] pid_max: default: 32768 minimum: 301
Mar 22 22:52:37 ubuntu kernel: [    0.000025] Security Framework initialized
Mar 22 22:52:37 ubuntu kernel: [    0.000184] AppArmor: AppArmor initialized
Mar 22 22:52:37 ubuntu kernel: [    0.000185] Yama: becoming mindful.
Mar 22 22:52:37 ubuntu kernel: [    0.000333] Mount-cache hash table entries: 512
Mar 22 22:52:37 ubuntu kernel: [    0.000639] Initializing cgroup subsys cpuacct
Mar 22 22:52:37 ubuntu kernel: [    0.000644] Initializing cgroup subsys memory
Mar 22 22:52:37 ubuntu kernel: [    0.000651] Initializing cgroup subsys devices
Mar 22 22:52:37 ubuntu kernel: [    0.000654] Initializing cgroup subsys freezer
Mar 22 22:52:37 ubuntu kernel: [    0.000656] Initializing cgroup subsys blkio
Mar 22 22:52:37 ubuntu kernel: [    0.000674] Initializing cgroup subsys perf_event
Mar 22 22:52:37 ubuntu kernel: [    0.000717] Disabled fast string operations
Mar 22 22:52:37 ubuntu kernel: [    0.000720] CPU: Physical Processor ID: 0
Mar 22 22:52:37 ubuntu kernel: [    0.000731] mce: CPU supports 0 MCE banks
Mar 22 22:52:37 ubuntu kernel: [    0.001759] SMP alternatives: switching to UP code
Mar 22 22:52:37 ubuntu kernel: [    0.016738] ACPI: Core revision 20110623
Mar 22 22:52:37 ubuntu kernel: [    0.029168] ftrace: allocating 26545 entries in 52 pages
Mar 22 22:52:37 ubuntu kernel: [    0.051374] Enabling APIC mode:  Flat.  Using 1 I/O APICs
Mar 22 22:52:37 ubuntu kernel: [    0.051952] ..TIMER: vector=0x30 apic1=0 pin1=2 apic2=-1 pin2=-1
Mar 22 22:52:37 ubuntu kernel: [    0.091597] CPU0: Intel(R) Core(TM) i5 CPU         760  @ 2.80GHz stepping 05
Mar 22 22:52:37 ubuntu kernel: [    0.195892] Performance Events: erratum AAJ80 worked around, Nehalem events, Intel PMU driver.
Mar 22 22:52:37 ubuntu kernel: [    0.195911] ... version:                3
Mar 22 22:52:37 ubuntu kernel: [    0.195913] ... bit width:              48
Mar 22 22:52:37 ubuntu kernel: [    0.195914] ... generic registers:      4
Mar 22 22:52:37 ubuntu kernel: [    0.195915] ... value mask:             0000ffffffffffff
Mar 22 22:52:37 ubuntu kernel: [    0.195916] ... max period:             000000007fffffff
Mar 22 22:52:37 ubuntu kernel: [    0.195917] ... fixed-purpose events:   3
Mar 22 22:52:37 ubuntu kernel: [    0.195918] ... event mask:             000000070000000f
Mar 22 22:52:37 ubuntu kernel: [    0.196313] NMI watchdog enabled, takes one hw-pmu counter.
Mar 22 22:52:37 ubuntu kernel: [    0.196405] Brought up 1 CPUs
Mar 22 22:52:37 ubuntu kernel: [    0.196407] Total of 1 processors activated (5617.64 BogoMIPS).
Mar 22 22:52:37 ubuntu kernel: [    0.196563] x86 PAT enabled: cpu 0, old 0x0, new 0x7010600070106
Mar 22 22:52:37 ubuntu kernel: [    0.196909] devtmpfs: initialized
Mar 22 22:52:37 ubuntu kernel: [    0.196992] EVM: security.selinux
Mar 22 22:52:37 ubuntu kernel: [    0.196993] EVM: security.SMACK64
Mar 22 22:52:37 ubuntu kernel: [    0.196994] EVM: security.capability
Mar 22 22:52:37 ubuntu kernel: [    0.197179] PM: Registering ACPI NVS region at 3feff000 (4096 bytes)
Mar 22 22:52:37 ubuntu kernel: [    0.198183] print_constraints: dummy: 
Mar 22 22:52:37 ubuntu kernel: [    0.198248] RTC time: 22:52:21, date: 03/22/13
Mar 22 22:52:37 ubuntu kernel: [    0.198310] NET: Registered protocol family 16
Mar 22 22:52:37 ubuntu kernel: [    0.198416] EISA bus registered
Mar 22 22:52:37 ubuntu kernel: [    0.198429] ACPI: bus type pci registered
Mar 22 22:52:37 ubuntu kernel: [    0.198631] PCI: MMCONFIG for domain 0000 [bus 00-ff] at [mem 0xe0000000-0xefffffff] (base 0xe0000000)
Mar 22 22:52:37 ubuntu kernel: [    0.198635] PCI: MMCONFIG at [mem 0xe0000000-0xefffffff] reserved in E820
Mar 22 22:52:37 ubuntu kernel: [    0.198637] PCI: Using MMCONFIG for extended config space
Mar 22 22:52:37 ubuntu kernel: [    0.198638] PCI: Using configuration type 1 for base access
Mar 22 22:52:37 ubuntu kernel: [    0.199857] bio: create slab <bio-0> at 0
Mar 22 22:52:37 ubuntu kernel: [    0.200188] ACPI: Added _OSI(Module Device)
Mar 22 22:52:37 ubuntu kernel: [    0.200190] ACPI: Added _OSI(Processor Device)
Mar 22 22:52:37 ubuntu kernel: [    0.200191] ACPI: Added _OSI(3.0 _SCP Extensions)
Mar 22 22:52:37 ubuntu kernel: [    0.200193] ACPI: Added _OSI(Processor Aggregator Device)
Mar 22 22:52:37 ubuntu kernel: [    0.202182] ACPI: EC: Look up EC in DSDT
Mar 22 22:52:37 ubuntu kernel: [    0.207710] [Firmware Bug]: ACPI: BIOS _OSI(Linux) query ignored
Mar 22 22:52:37 ubuntu kernel: [    0.211253] ACPI: Interpreter enabled
Mar 22 22:52:37 ubuntu kernel: [    0.211260] ACPI: (supports S0 S1 S4 S5)
Mar 22 22:52:37 ubuntu kernel: [    0.211269] ACPI: Using IOAPIC for interrupt routing
Mar 22 22:52:37 ubuntu kernel: [    0.255044] ACPI: No dock devices found.
Mar 22 22:52:37 ubuntu kernel: [    0.255046] HEST: Table not found.
Mar 22 22:52:37 ubuntu kernel: [    0.255049] PCI: Using host bridge windows from ACPI; if necessary, use "pci=nocrs" and report a bug
Mar 22 22:52:37 ubuntu kernel: [    0.255897] ACPI: PCI Root Bridge [PCI0] (domain 0000 [bus 00-ff])
Mar 22 22:52:37 ubuntu kernel: [    0.257208] pci_root PNP0A03:00: host bridge window [mem 0x000a0000-0x000bffff]
Mar 22 22:52:37 ubuntu kernel: [    0.257211] pci_root PNP0A03:00: host bridge window [mem 0x000cc000-0x000cffff]
Mar 22 22:52:37 ubuntu kernel: [    0.257213] pci_root PNP0A03:00: host bridge window [mem 0x000d0000-0x000d3fff]
Mar 22 22:52:37 ubuntu kernel: [    0.257214] pci_root PNP0A03:00: host bridge window [mem 0x000d4000-0x000d7fff]
Mar 22 22:52:37 ubuntu kernel: [    0.257216] pci_root PNP0A03:00: host bridge window [mem 0x000d8000-0x000dbfff]
Mar 22 22:52:37 ubuntu kernel: [    0.257218] pci_root PNP0A03:00: host bridge window [mem 0xc0000000-0xfebfffff]
Mar 22 22:52:37 ubuntu kernel: [    0.257220] pci_root PNP0A03:00: host bridge window [io  0x0000-0x0cf7]
Mar 22 22:52:37 ubuntu kernel: [    0.257225] pci_root PNP0A03:00: host bridge window [io  0x0d00-0xfeff]
Mar 22 22:52:37 ubuntu kernel: [    0.257279] pci 0000:00:00.0: [8086:7190] type 0 class 0x000600
Mar 22 22:52:37 ubuntu kernel: [    0.257680] pci 0000:00:01.0: [8086:7191] type 1 class 0x000604
Mar 22 22:52:37 ubuntu kernel: [    0.258046] pci 0000:00:07.0: [8086:7110] type 0 class 0x000601
Mar 22 22:52:37 ubuntu kernel: [    0.258690] pci 0000:00:07.1: [8086:7111] type 0 class 0x000101
Mar 22 22:52:37 ubuntu kernel: [    0.260766] pci 0000:00:07.1: reg 20: [io  0x10c0-0x10cf]
Mar 22 22:52:37 ubuntu kernel: [    0.261690] pci 0000:00:07.3: [8086:7113] type 0 class 0x000680
Mar 22 22:52:37 ubuntu kernel: [    0.262142] pci 0000:00:07.3: quirk: [io  0x1000-0x103f] claimed by PIIX4 ACPI
Mar 22 22:52:37 ubuntu kernel: [    0.262153] pci 0000:00:07.3: quirk: [io  0x1040-0x104f] claimed by PIIX4 SMB
Mar 22 22:52:37 ubuntu kernel: [    0.262342] pci 0000:00:07.7: [15ad:0740] type 0 class 0x000880
Mar 22 22:52:37 ubuntu kernel: [    0.262967] pci 0000:00:07.7: reg 10: [io  0x1080-0x10bf]
Mar 22 22:52:37 ubuntu kernel: [    0.263839] pci 0000:00:07.7: reg 14: [mem 0xc8000000-0xc8001fff 64bit]
Mar 22 22:52:37 ubuntu kernel: [    0.266561] pci 0000:00:0f.0: [15ad:0405] type 0 class 0x000300
Mar 22 22:52:37 ubuntu kernel: [    0.267897] pci 0000:00:0f.0: reg 10: [io  0x10d0-0x10df]
Mar 22 22:52:37 ubuntu kernel: [    0.269176] pci 0000:00:0f.0: reg 14: [mem 0xd0000000-0xd7ffffff pref]
Mar 22 22:52:37 ubuntu kernel: [    0.270439] pci 0000:00:0f.0: reg 18: [mem 0xc8800000-0xc8ffffff]
Mar 22 22:52:37 ubuntu kernel: [    0.275606] pci 0000:00:0f.0: reg 30: [mem 0x00000000-0x00007fff pref]
Mar 22 22:52:37 ubuntu kernel: [    0.275879] pci 0000:00:10.0: [1000:0030] type 0 class 0x000100
Mar 22 22:52:37 ubuntu kernel: [    0.276843] pci 0000:00:10.0: reg 10: [io  0x1400-0x14ff]
Mar 22 22:52:37 ubuntu kernel: [    0.278166] pci 0000:00:10.0: reg 14: [mem 0xc8040000-0xc805ffff 64bit]
Mar 22 22:52:37 ubuntu kernel: [    0.279441] pci 0000:00:10.0: reg 1c: [mem 0xc8020000-0xc803ffff 64bit]
Mar 22 22:52:37 ubuntu kernel: [    0.281746] pci 0000:00:10.0: reg 30: [mem 0x00000000-0x00003fff pref]
Mar 22 22:52:37 ubuntu kernel: [    0.281894] pci 0000:00:11.0: [15ad:0790] type 1 class 0x000604
Mar 22 22:52:37 ubuntu kernel: [    0.282582] pci 0000:00:15.0: [15ad:07a0] type 1 class 0x000604
Mar 22 22:52:37 ubuntu kernel: [    0.283272] pci 0000:00:15.0: PME# supported from D0 D3hot D3cold
Mar 22 22:52:37 ubuntu kernel: [    0.283293] pci 0000:00:15.0: PME# disabled
Mar 22 22:52:37 ubuntu kernel: [    0.283576] pci 0000:00:15.1: [15ad:07a0] type 1 class 0x000604
Mar 22 22:52:37 ubuntu kernel: [    0.284234] pci 0000:00:15.1: PME# supported from D0 D3hot D3cold
Mar 22 22:52:37 ubuntu kernel: [    0.284255] pci 0000:00:15.1: PME# disabled
Mar 22 22:52:37 ubuntu kernel: [    0.284512] pci 0000:00:15.2: [15ad:07a0] type 1 class 0x000604
Mar 22 22:52:37 ubuntu kernel: [    0.285204] pci 0000:00:15.2: PME# supported from D0 D3hot D3cold
Mar 22 22:52:37 ubuntu kernel: [    0.285225] pci 0000:00:15.2: PME# disabled
Mar 22 22:52:37 ubuntu kernel: [    0.285532] pci 0000:00:15.3: [15ad:07a0] type 1 class 0x000604
Mar 22 22:52:37 ubuntu kernel: [    0.286258] pci 0000:00:15.3: PME# supported from D0 D3hot D3cold
Mar 22 22:52:37 ubuntu kernel: [    0.286280] pci 0000:00:15.3: PME# disabled
Mar 22 22:52:37 ubuntu kernel: [    0.286538] pci 0000:00:15.4: [15ad:07a0] type 1 class 0x000604
Mar 22 22:52:37 ubuntu kernel: [    0.287216] pci 0000:00:15.4: PME# supported from D0 D3hot D3cold
Mar 22 22:52:37 ubuntu kernel: [    0.287237] pci 0000:00:15.4: PME# disabled
Mar 22 22:52:37 ubuntu kernel: [    0.287602] pci 0000:00:15.5: [15ad:07a0] type 1 class 0x000604
Mar 22 22:52:37 ubuntu kernel: [    0.288184] pci 0000:00:15.5: PME# supported from D0 D3hot D3cold
Mar 22 22:52:37 ubuntu kernel: [    0.288202] pci 0000:00:15.5: PME# disabled
Mar 22 22:52:37 ubuntu kernel: [    0.288426] pci 0000:00:15.6: [15ad:07a0] type 1 class 0x000604
Mar 22 22:52:37 ubuntu kernel: [    0.289169] pci 0000:00:15.6: PME# supported from D0 D3hot D3cold
Mar 22 22:52:37 ubuntu kernel: [    0.289188] pci 0000:00:15.6: PME# disabled
Mar 22 22:52:37 ubuntu kernel: [    0.289496] pci 0000:00:15.7: [15ad:07a0] type 1 class 0x000604
Mar 22 22:52:37 ubuntu kernel: [    0.290093] pci 0000:00:15.7: PME# supported from D0 D3hot D3cold
Mar 22 22:52:37 ubuntu kernel: [    0.290111] pci 0000:00:15.7: PME# disabled
Mar 22 22:52:37 ubuntu kernel: [    0.290296] pci 0000:00:16.0: [15ad:07a0] type 1 class 0x000604
Mar 22 22:52:37 ubuntu kernel: [    0.290887] pci 0000:00:16.0: PME# supported from D0 D3hot D3cold
Mar 22 22:52:37 ubuntu kernel: [    0.290906] pci 0000:00:16.0: PME# disabled
Mar 22 22:52:37 ubuntu kernel: [    0.291100] pci 0000:00:16.1: [15ad:07a0] type 1 class 0x000604
Mar 22 22:52:37 ubuntu kernel: [    0.291707] pci 0000:00:16.1: PME# supported from D0 D3hot D3cold
Mar 22 22:52:37 ubuntu kernel: [    0.291726] pci 0000:00:16.1: PME# disabled
Mar 22 22:52:37 ubuntu kernel: [    0.291908] pci 0000:00:16.2: [15ad:07a0] type 1 class 0x000604
Mar 22 22:52:37 ubuntu kernel: [    0.292517] pci 0000:00:16.2: PME# supported from D0 D3hot D3cold
Mar 22 22:52:37 ubuntu kernel: [    0.292536] pci 0000:00:16.2: PME# disabled
Mar 22 22:52:37 ubuntu kernel: [    0.292718] pci 0000:00:16.3: [15ad:07a0] type 1 class 0x000604
Mar 22 22:52:37 ubuntu kernel: [    0.293305] pci 0000:00:16.3: PME# supported from D0 D3hot D3cold
Mar 22 22:52:37 ubuntu kernel: [    0.293326] pci 0000:00:16.3: PME# disabled
Mar 22 22:52:37 ubuntu kernel: [    0.293542] pci 0000:00:16.4: [15ad:07a0] type 1 class 0x000604
Mar 22 22:52:37 ubuntu kernel: [    0.294120] pci 0000:00:16.4: PME# supported from D0 D3hot D3cold
Mar 22 22:52:37 ubuntu kernel: [    0.294139] pci 0000:00:16.4: PME# disabled
Mar 22 22:52:37 ubuntu kernel: [    0.294367] pci 0000:00:16.5: [15ad:07a0] type 1 class 0x000604
Mar 22 22:52:37 ubuntu kernel: [    0.294950] pci 0000:00:16.5: PME# supported from D0 D3hot D3cold
Mar 22 22:52:37 ubuntu kernel: [    0.294968] pci 0000:00:16.5: PME# disabled
Mar 22 22:52:37 ubuntu kernel: [    0.295160] pci 0000:00:16.6: [15ad:07a0] type 1 class 0x000604
Mar 22 22:52:37 ubuntu kernel: [    0.295757] pci 0000:00:16.6: PME# supported from D0 D3hot D3cold
Mar 22 22:52:37 ubuntu kernel: [    0.295775] pci 0000:00:16.6: PME# disabled
Mar 22 22:52:37 ubuntu kernel: [    0.295958] pci 0000:00:16.7: [15ad:07a0] type 1 class 0x000604
Mar 22 22:52:37 ubuntu kernel: [    0.296548] pci 0000:00:16.7: PME# supported from D0 D3hot D3cold
Mar 22 22:52:37 ubuntu kernel: [    0.296567] pci 0000:00:16.7: PME# disabled
Mar 22 22:52:37 ubuntu kernel: [    0.296749] pci 0000:00:17.0: [15ad:07a0] type 1 class 0x000604
Mar 22 22:52:37 ubuntu kernel: [    0.297416] pci 0000:00:17.0: PME# supported from D0 D3hot D3cold
Mar 22 22:52:37 ubuntu kernel: [    0.297436] pci 0000:00:17.0: PME# disabled
Mar 22 22:52:37 ubuntu kernel: [    0.297619] pci 0000:00:17.1: [15ad:07a0] type 1 class 0x000604
Mar 22 22:52:37 ubuntu kernel: [    0.298295] pci 0000:00:17.1: PME# supported from D0 D3hot D3cold
Mar 22 22:52:37 ubuntu kernel: [    0.298313] pci 0000:00:17.1: PME# disabled
Mar 22 22:52:37 ubuntu kernel: [    0.298494] pci 0000:00:17.2: [15ad:07a0] type 1 class 0x000604
Mar 22 22:52:37 ubuntu kernel: [    0.299079] pci 0000:00:17.2: PME# supported from D0 D3hot D3cold
Mar 22 22:52:37 ubuntu kernel: [    0.299097] pci 0000:00:17.2: PME# disabled
Mar 22 22:52:37 ubuntu kernel: [    0.299403] pci 0000:00:17.3: [15ad:07a0] type 1 class 0x000604
Mar 22 22:52:37 ubuntu kernel: [    0.299988] pci 0000:00:17.3: PME# supported from D0 D3hot D3cold
Mar 22 22:52:37 ubuntu kernel: [    0.300007] pci 0000:00:17.3: PME# disabled
Mar 22 22:52:37 ubuntu kernel: [    0.300233] pci 0000:00:17.4: [15ad:07a0] type 1 class 0x000604
Mar 22 22:52:37 ubuntu kernel: [    0.300814] pci 0000:00:17.4: PME# supported from D0 D3hot D3cold
Mar 22 22:52:37 ubuntu kernel: [    0.300832] pci 0000:00:17.4: PME# disabled
Mar 22 22:52:37 ubuntu kernel: [    0.301192] pci 0000:00:17.5: [15ad:07a0] type 1 class 0x000604
Mar 22 22:52:37 ubuntu kernel: [    0.301776] pci 0000:00:17.5: PME# supported from D0 D3hot D3cold
Mar 22 22:52:37 ubuntu kernel: [    0.301794] pci 0000:00:17.5: PME# disabled
Mar 22 22:52:37 ubuntu kernel: [    0.301991] pci 0000:00:17.6: [15ad:07a0] type 1 class 0x000604
Mar 22 22:52:37 ubuntu kernel: [    0.302587] pci 0000:00:17.6: PME# supported from D0 D3hot D3cold
Mar 22 22:52:37 ubuntu kernel: [    0.302606] pci 0000:00:17.6: PME# disabled
Mar 22 22:52:37 ubuntu kernel: [    0.302789] pci 0000:00:17.7: [15ad:07a0] type 1 class 0x000604
Mar 22 22:52:37 ubuntu kernel: [    0.303397] pci 0000:00:17.7: PME# supported from D0 D3hot D3cold
Mar 22 22:52:37 ubuntu kernel: [    0.303415] pci 0000:00:17.7: PME# disabled
Mar 22 22:52:37 ubuntu kernel: [    0.303598] pci 0000:00:18.0: [15ad:07a0] type 1 class 0x000604
Mar 22 22:52:37 ubuntu kernel: [    0.304197] pci 0000:00:18.0: PME# supported from D0 D3hot D3cold
Mar 22 22:52:37 ubuntu kernel: [    0.304215] pci 0000:00:18.0: PME# disabled
Mar 22 22:52:37 ubuntu kernel: [    0.304398] pci 0000:00:18.1: [15ad:07a0] type 1 class 0x000604
Mar 22 22:52:37 ubuntu kernel: [    0.304986] pci 0000:00:18.1: PME# supported from D0 D3hot D3cold
Mar 22 22:52:37 ubuntu kernel: [    0.305007] pci 0000:00:18.1: PME# disabled
Mar 22 22:52:37 ubuntu kernel: [    0.305226] pci 0000:00:18.2: [15ad:07a0] type 1 class 0x000604
Mar 22 22:52:37 ubuntu kernel: [    0.305805] pci 0000:00:18.2: PME# supported from D0 D3hot D3cold
Mar 22 22:52:37 ubuntu kernel: [    0.305823] pci 0000:00:18.2: PME# disabled
Mar 22 22:52:37 ubuntu kernel: [    0.306047] pci 0000:00:18.3: [15ad:07a0] type 1 class 0x000604
Mar 22 22:52:37 ubuntu kernel: [    0.306630] pci 0000:00:18.3: PME# supported from D0 D3hot D3cold
Mar 22 22:52:37 ubuntu kernel: [    0.306648] pci 0000:00:18.3: PME# disabled
Mar 22 22:52:37 ubuntu kernel: [    0.306831] pci 0000:00:18.4: [15ad:07a0] type 1 class 0x000604
Mar 22 22:52:37 ubuntu kernel: [    0.307437] pci 0000:00:18.4: PME# supported from D0 D3hot D3cold
Mar 22 22:52:37 ubuntu kernel: [    0.307455] pci 0000:00:18.4: PME# disabled
Mar 22 22:52:37 ubuntu kernel: [    0.307638] pci 0000:00:18.5: [15ad:07a0] type 1 class 0x000604
Mar 22 22:52:37 ubuntu kernel: [    0.308316] pci 0000:00:18.5: PME# supported from D0 D3hot D3cold
Mar 22 22:52:37 ubuntu kernel: [    0.308334] pci 0000:00:18.5: PME# disabled
Mar 22 22:52:37 ubuntu kernel: [    0.308517] pci 0000:00:18.6: [15ad:07a0] type 1 class 0x000604
Mar 22 22:52:37 ubuntu kernel: [    0.309141] pci 0000:00:18.6: PME# supported from D0 D3hot D3cold
Mar 22 22:52:37 ubuntu kernel: [    0.309161] pci 0000:00:18.6: PME# disabled
Mar 22 22:52:37 ubuntu kernel: [    0.309347] pci 0000:00:18.7: [15ad:07a0] type 1 class 0x000604
Mar 22 22:52:37 ubuntu kernel: [    0.310027] pci 0000:00:18.7: PME# supported from D0 D3hot D3cold
Mar 22 22:52:37 ubuntu kernel: [    0.310045] pci 0000:00:18.7: PME# disabled
Mar 22 22:52:37 ubuntu kernel: [    0.310513] pci 0000:00:01.0: PCI bridge to [bus 01-01]
Mar 22 22:52:37 ubuntu kernel: [    0.310840] pci 0000:02:00.0: [15ad:0774] type 0 class 0x000c03
Mar 22 22:52:37 ubuntu kernel: [    0.312690] pci 0000:02:00.0: reg 20: [io  0x20c0-0x20df]
Mar 22 22:52:37 ubuntu kernel: [    0.313607] pci 0000:02:01.0: [1022:2000] type 0 class 0x000200
Mar 22 22:52:37 ubuntu kernel: [    0.313947] pci 0000:02:01.0: reg 10: [io  0x2000-0x207f]
Mar 22 22:52:37 ubuntu kernel: [    0.315801] pci 0000:02:01.0: reg 30: [mem 0x00000000-0x0000ffff pref]
Mar 22 22:52:37 ubuntu kernel: [    0.315909] pci 0000:02:02.0: [1274:1371] type 0 class 0x000401
Mar 22 22:52:37 ubuntu kernel: [    0.316302] pci 0000:02:02.0: reg 10: [io  0x2080-0x20bf]
Mar 22 22:52:37 ubuntu kernel: [    0.318827] pci 0000:02:03.0: [15ad:0770] type 0 class 0x000c03
Mar 22 22:52:37 ubuntu kernel: [    0.319195] pci 0000:02:03.0: reg 10: [mem 0xc9000000-0xc9000fff]
Mar 22 22:52:37 ubuntu kernel: [    0.321719] pci 0000:00:11.0: PCI bridge to [bus 02-02] (subtractive decode)
Mar 22 22:52:37 ubuntu kernel: [    0.321738] pci 0000:00:11.0:   bridge window [io  0x2000-0x3fff]
Mar 22 22:52:37 ubuntu kernel: [    0.321757] pci 0000:00:11.0:   bridge window [mem 0xc9000000-0xca3fffff]
Mar 22 22:52:37 ubuntu kernel: [    0.321791] pci 0000:00:11.0:   bridge window [mem 0xd8400000-0xd89fffff 64bit pref]
Mar 22 22:52:37 ubuntu kernel: [    0.321793] pci 0000:00:11.0:   bridge window [mem 0x000a0000-0x000bffff] (subtractive decode)
Mar 22 22:52:37 ubuntu kernel: [    0.321795] pci 0000:00:11.0:   bridge window [mem 0x000cc000-0x000cffff] (subtractive decode)
Mar 22 22:52:37 ubuntu kernel: [    0.321796] pci 0000:00:11.0:   bridge window [mem 0x000d0000-0x000d3fff] (subtractive decode)
Mar 22 22:52:37 ubuntu kernel: [    0.321798] pci 0000:00:11.0:   bridge window [mem 0x000d4000-0x000d7fff] (subtractive decode)
Mar 22 22:52:37 ubuntu kernel: [    0.321799] pci 0000:00:11.0:   bridge window [mem 0x000d8000-0x000dbfff] (subtractive decode)
Mar 22 22:52:37 ubuntu kernel: [    0.321801] pci 0000:00:11.0:   bridge window [mem 0xc0000000-0xfebfffff] (subtractive decode)
Mar 22 22:52:37 ubuntu kernel: [    0.321803] pci 0000:00:11.0:   bridge window [io  0x0000-0x0cf7] (subtractive decode)
Mar 22 22:52:37 ubuntu kernel: [    0.321804] pci 0000:00:11.0:   bridge window [io  0x0d00-0xfeff] (subtractive decode)
Mar 22 22:52:37 ubuntu kernel: [    0.322177] pci 0000:00:15.0: PCI bridge to [bus 03-03]
Mar 22 22:52:37 ubuntu kernel: [    0.322195] pci 0000:00:15.0:   bridge window [io  0x4000-0x4fff]
Mar 22 22:52:37 ubuntu kernel: [    0.322213] pci 0000:00:15.0:   bridge window [mem 0xca400000-0xca4fffff]
Mar 22 22:52:37 ubuntu kernel: [    0.322246] pci 0000:00:15.0:   bridge window [mem 0xd8a00000-0xd8afffff 64bit pref]
Mar 22 22:52:37 ubuntu kernel: [    0.322761] pci 0000:00:15.1: PCI bridge to [bus 04-04]
Mar 22 22:52:37 ubuntu kernel: [    0.322779] pci 0000:00:15.1:   bridge window [io  0x8000-0x8fff]
Mar 22 22:52:37 ubuntu kernel: [    0.322797] pci 0000:00:15.1:   bridge window [mem 0xca800000-0xca8fffff]
Mar 22 22:52:37 ubuntu kernel: [    0.322830] pci 0000:00:15.1:   bridge window [mem 0xd8e00000-0xd8efffff 64bit pref]
Mar 22 22:52:37 ubuntu kernel: [    0.323312] pci 0000:00:15.2: PCI bridge to [bus 05-05]
Mar 22 22:52:37 ubuntu kernel: [    0.323330] pci 0000:00:15.2:   bridge window [io  0xc000-0xcfff]
Mar 22 22:52:37 ubuntu kernel: [    0.323348] pci 0000:00:15.2:   bridge window [mem 0xcac00000-0xcacfffff]
Mar 22 22:52:37 ubuntu kernel: [    0.323382] pci 0000:00:15.2:   bridge window [mem 0xd9200000-0xd92fffff 64bit pref]
Mar 22 22:52:37 ubuntu kernel: [    0.323911] pci 0000:00:15.3: PCI bridge to [bus 06-06]
Mar 22 22:52:37 ubuntu kernel: [    0.323945] pci 0000:00:15.3:   bridge window [mem 0xcb000000-0xcb0fffff]
Mar 22 22:52:37 ubuntu kernel: [    0.323982] pci 0000:00:15.3:   bridge window [mem 0xd9600000-0xd96fffff 64bit pref]
Mar 22 22:52:37 ubuntu kernel: [    0.324357] pci 0000:00:15.4: PCI bridge to [bus 07-07]
Mar 22 22:52:37 ubuntu kernel: [    0.324391] pci 0000:00:15.4:   bridge window [mem 0xcb400000-0xcb4fffff]
Mar 22 22:52:37 ubuntu kernel: [    0.324425] pci 0000:00:15.4:   bridge window [mem 0xd9a00000-0xd9afffff 64bit pref]
Mar 22 22:52:37 ubuntu kernel: [    0.325055] pci 0000:00:15.5: PCI bridge to [bus 08-08]
Mar 22 22:52:37 ubuntu kernel: [    0.325094] pci 0000:00:15.5:   bridge window [mem 0xcb800000-0xcb8fffff]
Mar 22 22:52:37 ubuntu kernel: [    0.325132] pci 0000:00:15.5:   bridge window [mem 0xd9e00000-0xd9efffff 64bit pref]
Mar 22 22:52:37 ubuntu kernel: [    0.325643] pci 0000:00:15.6: PCI bridge to [bus 09-09]
Mar 22 22:52:37 ubuntu kernel: [    0.325681] pci 0000:00:15.6:   bridge window [mem 0xcbc00000-0xcbcfffff]
Mar 22 22:52:37 ubuntu kernel: [    0.325719] pci 0000:00:15.6:   bridge window [mem 0xda200000-0xda2fffff 64bit pref]
Mar 22 22:52:37 ubuntu kernel: [    0.326136] pci 0000:00:15.7: PCI bridge to [bus 0a-0a]
Mar 22 22:52:37 ubuntu kernel: [    0.326176] pci 0000:00:15.7:   bridge window [mem 0xcc000000-0xcc0fffff]
Mar 22 22:52:37 ubuntu kernel: [    0.326214] pci 0000:00:15.7:   bridge window [mem 0xda600000-0xda6fffff 64bit pref]
Mar 22 22:52:37 ubuntu kernel: [    0.326638] pci 0000:00:16.0: PCI bridge to [bus 0b-0b]
Mar 22 22:52:37 ubuntu kernel: [    0.326656] pci 0000:00:16.0:   bridge window [io  0x5000-0x5fff]
Mar 22 22:52:37 ubuntu kernel: [    0.326674] pci 0000:00:16.0:   bridge window [mem 0xca500000-0xca5fffff]
Mar 22 22:52:37 ubuntu kernel: [    0.326708] pci 0000:00:16.0:   bridge window [mem 0xd8b00000-0xd8bfffff 64bit pref]
Mar 22 22:52:37 ubuntu kernel: [    0.327226] pci 0000:00:16.1: PCI bridge to [bus 0c-0c]
Mar 22 22:52:37 ubuntu kernel: [    0.327245] pci 0000:00:16.1:   bridge window [io  0x9000-0x9fff]
Mar 22 22:52:37 ubuntu kernel: [    0.327263] pci 0000:00:16.1:   bridge window [mem 0xca900000-0xca9fffff]
Mar 22 22:52:37 ubuntu kernel: [    0.327297] pci 0000:00:16.1:   bridge window [mem 0xd8f00000-0xd8ffffff 64bit pref]
Mar 22 22:52:37 ubuntu kernel: [    0.327723] pci 0000:00:16.2: PCI bridge to [bus 0d-0d]
Mar 22 22:52:37 ubuntu kernel: [    0.327741] pci 0000:00:16.2:   bridge window [io  0xd000-0xdfff]
Mar 22 22:52:37 ubuntu kernel: [    0.327759] pci 0000:00:16.2:   bridge window [mem 0xcad00000-0xcadfffff]
Mar 22 22:52:37 ubuntu kernel: [    0.327792] pci 0000:00:16.2:   bridge window [mem 0xd9300000-0xd93fffff 64bit pref]
Mar 22 22:52:37 ubuntu kernel: [    0.328216] pci 0000:00:16.3: PCI bridge to [bus 0e-0e]
Mar 22 22:52:37 ubuntu kernel: [    0.328250] pci 0000:00:16.3:   bridge window [mem 0xcb100000-0xcb1fffff]
Mar 22 22:52:37 ubuntu kernel: [    0.328354] pci 0000:00:16.3:   bridge window [mem 0xd9700000-0xd97fffff 64bit pref]
Mar 22 22:52:37 ubuntu kernel: [    0.328874] pci 0000:00:16.4: PCI bridge to [bus 0f-0f]
Mar 22 22:52:37 ubuntu kernel: [    0.328909] pci 0000:00:16.4:   bridge window [mem 0xcb500000-0xcb5fffff]
Mar 22 22:52:37 ubuntu kernel: [    0.328943] pci 0000:00:16.4:   bridge window [mem 0xd9b00000-0xd9bfffff 64bit pref]
Mar 22 22:52:37 ubuntu kernel: [    0.329317] pci 0000:00:16.5: PCI bridge to [bus 10-10]
Mar 22 22:52:37 ubuntu kernel: [    0.329356] pci 0000:00:16.5:   bridge window [mem 0xcb900000-0xcb9fffff]
Mar 22 22:52:37 ubuntu kernel: [    0.329395] pci 0000:00:16.5:   bridge window [mem 0xd9f00000-0xd9ffffff 64bit pref]
Mar 22 22:52:37 ubuntu kernel: [    0.329923] pci 0000:00:16.6: PCI bridge to [bus 11-11]
Mar 22 22:52:37 ubuntu kernel: [    0.329957] pci 0000:00:16.6:   bridge window [mem 0xcbd00000-0xcbdfffff]
Mar 22 22:52:37 ubuntu kernel: [    0.329990] pci 0000:00:16.6:   bridge window [mem 0xda300000-0xda3fffff 64bit pref]
Mar 22 22:52:37 ubuntu kernel: [    0.330448] pci 0000:00:16.7: PCI bridge to [bus 12-12]
Mar 22 22:52:37 ubuntu kernel: [    0.330482] pci 0000:00:16.7:   bridge window [mem 0xcc100000-0xcc1fffff]
Mar 22 22:52:37 ubuntu kernel: [    0.330516] pci 0000:00:16.7:   bridge window [mem 0xda700000-0xda7fffff 64bit pref]
Mar 22 22:52:37 ubuntu kernel: [    0.331038] pci 0000:00:17.0: PCI bridge to [bus 13-13]
Mar 22 22:52:37 ubuntu kernel: [    0.331056] pci 0000:00:17.0:   bridge window [io  0x6000-0x6fff]
Mar 22 22:52:37 ubuntu kernel: [    0.331074] pci 0000:00:17.0:   bridge window [mem 0xca600000-0xca6fffff]
Mar 22 22:52:37 ubuntu kernel: [    0.331108] pci 0000:00:17.0:   bridge window [mem 0xd8c00000-0xd8cfffff 64bit pref]
Mar 22 22:52:37 ubuntu kernel: [    0.331511] pci 0000:00:17.1: PCI bridge to [bus 14-14]
Mar 22 22:52:37 ubuntu kernel: [    0.331529] pci 0000:00:17.1:   bridge window [io  0xa000-0xafff]
Mar 22 22:52:37 ubuntu kernel: [    0.331547] pci 0000:00:17.1:   bridge window [mem 0xcaa00000-0xcaafffff]
Mar 22 22:52:37 ubuntu kernel: [    0.331581] pci 0000:00:17.1:   bridge window [mem 0xd9000000-0xd90fffff 64bit pref]
Mar 22 22:52:37 ubuntu kernel: [    0.331949] pci 0000:00:17.2: PCI bridge to [bus 15-15]
Mar 22 22:52:37 ubuntu kernel: [    0.331966] pci 0000:00:17.2:   bridge window [io  0xe000-0xefff]
Mar 22 22:52:37 ubuntu kernel: [    0.331984] pci 0000:00:17.2:   bridge window [mem 0xcae00000-0xcaefffff]
Mar 22 22:52:37 ubuntu kernel: [    0.332018] pci 0000:00:17.2:   bridge window [mem 0xd9400000-0xd94fffff 64bit pref]
Mar 22 22:52:37 ubuntu kernel: [    0.332411] pci 0000:00:17.3: PCI bridge to [bus 16-16]
Mar 22 22:52:37 ubuntu kernel: [    0.332447] pci 0000:00:17.3:   bridge window [mem 0xcb200000-0xcb2fffff]
Mar 22 22:52:37 ubuntu kernel: [    0.332481] pci 0000:00:17.3:   bridge window [mem 0xd9800000-0xd98fffff 64bit pref]
Mar 22 22:52:37 ubuntu kernel: [    0.332848] pci 0000:00:17.4: PCI bridge to [bus 17-17]
Mar 22 22:52:37 ubuntu kernel: [    0.332881] pci 0000:00:17.4:   bridge window [mem 0xcb600000-0xcb6fffff]
Mar 22 22:52:37 ubuntu kernel: [    0.332915] pci 0000:00:17.4:   bridge window [mem 0xd9c00000-0xd9cfffff 64bit pref]
Mar 22 22:52:37 ubuntu kernel: [    0.333291] pci 0000:00:17.5: PCI bridge to [bus 18-18]
Mar 22 22:52:37 ubuntu kernel: [    0.333354] pci 0000:00:17.5:   bridge window [mem 0xcba00000-0xcbafffff]
Mar 22 22:52:37 ubuntu kernel: [    0.333394] pci 0000:00:17.5:   bridge window [mem 0xda000000-0xda0fffff 64bit pref]
Mar 22 22:52:37 ubuntu kernel: [    0.333761] pci 0000:00:17.6: PCI bridge to [bus 19-19]
Mar 22 22:52:37 ubuntu kernel: [    0.333794] pci 0000:00:17.6:   bridge window [mem 0xcbe00000-0xcbefffff]
Mar 22 22:52:37 ubuntu kernel: [    0.333828] pci 0000:00:17.6:   bridge window [mem 0xda400000-0xda4fffff 64bit pref]
Mar 22 22:52:37 ubuntu kernel: [    0.334195] pci 0000:00:17.7: PCI bridge to [bus 1a-1a]
Mar 22 22:52:37 ubuntu kernel: [    0.334336] pci 0000:00:17.7:   bridge window [mem 0xcc200000-0xcc2fffff]
Mar 22 22:52:37 ubuntu kernel: [    0.334375] pci 0000:00:17.7:   bridge window [mem 0xda800000-0xda8fffff 64bit pref]
Mar 22 22:52:37 ubuntu kernel: [    0.334742] pci 0000:00:18.0: PCI bridge to [bus 1b-1b]
Mar 22 22:52:37 ubuntu kernel: [    0.334760] pci 0000:00:18.0:   bridge window [io  0x7000-0x7fff]
Mar 22 22:52:37 ubuntu kernel: [    0.334778] pci 0000:00:18.0:   bridge window [mem 0xca700000-0xca7fffff]
Mar 22 22:52:37 ubuntu kernel: [    0.334812] pci 0000:00:18.0:   bridge window [mem 0xd8d00000-0xd8dfffff 64bit pref]
Mar 22 22:52:37 ubuntu kernel: [    0.335218] pci 0000:00:18.1: PCI bridge to [bus 1c-1c]
Mar 22 22:52:37 ubuntu kernel: [    0.335241] pci 0000:00:18.1:   bridge window [io  0xb000-0xbfff]
Mar 22 22:52:37 ubuntu kernel: [    0.335259] pci 0000:00:18.1:   bridge window [mem 0xcab00000-0xcabfffff]
Mar 22 22:52:37 ubuntu kernel: [    0.335292] pci 0000:00:18.1:   bridge window [mem 0xd9100000-0xd91fffff 64bit pref]
Mar 22 22:52:37 ubuntu kernel: [    0.335659] pci 0000:00:18.2: PCI bridge to [bus 1d-1d]
Mar 22 22:52:37 ubuntu kernel: [    0.335676] pci 0000:00:18.2:   bridge window [io  0xf000-0xffff]
Mar 22 22:52:37 ubuntu kernel: [    0.335694] pci 0000:00:18.2:   bridge window [mem 0xcaf00000-0xcaffffff]
Mar 22 22:52:37 ubuntu kernel: [    0.335727] pci 0000:00:18.2:   bridge window [mem 0xd9500000-0xd95fffff 64bit pref]
Mar 22 22:52:37 ubuntu kernel: [    0.336094] pci 0000:00:18.3: PCI bridge to [bus 1e-1e]
Mar 22 22:52:37 ubuntu kernel: [    0.336127] pci 0000:00:18.3:   bridge window [mem 0xcb300000-0xcb3fffff]
Mar 22 22:52:37 ubuntu kernel: [    0.336172] pci 0000:00:18.3:   bridge window [mem 0xd9900000-0xd99fffff 64bit pref]
Mar 22 22:52:37 ubuntu kernel: [    0.336545] pci 0000:00:18.4: PCI bridge to [bus 1f-1f]
Mar 22 22:52:37 ubuntu kernel: [    0.336578] pci 0000:00:18.4:   bridge window [mem 0xcb700000-0xcb7fffff]
Mar 22 22:52:37 ubuntu kernel: [    0.336612] pci 0000:00:18.4:   bridge window [mem 0xd9d00000-0xd9dfffff 64bit pref]
Mar 22 22:52:37 ubuntu kernel: [    0.336978] pci 0000:00:18.5: PCI bridge to [bus 20-20]
Mar 22 22:52:37 ubuntu kernel: [    0.337012] pci 0000:00:18.5:   bridge window [mem 0xcbb00000-0xcbbfffff]
Mar 22 22:52:37 ubuntu kernel: [    0.337045] pci 0000:00:18.5:   bridge window [mem 0xda100000-0xda1fffff 64bit pref]
Mar 22 22:52:37 ubuntu kernel: [    0.337435] pci 0000:00:18.6: PCI bridge to [bus 21-21]
Mar 22 22:52:37 ubuntu kernel: [    0.337468] pci 0000:00:18.6:   bridge window [mem 0xcbf00000-0xcbffffff]
Mar 22 22:52:37 ubuntu kernel: [    0.337502] pci 0000:00:18.6:   bridge window [mem 0xda500000-0xda5fffff 64bit pref]
Mar 22 22:52:37 ubuntu kernel: [    0.337869] pci 0000:00:18.7: PCI bridge to [bus 22-22]
Mar 22 22:52:37 ubuntu kernel: [    0.337902] pci 0000:00:18.7:   bridge window [mem 0xcc300000-0xcc3fffff]
Mar 22 22:52:37 ubuntu kernel: [    0.337935] pci 0000:00:18.7:   bridge window [mem 0xda900000-0xda9fffff 64bit pref]
Mar 22 22:52:37 ubuntu kernel: [    0.339898] pci_bus 0000:00: on NUMA node 0
Mar 22 22:52:37 ubuntu kernel: [    0.339904] ACPI: PCI Interrupt Routing Table [\_SB_.PCI0._PRT]
Mar 22 22:52:37 ubuntu kernel: [    0.340555]  pci0000:00: Requesting ACPI _OSC control (0x1d)
Mar 22 22:52:37 ubuntu kernel: [    0.340779]  pci0000:00: ACPI _OSC control (0x15) granted
Mar 22 22:52:37 ubuntu kernel: [    0.416105] ACPI: PCI Interrupt Link [LNKA] (IRQs 3 4 5 6 7 *9 10 11 14 15)
Mar 22 22:52:37 ubuntu kernel: [    0.416189] ACPI: PCI Interrupt Link [LNKB] (IRQs 3 4 5 6 7 9 10 *11 14 15)
Mar 22 22:52:37 ubuntu kernel: [    0.416262] ACPI: PCI Interrupt Link [LNKC] (IRQs 3 4 5 6 7 9 *10 11 14 15)
Mar 22 22:52:37 ubuntu kernel: [    0.416336] ACPI: PCI Interrupt Link [LNKD] (IRQs 3 4 *5 6 7 9 10 11 14 15)
Mar 22 22:52:37 ubuntu kernel: [    0.416505] vgaarb: device added: PCI:0000:00:0f.0,decodes=io+mem,owns=io+mem,locks=none
Mar 22 22:52:37 ubuntu kernel: [    0.416514] vgaarb: loaded
Mar 22 22:52:37 ubuntu kernel: [    0.416515] vgaarb: bridge control possible 0000:00:0f.0
Mar 22 22:52:37 ubuntu kernel: [    0.416681] i2c-core: driver [aat2870] using legacy suspend method
Mar 22 22:52:37 ubuntu kernel: [    0.416682] i2c-core: driver [aat2870] using legacy resume method
Mar 22 22:52:37 ubuntu kernel: [    0.417135] SCSI subsystem initialized
Mar 22 22:52:37 ubuntu kernel: [    0.417210] libata version 3.00 loaded.
Mar 22 22:52:37 ubuntu kernel: [    0.417265] usbcore: registered new interface driver usbfs
Mar 22 22:52:37 ubuntu kernel: [    0.417272] usbcore: registered new interface driver hub
Mar 22 22:52:37 ubuntu kernel: [    0.417356] usbcore: registered new device driver usb
Mar 22 22:52:37 ubuntu kernel: [    0.417542] PCI: Using ACPI for IRQ routing
Mar 22 22:52:37 ubuntu kernel: [    0.476010] PCI: pci_cache_line_size set to 64 bytes
Mar 22 22:52:37 ubuntu kernel: [    0.476029] pci 0000:00:18.2: no compatible bridge window for [io  0xf000-0xffff]
Mar 22 22:52:37 ubuntu kernel: [    0.476833] reserve RAM buffer: 000000000009f400 - 000000000009ffff 
Mar 22 22:52:37 ubuntu kernel: [    0.476835] reserve RAM buffer: 000000003fee0000 - 000000003fffffff 
Mar 22 22:52:37 ubuntu kernel: [    0.477058] NetLabel: Initializing
Mar 22 22:52:37 ubuntu kernel: [    0.477060] NetLabel:  domain hash size = 128
Mar 22 22:52:37 ubuntu kernel: [    0.477061] NetLabel:  protocols = UNLABELED CIPSOv4
Mar 22 22:52:37 ubuntu kernel: [    0.477070] NetLabel:  unlabeled traffic allowed by default
Mar 22 22:52:37 ubuntu kernel: [    0.477171] HPET: 16 timers in total, 0 timers will be used for per-cpu timer
Mar 22 22:52:37 ubuntu kernel: [    0.477223] hpet0: at MMIO 0xfed00000, IRQs 2, 8, 0, 0, 0, 0, 0, 0, 0, 0, 0, 0, 0, 0, 0, 0
Mar 22 22:52:37 ubuntu kernel: [    0.477229] hpet0: 16 comparators, 64-bit 14.318180 MHz counter
Mar 22 22:52:37 ubuntu kernel: [    0.482620] Switching to clocksource hpet
Mar 22 22:52:37 ubuntu kernel: [    0.499399] AppArmor: AppArmor Filesystem Enabled
Mar 22 22:52:37 ubuntu kernel: [    0.499417] pnp: PnP ACPI init
Mar 22 22:52:37 ubuntu kernel: [    0.499466] ACPI: bus type pnp registered
Mar 22 22:52:37 ubuntu kernel: [    0.500091] pnp 00:00: [bus 00-ff]
Mar 22 22:52:37 ubuntu kernel: [    0.500093] pnp 00:00: [mem 0x000a0000-0x000bffff window]
Mar 22 22:52:37 ubuntu kernel: [    0.500095] pnp 00:00: [mem 0x000c0000-0x000c3fff window]
Mar 22 22:52:37 ubuntu kernel: [    0.500117] pnp 00:00: [mem 0x000c4000-0x000c7fff window]
Mar 22 22:52:37 ubuntu kernel: [    0.500119] pnp 00:00: [mem 0x000c8000-0x000cbfff window]
Mar 22 22:52:37 ubuntu kernel: [    0.500120] pnp 00:00: [mem 0x000cc000-0x000cffff window]
Mar 22 22:52:37 ubuntu kernel: [    0.500122] pnp 00:00: [mem 0x000d0000-0x000d3fff window]
Mar 22 22:52:37 ubuntu kernel: [    0.500123] pnp 00:00: [mem 0x000d4000-0x000d7fff window]
Mar 22 22:52:37 ubuntu kernel: [    0.500124] pnp 00:00: [mem 0x000d8000-0x000dbfff window]
Mar 22 22:52:37 ubuntu kernel: [    0.500126] pnp 00:00: [mem 0x000dc000-0x000dffff window]
Mar 22 22:52:37 ubuntu kernel: [    0.500127] pnp 00:00: [mem 0x000e0000-0x000e3fff window]
Mar 22 22:52:37 ubuntu kernel: [    0.500128] pnp 00:00: [mem 0x000e4000-0x000e7fff window]
Mar 22 22:52:37 ubuntu kernel: [    0.500130] pnp 00:00: [mem 0x000e8000-0x000ebfff window]
Mar 22 22:52:37 ubuntu kernel: [    0.500131] pnp 00:00: [mem 0x000ec000-0x000effff window]
Mar 22 22:52:37 ubuntu kernel: [    0.500132] pnp 00:00: [mem 0xc0000000-0xfebfffff window]
Mar 22 22:52:37 ubuntu kernel: [    0.500134] pnp 00:00: [io  0x0cf8-0x0cff]
Mar 22 22:52:37 ubuntu kernel: [    0.500135] pnp 00:00: [io  0x0000-0x0cf7 window]
Mar 22 22:52:37 ubuntu kernel: [    0.500137] pnp 00:00: [io  0x0d00-0xfeff window]
Mar 22 22:52:37 ubuntu kernel: [    0.500173] pnp 00:00: Plug and Play ACPI device, IDs PNP0a03 PNP0a08 (active)
Mar 22 22:52:37 ubuntu kernel: [    0.500238] pnp 00:01: [io  0x0010-0x001f]
Mar 22 22:52:37 ubuntu kernel: [    0.500239] pnp 00:01: [io  0x0024-0x0025]
Mar 22 22:52:37 ubuntu kernel: [    0.500241] pnp 00:01: [io  0x0028-0x0029]
Mar 22 22:52:37 ubuntu kernel: [    0.500242] pnp 00:01: [io  0x002c-0x002d]
Mar 22 22:52:37 ubuntu kernel: [    0.500243] pnp 00:01: [io  0x002e-0x002f]
Mar 22 22:52:37 ubuntu kernel: [    0.500244] pnp 00:01: [io  0x0030-0x0031]
Mar 22 22:52:37 ubuntu kernel: [    0.500245] pnp 00:01: [io  0x0034-0x0035]
Mar 22 22:52:37 ubuntu kernel: [    0.500246] pnp 00:01: [io  0x0038-0x0039]
Mar 22 22:52:37 ubuntu kernel: [    0.500247] pnp 00:01: [io  0x003c-0x003d]
Mar 22 22:52:37 ubuntu kernel: [    0.500249] pnp 00:01: [io  0x0050-0x0053]
Mar 22 22:52:37 ubuntu kernel: [    0.500250] pnp 00:01: [io  0x0072-0x0077]
Mar 22 22:52:37 ubuntu kernel: [    0.500251] pnp 00:01: [io  0x0080]
Mar 22 22:52:37 ubuntu kernel: [    0.500252] pnp 00:01: [io  0x0090-0x009f]
Mar 22 22:52:37 ubuntu kernel: [    0.500253] pnp 00:01: [io  0x00a4-0x00a5]
Mar 22 22:52:37 ubuntu kernel: [    0.500254] pnp 00:01: [io  0x00a8-0x00a9]
Mar 22 22:52:37 ubuntu kernel: [    0.500255] pnp 00:01: [io  0x00ac-0x00ad]
Mar 22 22:52:37 ubuntu kernel: [    0.500256] pnp 00:01: [io  0x00b0-0x00b5]
Mar 22 22:52:37 ubuntu kernel: [    0.500258] pnp 00:01: [io  0x00b8-0x00b9]
Mar 22 22:52:37 ubuntu kernel: [    0.500259] pnp 00:01: [io  0x00bc-0x00bd]
Mar 22 22:52:37 ubuntu kernel: [    0.500260] pnp 00:01: [io  0x1000-0x103f]
Mar 22 22:52:37 ubuntu kernel: [    0.500261] pnp 00:01: [io  0x1040-0x104f]
Mar 22 22:52:37 ubuntu kernel: [    0.500262] pnp 00:01: [io  0x0cf0-0x0cf1]
Mar 22 22:52:37 ubuntu kernel: [    0.500320] system 00:01: [io  0x1000-0x103f] has been reserved
Mar 22 22:52:37 ubuntu kernel: [    0.500321] system 00:01: [io  0x1040-0x104f] has been reserved
Mar 22 22:52:37 ubuntu kernel: [    0.500323] system 00:01: [io  0x0cf0-0x0cf1] has been reserved
Mar 22 22:52:37 ubuntu kernel: [    0.500326] system 00:01: Plug and Play ACPI device, IDs PNP0c02 (active)
Mar 22 22:52:37 ubuntu kernel: [    0.500332] pnp 00:02: [io  0x0000-0x000f]
Mar 22 22:52:37 ubuntu kernel: [    0.500333] pnp 00:02: [io  0x0081-0x008f]
Mar 22 22:52:37 ubuntu kernel: [    0.500334] pnp 00:02: [io  0x00c0-0x00df]
Mar 22 22:52:37 ubuntu kernel: [    0.500336] pnp 00:02: [dma 4]
Mar 22 22:52:37 ubuntu kernel: [    0.500371] pnp 00:02: Plug and Play ACPI device, IDs PNP0200 (active)
Mar 22 22:52:37 ubuntu kernel: [    0.500381] pnp 00:03: [io  0x0020-0x0021]
Mar 22 22:52:37 ubuntu kernel: [    0.500382] pnp 00:03: [io  0x00a0-0x00a1]
Mar 22 22:52:37 ubuntu kernel: [    0.500383] pnp 00:03: [io  0x04d0-0x04d1]
Mar 22 22:52:37 ubuntu kernel: [    0.500385] pnp 00:03: [irq 2 disabled]
Mar 22 22:52:37 ubuntu kernel: [    0.500399] pnp 00:03: Plug and Play ACPI device, IDs PNP0001 (active)
Mar 22 22:52:37 ubuntu kernel: [    0.500405] pnp 00:04: [io  0x0070-0x0071]
Mar 22 22:52:37 ubuntu kernel: [    0.500417] pnp 00:04: [irq 8]
Mar 22 22:52:37 ubuntu kernel: [    0.500450] pnp 00:04: Plug and Play ACPI device, IDs PNP0b00 (active)
Mar 22 22:52:37 ubuntu kernel: [    0.500457] pnp 00:05: [io  0x0061]
Mar 22 22:52:37 ubuntu kernel: [    0.500472] pnp 00:05: Plug and Play ACPI device, IDs PNP0800 (active)
Mar 22 22:52:37 ubuntu kernel: [    0.500477] pnp 00:06: [io  0x0060]
Mar 22 22:52:37 ubuntu kernel: [    0.500478] pnp 00:06: [io  0x0064]
Mar 22 22:52:37 ubuntu kernel: [    0.500485] pnp 00:06: [irq 1]
Mar 22 22:52:37 ubuntu kernel: [    0.500500] pnp 00:06: Plug and Play ACPI device, IDs PNP0303 (active)
Mar 22 22:52:37 ubuntu kernel: [    0.500508] pnp 00:07: [irq 12]
Mar 22 22:52:37 ubuntu kernel: [    0.500542] pnp 00:07: Plug and Play ACPI device, IDs PNP0f13 (active)
Mar 22 22:52:37 ubuntu kernel: [    0.500695] pnp 00:08: [mem 0xfed00000-0xfed003ff]
Mar 22 22:52:37 ubuntu kernel: [    0.500731] system 00:08: [mem 0xfed00000-0xfed003ff] has been reserved
Mar 22 22:52:37 ubuntu kernel: [    0.500734] system 00:08: Plug and Play ACPI device, IDs PNP0103 PNP0c01 (active)
Mar 22 22:52:37 ubuntu kernel: [    0.505602] pnp 00:09: [io  0x0378-0x037f]
Mar 22 22:52:37 ubuntu kernel: [    0.505610] pnp 00:09: [irq 7]
Mar 22 22:52:37 ubuntu kernel: [    0.507013] pnp 00:09: Plug and Play ACPI device, IDs PNP0400 (active)
Mar 22 22:52:37 ubuntu kernel: [    0.511322] pnp 00:0a: [io  0x03f8-0x03ff]
Mar 22 22:52:37 ubuntu kernel: [    0.511330] pnp 00:0a: [irq 4]
Mar 22 22:52:37 ubuntu kernel: [    0.512496] pnp 00:0a: Plug and Play ACPI device, IDs PNP0501 (active)
Mar 22 22:52:37 ubuntu kernel: [    0.516144] pnp 00:0b: [io  0x02f8-0x02ff]
Mar 22 22:52:37 ubuntu kernel: [    0.516152] pnp 00:0b: [irq 3]
Mar 22 22:52:37 ubuntu kernel: [    0.517283] pnp 00:0b: Plug and Play ACPI device, IDs PNP0501 (active)
Mar 22 22:52:37 ubuntu kernel: [    0.522458] pnp 00:0c: [io  0x03f0-0x03f5]
Mar 22 22:52:37 ubuntu kernel: [    0.522460] pnp 00:0c: [io  0x03f7]
Mar 22 22:52:37 ubuntu kernel: [    0.522472] pnp 00:0c: [irq 6]
Mar 22 22:52:37 ubuntu kernel: [    0.522473] pnp 00:0c: [dma 2]
Mar 22 22:52:37 ubuntu kernel: [    0.523650] pnp 00:0c: Plug and Play ACPI device, IDs PNP0700 (active)
Mar 22 22:52:37 ubuntu kernel: [    0.523808] pnp 00:0d: [mem 0xe0000000-0xefffffff]
Mar 22 22:52:37 ubuntu kernel: [    0.523810] pnp 00:0d: [io  0x1060-0x107f]
Mar 22 22:52:37 ubuntu kernel: [    0.523811] pnp 00:0d: [mem 0xc8200000-0xc83fffff]
Mar 22 22:52:37 ubuntu kernel: [    0.523851] system 00:0d: [io  0x1060-0x107f] has been reserved
Mar 22 22:52:37 ubuntu kernel: [    0.523853] system 00:0d: [mem 0xe0000000-0xefffffff] has been reserved
Mar 22 22:52:37 ubuntu kernel: [    0.523855] system 00:0d: [mem 0xc8200000-0xc83fffff] has been reserved
Mar 22 22:52:37 ubuntu kernel: [    0.523857] system 00:0d: Plug and Play ACPI device, IDs PNP0c02 (active)
Mar 22 22:52:37 ubuntu kernel: [    0.528526] pnp: PnP ACPI: found 14 devices
Mar 22 22:52:37 ubuntu kernel: [    0.528528] ACPI: ACPI bus type pnp unregistered
Mar 22 22:52:37 ubuntu kernel: [    0.528530] PnPBIOS: Disabled by ACPI PNP
Mar 22 22:52:37 ubuntu kernel: [    0.566643] PCI: max bus depth: 1 pci_try_num: 2
Mar 22 22:52:37 ubuntu kernel: [    0.568357] pci 0000:00:0f.0: BAR 6: assigned [mem 0xc0000000-0xc0007fff pref]
Mar 22 22:52:37 ubuntu kernel: [    0.568361] pci 0000:00:10.0: BAR 6: assigned [mem 0xc0008000-0xc000bfff pref]
Mar 22 22:52:37 ubuntu kernel: [    0.568365] pci 0000:00:18.7: BAR 13: can't assign io (size 0x1000)
Mar 22 22:52:37 ubuntu kernel: [    0.568368] pci 0000:00:18.6: BAR 13: can't assign io (size 0x1000)
Mar 22 22:52:37 ubuntu kernel: [    0.568371] pci 0000:00:18.5: BAR 13: can't assign io (size 0x1000)
Mar 22 22:52:37 ubuntu kernel: [    0.568374] pci 0000:00:18.4: BAR 13: can't assign io (size 0x1000)
Mar 22 22:52:37 ubuntu kernel: [    0.568377] pci 0000:00:18.3: BAR 13: can't assign io (size 0x1000)
Mar 22 22:52:37 ubuntu kernel: [    0.568380] pci 0000:00:18.2: BAR 13: can't assign io (size 0x1000)
Mar 22 22:52:37 ubuntu kernel: [    0.568383] pci 0000:00:17.7: BAR 13: can't assign io (size 0x1000)
Mar 22 22:52:37 ubuntu kernel: [    0.568386] pci 0000:00:17.6: BAR 13: can't assign io (size 0x1000)
Mar 22 22:52:37 ubuntu kernel: [    0.568389] pci 0000:00:17.5: BAR 13: can't assign io (size 0x1000)
Mar 22 22:52:37 ubuntu kernel: [    0.568392] pci 0000:00:17.4: BAR 13: can't assign io (size 0x1000)
Mar 22 22:52:37 ubuntu kernel: [    0.568395] pci 0000:00:17.3: BAR 13: can't assign io (size 0x1000)
Mar 22 22:52:37 ubuntu kernel: [    0.568398] pci 0000:00:16.7: BAR 13: can't assign io (size 0x1000)
Mar 22 22:52:37 ubuntu kernel: [    0.568401] pci 0000:00:16.6: BAR 13: can't assign io (size 0x1000)
Mar 22 22:52:37 ubuntu kernel: [    0.568404] pci 0000:00:16.5: BAR 13: can't assign io (size 0x1000)
Mar 22 22:52:37 ubuntu kernel: [    0.568407] pci 0000:00:16.4: BAR 13: can't assign io (size 0x1000)
Mar 22 22:52:37 ubuntu kernel: [    0.568410] pci 0000:00:16.3: BAR 13: can't assign io (size 0x1000)
Mar 22 22:52:37 ubuntu kernel: [    0.568412] pci 0000:00:15.7: BAR 13: can't assign io (size 0x1000)
Mar 22 22:52:37 ubuntu kernel: [    0.568415] pci 0000:00:15.6: BAR 13: can't assign io (size 0x1000)
Mar 22 22:52:37 ubuntu kernel: [    0.568418] pci 0000:00:15.5: BAR 13: can't assign io (size 0x1000)
Mar 22 22:52:37 ubuntu kernel: [    0.568423] pci 0000:00:15.4: BAR 13: can't assign io (size 0x1000)
Mar 22 22:52:37 ubuntu kernel: [    0.568426] pci 0000:00:15.3: BAR 13: can't assign io (size 0x1000)
Mar 22 22:52:37 ubuntu kernel: [    0.568429] pci 0000:00:01.0: PCI bridge to [bus 01-01]
Mar 22 22:52:37 ubuntu kernel: [    0.568504] pci 0000:02:01.0: BAR 6: assigned [mem 0xd8400000-0xd840ffff pref]
Mar 22 22:52:37 ubuntu kernel: [    0.568506] pci 0000:00:11.0: PCI bridge to [bus 02-02]
Mar 22 22:52:37 ubuntu kernel: [    0.568517] pci 0000:00:11.0:   bridge window [io  0x2000-0x3fff]
Mar 22 22:52:37 ubuntu kernel: [    0.568543] pci 0000:00:11.0:   bridge window [mem 0xc9000000-0xca3fffff]
Mar 22 22:52:37 ubuntu kernel: [    0.568561] pci 0000:00:11.0:   bridge window [mem 0xd8400000-0xd89fffff 64bit pref]
Mar 22 22:52:37 ubuntu kernel: [    0.568594] pci 0000:00:15.0: PCI bridge to [bus 03-03]
Mar 22 22:52:37 ubuntu kernel: [    0.568605] pci 0000:00:15.0:   bridge window [io  0x4000-0x4fff]
Mar 22 22:52:37 ubuntu kernel: [    0.568631] pci 0000:00:15.0:   bridge window [mem 0xca400000-0xca4fffff]
Mar 22 22:52:37 ubuntu kernel: [    0.568649] pci 0000:00:15.0:   bridge window [mem 0xd8a00000-0xd8afffff 64bit pref]
Mar 22 22:52:37 ubuntu kernel: [    0.568714] pci 0000:00:15.1: PCI bridge to [bus 04-04]
Mar 22 22:52:37 ubuntu kernel: [    0.568726] pci 0000:00:15.1:   bridge window [io  0x8000-0x8fff]
Mar 22 22:52:37 ubuntu kernel: [    0.568752] pci 0000:00:15.1:   bridge window [mem 0xca800000-0xca8fffff]
Mar 22 22:52:37 ubuntu kernel: [    0.568770] pci 0000:00:15.1:   bridge window [mem 0xd8e00000-0xd8efffff 64bit pref]
Mar 22 22:52:37 ubuntu kernel: [    0.568817] pci 0000:00:15.2: PCI bridge to [bus 05-05]
Mar 22 22:52:37 ubuntu kernel: [    0.568829] pci 0000:00:15.2:   bridge window [io  0xc000-0xcfff]
Mar 22 22:52:37 ubuntu kernel: [    0.568855] pci 0000:00:15.2:   bridge window [mem 0xcac00000-0xcacfffff]
Mar 22 22:52:37 ubuntu kernel: [    0.568873] pci 0000:00:15.2:   bridge window [mem 0xd9200000-0xd92fffff 64bit pref]
Mar 22 22:52:37 ubuntu kernel: [    0.568925] pci 0000:00:15.3: PCI bridge to [bus 06-06]
Mar 22 22:52:37 ubuntu kernel: [    0.568962] pci 0000:00:15.3:   bridge window [mem 0xcb000000-0xcb0fffff]
Mar 22 22:52:37 ubuntu kernel: [    0.568983] pci 0000:00:15.3:   bridge window [mem 0xd9600000-0xd96fffff 64bit pref]
Mar 22 22:52:37 ubuntu kernel: [    0.569035] pci 0000:00:15.4: PCI bridge to [bus 07-07]
Mar 22 22:52:37 ubuntu kernel: [    0.569065] pci 0000:00:15.4:   bridge window [mem 0xcb400000-0xcb4fffff]
Mar 22 22:52:37 ubuntu kernel: [    0.569086] pci 0000:00:15.4:   bridge window [mem 0xd9a00000-0xd9afffff 64bit pref]
Mar 22 22:52:37 ubuntu kernel: [    0.569135] pci 0000:00:15.5: PCI bridge to [bus 08-08]
Mar 22 22:52:37 ubuntu kernel: [    0.569162] pci 0000:00:15.5:   bridge window [mem 0xcb800000-0xcb8fffff]
Mar 22 22:52:37 ubuntu kernel: [    0.569180] pci 0000:00:15.5:   bridge window [mem 0xd9e00000-0xd9efffff 64bit pref]
Mar 22 22:52:37 ubuntu kernel: [    0.569225] pci 0000:00:15.6: PCI bridge to [bus 09-09]
Mar 22 22:52:37 ubuntu kernel: [    0.569251] pci 0000:00:15.6:   bridge window [mem 0xcbc00000-0xcbcfffff]
Mar 22 22:52:37 ubuntu kernel: [    0.569270] pci 0000:00:15.6:   bridge window [mem 0xda200000-0xda2fffff 64bit pref]
Mar 22 22:52:37 ubuntu kernel: [    0.569315] pci 0000:00:15.7: PCI bridge to [bus 0a-0a]
Mar 22 22:52:37 ubuntu kernel: [    0.569341] pci 0000:00:15.7:   bridge window [mem 0xcc000000-0xcc0fffff]
Mar 22 22:52:37 ubuntu kernel: [    0.569359] pci 0000:00:15.7:   bridge window [mem 0xda600000-0xda6fffff 64bit pref]
Mar 22 22:52:37 ubuntu kernel: [    0.569404] pci 0000:00:16.0: PCI bridge to [bus 0b-0b]
Mar 22 22:52:37 ubuntu kernel: [    0.569416] pci 0000:00:16.0:   bridge window [io  0x5000-0x5fff]
Mar 22 22:52:37 ubuntu kernel: [    0.569442] pci 0000:00:16.0:   bridge window [mem 0xca500000-0xca5fffff]
Mar 22 22:52:37 ubuntu kernel: [    0.569460] pci 0000:00:16.0:   bridge window [mem 0xd8b00000-0xd8bfffff 64bit pref]
Mar 22 22:52:37 ubuntu kernel: [    0.569505] pci 0000:00:16.1: PCI bridge to [bus 0c-0c]
Mar 22 22:52:37 ubuntu kernel: [    0.569517] pci 0000:00:16.1:   bridge window [io  0x9000-0x9fff]
Mar 22 22:52:37 ubuntu kernel: [    0.569543] pci 0000:00:16.1:   bridge window [mem 0xca900000-0xca9fffff]
Mar 22 22:52:37 ubuntu kernel: [    0.569561] pci 0000:00:16.1:   bridge window [mem 0xd8f00000-0xd8ffffff 64bit pref]
Mar 22 22:52:37 ubuntu kernel: [    0.569607] pci 0000:00:16.2: PCI bridge to [bus 0d-0d]
Mar 22 22:52:37 ubuntu kernel: [    0.569618] pci 0000:00:16.2:   bridge window [io  0xd000-0xdfff]
Mar 22 22:52:37 ubuntu kernel: [    0.569644] pci 0000:00:16.2:   bridge window [mem 0xcad00000-0xcadfffff]
Mar 22 22:52:37 ubuntu kernel: [    0.569662] pci 0000:00:16.2:   bridge window [mem 0xd9300000-0xd93fffff 64bit pref]
Mar 22 22:52:37 ubuntu kernel: [    0.569708] pci 0000:00:16.3: PCI bridge to [bus 0e-0e]
Mar 22 22:52:37 ubuntu kernel: [    0.569735] pci 0000:00:16.3:   bridge window [mem 0xcb100000-0xcb1fffff]
Mar 22 22:52:37 ubuntu kernel: [    0.569753] pci 0000:00:16.3:   bridge window [mem 0xd9700000-0xd97fffff 64bit pref]
Mar 22 22:52:37 ubuntu kernel: [    0.569798] pci 0000:00:16.4: PCI bridge to [bus 0f-0f]
Mar 22 22:52:37 ubuntu kernel: [    0.569824] pci 0000:00:16.4:   bridge window [mem 0xcb500000-0xcb5fffff]
Mar 22 22:52:37 ubuntu kernel: [    0.569843] pci 0000:00:16.4:   bridge window [mem 0xd9b00000-0xd9bfffff 64bit pref]
Mar 22 22:52:37 ubuntu kernel: [    0.569891] pci 0000:00:16.5: PCI bridge to [bus 10-10]
Mar 22 22:52:37 ubuntu kernel: [    0.569924] pci 0000:00:16.5:   bridge window [mem 0xcb900000-0xcb9fffff]
Mar 22 22:52:37 ubuntu kernel: [    0.569945] pci 0000:00:16.5:   bridge window [mem 0xd9f00000-0xd9ffffff 64bit pref]
Mar 22 22:52:37 ubuntu kernel: [    0.570012] pci 0000:00:16.6: PCI bridge to [bus 11-11]
Mar 22 22:52:37 ubuntu kernel: [    0.570048] pci 0000:00:16.6:   bridge window [mem 0xcbd00000-0xcbdfffff]
Mar 22 22:52:37 ubuntu kernel: [    0.570073] pci 0000:00:16.6:   bridge window [mem 0xda300000-0xda3fffff 64bit pref]
Mar 22 22:52:37 ubuntu kernel: [    0.570125] pci 0000:00:16.7: PCI bridge to [bus 12-12]
Mar 22 22:52:37 ubuntu kernel: [    0.570154] pci 0000:00:16.7:   bridge window [mem 0xcc100000-0xcc1fffff]
Mar 22 22:52:37 ubuntu kernel: [    0.570174] pci 0000:00:16.7:   bridge window [mem 0xda700000-0xda7fffff 64bit pref]
Mar 22 22:52:37 ubuntu kernel: [    0.570223] pci 0000:00:17.0: PCI bridge to [bus 13-13]
Mar 22 22:52:37 ubuntu kernel: [    0.570237] pci 0000:00:17.0:   bridge window [io  0x6000-0x6fff]
Mar 22 22:52:37 ubuntu kernel: [    0.570265] pci 0000:00:17.0:   bridge window [mem 0xca600000-0xca6fffff]
Mar 22 22:52:37 ubuntu kernel: [    0.570285] pci 0000:00:17.0:   bridge window [mem 0xd8c00000-0xd8cfffff 64bit pref]
Mar 22 22:52:37 ubuntu kernel: [    0.570334] pci 0000:00:17.1: PCI bridge to [bus 14-14]
Mar 22 22:52:37 ubuntu kernel: [    0.570347] pci 0000:00:17.1:   bridge window [io  0xa000-0xafff]
Mar 22 22:52:37 ubuntu kernel: [    0.570375] pci 0000:00:17.1:   bridge window [mem 0xcaa00000-0xcaafffff]
Mar 22 22:52:37 ubuntu kernel: [    0.570395] pci 0000:00:17.1:   bridge window [mem 0xd9000000-0xd90fffff 64bit pref]
Mar 22 22:52:37 ubuntu kernel: [    0.570444] pci 0000:00:17.2: PCI bridge to [bus 15-15]
Mar 22 22:52:37 ubuntu kernel: [    0.570457] pci 0000:00:17.2:   bridge window [io  0xe000-0xefff]
Mar 22 22:52:37 ubuntu kernel: [    0.570474] pci 0000:00:17.2:   bridge window [mem 0xcae00000-0xcaefffff]
Mar 22 22:52:37 ubuntu kernel: [    0.570506] pci 0000:00:17.2:   bridge window [mem 0xd9400000-0xd94fffff 64bit pref]
Mar 22 22:52:37 ubuntu kernel: [    0.570558] pci 0000:00:17.3: PCI bridge to [bus 16-16]
Mar 22 22:52:37 ubuntu kernel: [    0.570587] pci 0000:00:17.3:   bridge window [mem 0xcb200000-0xcb2fffff]
Mar 22 22:52:37 ubuntu kernel: [    0.570607] pci 0000:00:17.3:   bridge window [mem 0xd9800000-0xd98fffff 64bit pref]
Mar 22 22:52:37 ubuntu kernel: [    0.570656] pci 0000:00:17.4: PCI bridge to [bus 17-17]
Mar 22 22:52:37 ubuntu kernel: [    0.570685] pci 0000:00:17.4:   bridge window [mem 0xcb600000-0xcb6fffff]
Mar 22 22:52:37 ubuntu kernel: [    0.570705] pci 0000:00:17.4:   bridge window [mem 0xd9c00000-0xd9cfffff 64bit pref]
Mar 22 22:52:37 ubuntu kernel: [    0.570754] pci 0000:00:17.5: PCI bridge to [bus 18-18]
Mar 22 22:52:37 ubuntu kernel: [    0.570783] pci 0000:00:17.5:   bridge window [mem 0xcba00000-0xcbafffff]
Mar 22 22:52:37 ubuntu kernel: [    0.570803] pci 0000:00:17.5:   bridge window [mem 0xda000000-0xda0fffff 64bit pref]
Mar 22 22:52:37 ubuntu kernel: [    0.570852] pci 0000:00:17.6: PCI bridge to [bus 19-19]
Mar 22 22:52:37 ubuntu kernel: [    0.571025] pci 0000:00:17.6:   bridge window [mem 0xcbe00000-0xcbefffff]
Mar 22 22:52:37 ubuntu kernel: [    0.571048] pci 0000:00:17.6:   bridge window [mem 0xda400000-0xda4fffff 64bit pref]
Mar 22 22:52:37 ubuntu kernel: [    0.571107] pci 0000:00:17.7: PCI bridge to [bus 1a-1a]
Mar 22 22:52:37 ubuntu kernel: [    0.571137] pci 0000:00:17.7:   bridge window [mem 0xcc200000-0xcc2fffff]
Mar 22 22:52:37 ubuntu kernel: [    0.571156] pci 0000:00:17.7:   bridge window [mem 0xda800000-0xda8fffff 64bit pref]
Mar 22 22:52:37 ubuntu kernel: [    0.571208] pci 0000:00:18.0: PCI bridge to [bus 1b-1b]
Mar 22 22:52:37 ubuntu kernel: [    0.571221] pci 0000:00:18.0:   bridge window [io  0x7000-0x7fff]
Mar 22 22:52:37 ubuntu kernel: [    0.571250] pci 0000:00:18.0:   bridge window [mem 0xca700000-0xca7fffff]
Mar 22 22:52:37 ubuntu kernel: [    0.571269] pci 0000:00:18.0:   bridge window [mem 0xd8d00000-0xd8dfffff 64bit pref]
Mar 22 22:52:37 ubuntu kernel: [    0.571319] pci 0000:00:18.1: PCI bridge to [bus 1c-1c]
Mar 22 22:52:37 ubuntu kernel: [    0.571332] pci 0000:00:18.1:   bridge window [io  0xb000-0xbfff]
Mar 22 22:52:37 ubuntu kernel: [    0.571360] pci 0000:00:18.1:   bridge window [mem 0xcab00000-0xcabfffff]
Mar 22 22:52:37 ubuntu kernel: [    0.571380] pci 0000:00:18.1:   bridge window [mem 0xd9100000-0xd91fffff 64bit pref]
Mar 22 22:52:37 ubuntu kernel: [    0.571429] pci 0000:00:18.2: PCI bridge to [bus 1d-1d]
Mar 22 22:52:37 ubuntu kernel: [    0.571458] pci 0000:00:18.2:   bridge window [mem 0xcaf00000-0xcaffffff]
Mar 22 22:52:37 ubuntu kernel: [    0.571477] pci 0000:00:18.2:   bridge window [mem 0xd9500000-0xd95fffff 64bit pref]
Mar 22 22:52:37 ubuntu kernel: [    0.571526] pci 0000:00:18.3: PCI bridge to [bus 1e-1e]
Mar 22 22:52:37 ubuntu kernel: [    0.571555] pci 0000:00:18.3:   bridge window [mem 0xcb300000-0xcb3fffff]
Mar 22 22:52:37 ubuntu kernel: [    0.571575] pci 0000:00:18.3:   bridge window [mem 0xd9900000-0xd99fffff 64bit pref]
Mar 22 22:52:37 ubuntu kernel: [    0.571624] pci 0000:00:18.4: PCI bridge to [bus 1f-1f]
Mar 22 22:52:37 ubuntu kernel: [    0.571652] pci 0000:00:18.4:   bridge window [mem 0xcb700000-0xcb7fffff]
Mar 22 22:52:37 ubuntu kernel: [    0.571672] pci 0000:00:18.4:   bridge window [mem 0xd9d00000-0xd9dfffff 64bit pref]
Mar 22 22:52:37 ubuntu kernel: [    0.571721] pci 0000:00:18.5: PCI bridge to [bus 20-20]
Mar 22 22:52:37 ubuntu kernel: [    0.571752] pci 0000:00:18.5:   bridge window [mem 0xcbb00000-0xcbbfffff]
Mar 22 22:52:37 ubuntu kernel: [    0.571772] pci 0000:00:18.5:   bridge window [mem 0xda100000-0xda1fffff 64bit pref]
Mar 22 22:52:37 ubuntu kernel: [    0.571821] pci 0000:00:18.6: PCI bridge to [bus 21-21]
Mar 22 22:52:37 ubuntu kernel: [    0.571890] pci 0000:00:18.6:   bridge window [mem 0xcbf00000-0xcbffffff]
Mar 22 22:52:37 ubuntu kernel: [    0.571913] pci 0000:00:18.6:   bridge window [mem 0xda500000-0xda5fffff 64bit pref]
Mar 22 22:52:37 ubuntu kernel: [    0.571967] pci 0000:00:18.7: PCI bridge to [bus 22-22]
Mar 22 22:52:37 ubuntu kernel: [    0.571996] pci 0000:00:18.7:   bridge window [mem 0xcc300000-0xcc3fffff]
Mar 22 22:52:37 ubuntu kernel: [    0.572016] pci 0000:00:18.7:   bridge window [mem 0xda900000-0xda9fffff 64bit pref]
Mar 22 22:52:37 ubuntu kernel: [    0.572096] pci 0000:00:01.0: setting latency timer to 64
Mar 22 22:52:37 ubuntu kernel: [    0.572171] pci 0000:00:15.0: setting latency timer to 64
Mar 22 22:52:37 ubuntu kernel: [    0.572218] pci 0000:00:15.1: setting latency timer to 64
Mar 22 22:52:37 ubuntu kernel: [    0.572265] pci 0000:00:15.2: setting latency timer to 64
Mar 22 22:52:37 ubuntu kernel: [    0.572312] pci 0000:00:15.3: setting latency timer to 64
Mar 22 22:52:37 ubuntu kernel: [    0.572359] pci 0000:00:15.4: setting latency timer to 64
Mar 22 22:52:37 ubuntu kernel: [    0.572406] pci 0000:00:15.5: setting latency timer to 64
Mar 22 22:52:37 ubuntu kernel: [    0.572453] pci 0000:00:15.6: setting latency timer to 64
Mar 22 22:52:37 ubuntu kernel: [    0.572500] pci 0000:00:15.7: setting latency timer to 64
Mar 22 22:52:37 ubuntu kernel: [    0.572547] pci 0000:00:16.0: setting latency timer to 64
Mar 22 22:52:37 ubuntu kernel: [    0.572594] pci 0000:00:16.1: setting latency timer to 64
Mar 22 22:52:37 ubuntu kernel: [    0.572641] pci 0000:00:16.2: setting latency timer to 64
Mar 22 22:52:37 ubuntu kernel: [    0.572688] pci 0000:00:16.3: setting latency timer to 64
Mar 22 22:52:37 ubuntu kernel: [    0.572735] pci 0000:00:16.4: setting latency timer to 64
Mar 22 22:52:37 ubuntu kernel: [    0.572782] pci 0000:00:16.5: setting latency timer to 64
Mar 22 22:52:37 ubuntu kernel: [    0.572858] pci 0000:00:16.6: setting latency timer to 64
Mar 22 22:52:37 ubuntu kernel: [    0.572910] pci 0000:00:16.7: setting latency timer to 64
Mar 22 22:52:37 ubuntu kernel: [    0.572957] pci 0000:00:17.0: setting latency timer to 64
Mar 22 22:52:37 ubuntu kernel: [    0.573004] pci 0000:00:17.1: setting latency timer to 64
Mar 22 22:52:37 ubuntu kernel: [    0.573051] pci 0000:00:17.2: setting latency timer to 64
Mar 22 22:52:37 ubuntu kernel: [    0.573098] pci 0000:00:17.3: setting latency timer to 64
Mar 22 22:52:37 ubuntu kernel: [    0.573145] pci 0000:00:17.4: setting latency timer to 64
Mar 22 22:52:37 ubuntu kernel: [    0.573192] pci 0000:00:17.5: setting latency timer to 64
Mar 22 22:52:37 ubuntu kernel: [    0.573239] pci 0000:00:17.6: setting latency timer to 64
Mar 22 22:52:37 ubuntu kernel: [    0.573286] pci 0000:00:17.7: setting latency timer to 64
Mar 22 22:52:37 ubuntu kernel: [    0.573332] pci 0000:00:18.0: setting latency timer to 64
Mar 22 22:52:37 ubuntu kernel: [    0.573379] pci 0000:00:18.1: setting latency timer to 64
Mar 22 22:52:37 ubuntu kernel: [    0.573427] pci 0000:00:18.2: setting latency timer to 64
Mar 22 22:52:37 ubuntu kernel: [    0.573473] pci 0000:00:18.3: setting latency timer to 64
Mar 22 22:52:37 ubuntu kernel: [    0.573520] pci 0000:00:18.4: setting latency timer to 64
Mar 22 22:52:37 ubuntu kernel: [    0.573567] pci 0000:00:18.5: setting latency timer to 64
Mar 22 22:52:37 ubuntu kernel: [    0.573614] pci 0000:00:18.6: setting latency timer to 64
Mar 22 22:52:37 ubuntu kernel: [    0.573661] pci 0000:00:18.7: setting latency timer to 64
Mar 22 22:52:37 ubuntu kernel: [    0.573673] pci_bus 0000:00: resource 4 [mem 0x000a0000-0x000bffff]
Mar 22 22:52:37 ubuntu kernel: [    0.573675] pci_bus 0000:00: resource 5 [mem 0x000cc000-0x000cffff]
Mar 22 22:52:37 ubuntu kernel: [    0.573677] pci_bus 0000:00: resource 6 [mem 0x000d0000-0x000d3fff]
Mar 22 22:52:37 ubuntu kernel: [    0.573679] pci_bus 0000:00: resource 7 [mem 0x000d4000-0x000d7fff]
Mar 22 22:52:37 ubuntu kernel: [    0.573681] pci_bus 0000:00: resource 8 [mem 0x000d8000-0x000dbfff]
Mar 22 22:52:37 ubuntu kernel: [    0.573683] pci_bus 0000:00: resource 9 [mem 0xc0000000-0xfebfffff]
Mar 22 22:52:37 ubuntu kernel: [    0.573686] pci_bus 0000:00: resource 10 [io  0x0000-0x0cf7]
Mar 22 22:52:37 ubuntu kernel: [    0.573688] pci_bus 0000:00: resource 11 [io  0x0d00-0xfeff]
Mar 22 22:52:37 ubuntu kernel: [    0.573690] pci_bus 0000:02: resource 0 [io  0x2000-0x3fff]
Mar 22 22:52:37 ubuntu kernel: [    0.573692] pci_bus 0000:02: resource 1 [mem 0xc9000000-0xca3fffff]
Mar 22 22:52:37 ubuntu kernel: [    0.573694] pci_bus 0000:02: resource 2 [mem 0xd8400000-0xd89fffff 64bit pref]
Mar 22 22:52:37 ubuntu kernel: [    0.573697] pci_bus 0000:02: resource 4 [mem 0x000a0000-0x000bffff]
Mar 22 22:52:37 ubuntu kernel: [    0.573699] pci_bus 0000:02: resource 5 [mem 0x000cc000-0x000cffff]
Mar 22 22:52:37 ubuntu kernel: [    0.573701] pci_bus 0000:02: resource 6 [mem 0x000d0000-0x000d3fff]
Mar 22 22:52:37 ubuntu kernel: [    0.573703] pci_bus 0000:02: resource 7 [mem 0x000d4000-0x000d7fff]
Mar 22 22:52:37 ubuntu kernel: [    0.573705] pci_bus 0000:02: resource 8 [mem 0x000d8000-0x000dbfff]
Mar 22 22:52:37 ubuntu kernel: [    0.573707] pci_bus 0000:02: resource 9 [mem 0xc0000000-0xfebfffff]
Mar 22 22:52:37 ubuntu kernel: [    0.573709] pci_bus 0000:02: resource 10 [io  0x0000-0x0cf7]
Mar 22 22:52:37 ubuntu kernel: [    0.573711] pci_bus 0000:02: resource 11 [io  0x0d00-0xfeff]
Mar 22 22:52:37 ubuntu kernel: [    0.573715] pci_bus 0000:03: resource 0 [io  0x4000-0x4fff]
Mar 22 22:52:37 ubuntu kernel: [    0.573717] pci_bus 0000:03: resource 1 [mem 0xca400000-0xca4fffff]
Mar 22 22:52:37 ubuntu kernel: [    0.573719] pci_bus 0000:03: resource 2 [mem 0xd8a00000-0xd8afffff 64bit pref]
Mar 22 22:52:37 ubuntu kernel: [    0.573722] pci_bus 0000:04: resource 0 [io  0x8000-0x8fff]
Mar 22 22:52:37 ubuntu kernel: [    0.573724] pci_bus 0000:04: resource 1 [mem 0xca800000-0xca8fffff]
Mar 22 22:52:37 ubuntu kernel: [    0.573726] pci_bus 0000:04: resource 2 [mem 0xd8e00000-0xd8efffff 64bit pref]
Mar 22 22:52:37 ubuntu kernel: [    0.573728] pci_bus 0000:05: resource 0 [io  0xc000-0xcfff]
Mar 22 22:52:37 ubuntu kernel: [    0.573730] pci_bus 0000:05: resource 1 [mem 0xcac00000-0xcacfffff]
Mar 22 22:52:37 ubuntu kernel: [    0.573733] pci_bus 0000:05: resource 2 [mem 0xd9200000-0xd92fffff 64bit pref]
Mar 22 22:52:37 ubuntu kernel: [    0.573735] pci_bus 0000:06: resource 1 [mem 0xcb000000-0xcb0fffff]
Mar 22 22:52:37 ubuntu kernel: [    0.573737] pci_bus 0000:06: resource 2 [mem 0xd9600000-0xd96fffff 64bit pref]
Mar 22 22:52:37 ubuntu kernel: [    0.573739] pci_bus 0000:07: resource 1 [mem 0xcb400000-0xcb4fffff]
Mar 22 22:52:37 ubuntu kernel: [    0.573741] pci_bus 0000:07: resource 2 [mem 0xd9a00000-0xd9afffff 64bit pref]
Mar 22 22:52:37 ubuntu kernel: [    0.573744] pci_bus 0000:08: resource 1 [mem 0xcb800000-0xcb8fffff]
Mar 22 22:52:37 ubuntu kernel: [    0.573746] pci_bus 0000:08: resource 2 [mem 0xd9e00000-0xd9efffff 64bit pref]
Mar 22 22:52:37 ubuntu kernel: [    0.573748] pci_bus 0000:09: resource 1 [mem 0xcbc00000-0xcbcfffff]
Mar 22 22:52:37 ubuntu kernel: [    0.573750] pci_bus 0000:09: resource 2 [mem 0xda200000-0xda2fffff 64bit pref]
Mar 22 22:52:37 ubuntu kernel: [    0.573753] pci_bus 0000:0a: resource 1 [mem 0xcc000000-0xcc0fffff]
Mar 22 22:52:37 ubuntu kernel: [    0.573755] pci_bus 0000:0a: resource 2 [mem 0xda600000-0xda6fffff 64bit pref]
Mar 22 22:52:37 ubuntu kernel: [    0.573757] pci_bus 0000:0b: resource 0 [io  0x5000-0x5fff]
Mar 22 22:52:37 ubuntu kernel: [    0.573759] pci_bus 0000:0b: resource 1 [mem 0xca500000-0xca5fffff]
Mar 22 22:52:37 ubuntu kernel: [    0.573761] pci_bus 0000:0b: resource 2 [mem 0xd8b00000-0xd8bfffff 64bit pref]
Mar 22 22:52:37 ubuntu kernel: [    0.573763] pci_bus 0000:0c: resource 0 [io  0x9000-0x9fff]
Mar 22 22:52:37 ubuntu kernel: [    0.573766] pci_bus 0000:0c: resource 1 [mem 0xca900000-0xca9fffff]
Mar 22 22:52:37 ubuntu kernel: [    0.573768] pci_bus 0000:0c: resource 2 [mem 0xd8f00000-0xd8ffffff 64bit pref]
Mar 22 22:52:37 ubuntu kernel: [    0.573770] pci_bus 0000:0d: resource 0 [io  0xd000-0xdfff]
Mar 22 22:52:37 ubuntu kernel: [    0.573772] pci_bus 0000:0d: resource 1 [mem 0xcad00000-0xcadfffff]
Mar 22 22:52:37 ubuntu kernel: [    0.573774] pci_bus 0000:0d: resource 2 [mem 0xd9300000-0xd93fffff 64bit pref]
Mar 22 22:52:37 ubuntu kernel: [    0.573776] pci_bus 0000:0e: resource 1 [mem 0xcb100000-0xcb1fffff]
Mar 22 22:52:37 ubuntu kernel: [    0.573779] pci_bus 0000:0e: resource 2 [mem 0xd9700000-0xd97fffff 64bit pref]
Mar 22 22:52:37 ubuntu kernel: [    0.573781] pci_bus 0000:0f: resource 1 [mem 0xcb500000-0xcb5fffff]
Mar 22 22:52:37 ubuntu kernel: [    0.573791] pci_bus 0000:0f: resource 2 [mem 0xd9b00000-0xd9bfffff 64bit pref]
Mar 22 22:52:37 ubuntu kernel: [    0.573793] pci_bus 0000:10: resource 1 [mem 0xcb900000-0xcb9fffff]
Mar 22 22:52:37 ubuntu kernel: [    0.573796] pci_bus 0000:10: resource 2 [mem 0xd9f00000-0xd9ffffff 64bit pref]
Mar 22 22:52:37 ubuntu kernel: [    0.573801] pci_bus 0000:11: resource 1 [mem 0xcbd00000-0xcbdfffff]
Mar 22 22:52:37 ubuntu kernel: [    0.573804] pci_bus 0000:11: resource 2 [mem 0xda300000-0xda3fffff 64bit pref]
Mar 22 22:52:37 ubuntu kernel: [    0.573806] pci_bus 0000:12: resource 1 [mem 0xcc100000-0xcc1fffff]
Mar 22 22:52:37 ubuntu kernel: [    0.573809] pci_bus 0000:12: resource 2 [mem 0xda700000-0xda7fffff 64bit pref]
Mar 22 22:52:37 ubuntu kernel: [    0.573811] pci_bus 0000:13: resource 0 [io  0x6000-0x6fff]
Mar 22 22:52:37 ubuntu kernel: [    0.573814] pci_bus 0000:13: resource 1 [mem 0xca600000-0xca6fffff]
Mar 22 22:52:37 ubuntu kernel: [    0.573816] pci_bus 0000:13: resource 2 [mem 0xd8c00000-0xd8cfffff 64bit pref]
Mar 22 22:52:37 ubuntu kernel: [    0.573819] pci_bus 0000:14: resource 0 [io  0xa000-0xafff]
Mar 22 22:52:37 ubuntu kernel: [    0.573821] pci_bus 0000:14: resource 1 [mem 0xcaa00000-0xcaafffff]
Mar 22 22:52:37 ubuntu kernel: [    0.573824] pci_bus 0000:14: resource 2 [mem 0xd9000000-0xd90fffff 64bit pref]
Mar 22 22:52:37 ubuntu kernel: [    0.573826] pci_bus 0000:15: resource 0 [io  0xe000-0xefff]
Mar 22 22:52:37 ubuntu kernel: [    0.573828] pci_bus 0000:15: resource 1 [mem 0xcae00000-0xcaefffff]
Mar 22 22:52:37 ubuntu kernel: [    0.573831] pci_bus 0000:15: resource 2 [mem 0xd9400000-0xd94fffff 64bit pref]
Mar 22 22:52:37 ubuntu kernel: [    0.573834] pci_bus 0000:16: resource 1 [mem 0xcb200000-0xcb2fffff]
Mar 22 22:52:37 ubuntu kernel: [    0.573836] pci_bus 0000:16: resource 2 [mem 0xd9800000-0xd98fffff 64bit pref]
Mar 22 22:52:37 ubuntu kernel: [    0.573839] pci_bus 0000:17: resource 1 [mem 0xcb600000-0xcb6fffff]
Mar 22 22:52:37 ubuntu kernel: [    0.573841] pci_bus 0000:17: resource 2 [mem 0xd9c00000-0xd9cfffff 64bit pref]
Mar 22 22:52:37 ubuntu kernel: [    0.573844] pci_bus 0000:18: resource 1 [mem 0xcba00000-0xcbafffff]
Mar 22 22:52:37 ubuntu kernel: [    0.573846] pci_bus 0000:18: resource 2 [mem 0xda000000-0xda0fffff 64bit pref]
Mar 22 22:52:37 ubuntu kernel: [    0.573853] pci_bus 0000:19: resource 1 [mem 0xcbe00000-0xcbefffff]
Mar 22 22:52:37 ubuntu kernel: [    0.573856] pci_bus 0000:19: resource 2 [mem 0xda400000-0xda4fffff 64bit pref]
Mar 22 22:52:37 ubuntu kernel: [    0.573858] pci_bus 0000:1a: resource 1 [mem 0xcc200000-0xcc2fffff]
Mar 22 22:52:37 ubuntu kernel: [    0.573860] pci_bus 0000:1a: resource 2 [mem 0xda800000-0xda8fffff 64bit pref]
Mar 22 22:52:37 ubuntu kernel: [    0.573862] pci_bus 0000:1b: resource 0 [io  0x7000-0x7fff]
Mar 22 22:52:37 ubuntu kernel: [    0.573864] pci_bus 0000:1b: resource 1 [mem 0xca700000-0xca7fffff]
Mar 22 22:52:37 ubuntu kernel: [    0.573867] pci_bus 0000:1b: resource 2 [mem 0xd8d00000-0xd8dfffff 64bit pref]
Mar 22 22:52:37 ubuntu kernel: [    0.573869] pci_bus 0000:1c: resource 0 [io  0xb000-0xbfff]
Mar 22 22:52:37 ubuntu kernel: [    0.573871] pci_bus 0000:1c: resource 1 [mem 0xcab00000-0xcabfffff]
Mar 22 22:52:37 ubuntu kernel: [    0.573873] pci_bus 0000:1c: resource 2 [mem 0xd9100000-0xd91fffff 64bit pref]
Mar 22 22:52:37 ubuntu kernel: [    0.573875] pci_bus 0000:1d: resource 1 [mem 0xcaf00000-0xcaffffff]
Mar 22 22:52:37 ubuntu kernel: [    0.573878] pci_bus 0000:1d: resource 2 [mem 0xd9500000-0xd95fffff 64bit pref]
Mar 22 22:52:37 ubuntu kernel: [    0.573880] pci_bus 0000:1e: resource 1 [mem 0xcb300000-0xcb3fffff]
Mar 22 22:52:37 ubuntu kernel: [    0.573882] pci_bus 0000:1e: resource 2 [mem 0xd9900000-0xd99fffff 64bit pref]
Mar 22 22:52:37 ubuntu kernel: [    0.573884] pci_bus 0000:1f: resource 1 [mem 0xcb700000-0xcb7fffff]
Mar 22 22:52:37 ubuntu kernel: [    0.573887] pci_bus 0000:1f: resource 2 [mem 0xd9d00000-0xd9dfffff 64bit pref]
Mar 22 22:52:37 ubuntu kernel: [    0.573889] pci_bus 0000:20: resource 1 [mem 0xcbb00000-0xcbbfffff]
Mar 22 22:52:37 ubuntu kernel: [    0.573891] pci_bus 0000:20: resource 2 [mem 0xda100000-0xda1fffff 64bit pref]
Mar 22 22:52:37 ubuntu kernel: [    0.573893] pci_bus 0000:21: resource 1 [mem 0xcbf00000-0xcbffffff]
Mar 22 22:52:37 ubuntu kernel: [    0.573896] pci_bus 0000:21: resource 2 [mem 0xda500000-0xda5fffff 64bit pref]
Mar 22 22:52:37 ubuntu kernel: [    0.573898] pci_bus 0000:22: resource 1 [mem 0xcc300000-0xcc3fffff]
Mar 22 22:52:37 ubuntu kernel: [    0.573900] pci_bus 0000:22: resource 2 [mem 0xda900000-0xda9fffff 64bit pref]
Mar 22 22:52:37 ubuntu kernel: [    0.574020] NET: Registered protocol family 2
Mar 22 22:52:37 ubuntu kernel: [    0.574087] IP route cache hash table entries: 32768 (order: 5, 131072 bytes)
Mar 22 22:52:37 ubuntu kernel: [    0.575010] TCP established hash table entries: 131072 (order: 8, 1048576 bytes)
Mar 22 22:52:37 ubuntu kernel: [    0.579887] TCP bind hash table entries: 65536 (order: 7, 524288 bytes)
Mar 22 22:52:37 ubuntu kernel: [    0.582123] TCP: Hash tables configured (established 131072 bind 65536)
Mar 22 22:52:37 ubuntu kernel: [    0.582126] TCP reno registered
Mar 22 22:52:37 ubuntu kernel: [    0.582129] UDP hash table entries: 512 (order: 2, 16384 bytes)
Mar 22 22:52:37 ubuntu kernel: [    0.582179] UDP-Lite hash table entries: 512 (order: 2, 16384 bytes)
Mar 22 22:52:37 ubuntu kernel: [    0.582295] NET: Registered protocol family 1
Mar 22 22:52:37 ubuntu kernel: [    0.582303] pci 0000:00:00.0: Limiting direct PCI/PCI transfers
Mar 22 22:52:37 ubuntu kernel: [    0.582379] pci 0000:00:0f.0: Boot video device
Mar 22 22:52:37 ubuntu kernel: [    0.582766] pci 0000:02:00.0: PCI INT A -> GSI 18 (level, low) -> IRQ 18
Mar 22 22:52:37 ubuntu kernel: [    0.582957] pci 0000:02:00.0: PCI INT A disabled
Mar 22 22:52:37 ubuntu kernel: [    0.583008] pci 0000:02:03.0: PCI INT A -> GSI 17 (level, low) -> IRQ 17
Mar 22 22:52:37 ubuntu kernel: [    0.583090] pci 0000:02:03.0: PCI INT A disabled
Mar 22 22:52:37 ubuntu kernel: [    0.583103] PCI: CLS 32 bytes, default 64
Mar 22 22:52:37 ubuntu kernel: [    0.583170] Simple Boot Flag at 0x36 set to 0x1
Mar 22 22:52:37 ubuntu kernel: [    0.583186] Switching to clocksource tsc
Mar 22 22:52:37 ubuntu kernel: [    0.583640] audit: initializing netlink socket (disabled)
Mar 22 22:52:37 ubuntu kernel: [    0.583647] type=2000 audit(1363992740.460:1): initialized
Mar 22 22:52:37 ubuntu kernel: [    0.594959] Trying to unpack rootfs image as initramfs...
Mar 22 22:52:37 ubuntu kernel: [    2.068377] highmem bounce pool size: 64 pages
Mar 22 22:52:37 ubuntu kernel: [    2.068382] HugeTLB registered 2 MB page size, pre-allocated 0 pages
Mar 22 22:52:37 ubuntu kernel: [    2.068656] VFS: Disk quotas dquot_6.5.2
Mar 22 22:52:37 ubuntu kernel: [    2.068679] Dquot-cache hash table entries: 1024 (order 0, 4096 bytes)
Mar 22 22:52:37 ubuntu kernel: [    2.068812] fuse init (API version 7.17)
Mar 22 22:52:37 ubuntu kernel: [    2.068860] msgmni has been set to 1707
Mar 22 22:52:37 ubuntu kernel: [    2.069410] Block layer SCSI generic (bsg) driver version 0.4 loaded (major 253)
Mar 22 22:52:37 ubuntu kernel: [    2.069486] io scheduler noop registered
Mar 22 22:52:37 ubuntu kernel: [    2.069488] io scheduler deadline registered
Mar 22 22:52:37 ubuntu kernel: [    2.069495] io scheduler cfq registered (default)
Mar 22 22:52:37 ubuntu kernel: [    2.069518] pcieport 0000:00:15.0: setting latency timer to 64
Mar 22 22:52:37 ubuntu kernel: [    2.069541] pcieport 0000:00:15.0: irq 40 for MSI/MSI-X
Mar 22 22:52:37 ubuntu kernel: [    2.069564] pcieport 0000:00:15.1: setting latency timer to 64
Mar 22 22:52:37 ubuntu kernel: [    2.069587] pcieport 0000:00:15.1: irq 41 for MSI/MSI-X
Mar 22 22:52:37 ubuntu kernel: [    2.069610] pcieport 0000:00:15.2: setting latency timer to 64
Mar 22 22:52:37 ubuntu kernel: [    2.069633] pcieport 0000:00:15.2: irq 42 for MSI/MSI-X
Mar 22 22:52:37 ubuntu kernel: [    2.069656] pcieport 0000:00:15.3: setting latency timer to 64
Mar 22 22:52:37 ubuntu kernel: [    2.069679] pcieport 0000:00:15.3: irq 43 for MSI/MSI-X
Mar 22 22:52:37 ubuntu kernel: [    2.069702] pcieport 0000:00:15.4: setting latency timer to 64
Mar 22 22:52:37 ubuntu kernel: [    2.069725] pcieport 0000:00:15.4: irq 44 for MSI/MSI-X
Mar 22 22:52:37 ubuntu kernel: [    2.069748] pcieport 0000:00:15.5: setting latency timer to 64
Mar 22 22:52:37 ubuntu kernel: [    2.069771] pcieport 0000:00:15.5: irq 45 for MSI/MSI-X
Mar 22 22:52:37 ubuntu kernel: [    2.069794] pcieport 0000:00:15.6: setting latency timer to 64
Mar 22 22:52:37 ubuntu kernel: [    2.069817] pcieport 0000:00:15.6: irq 46 for MSI/MSI-X
Mar 22 22:52:37 ubuntu kernel: [    2.069840] pcieport 0000:00:15.7: setting latency timer to 64
Mar 22 22:52:37 ubuntu kernel: [    2.069863] pcieport 0000:00:15.7: irq 47 for MSI/MSI-X
Mar 22 22:52:37 ubuntu kernel: [    2.069886] pcieport 0000:00:16.0: setting latency timer to 64
Mar 22 22:52:37 ubuntu kernel: [    2.069909] pcieport 0000:00:16.0: irq 48 for MSI/MSI-X
Mar 22 22:52:37 ubuntu kernel: [    2.069932] pcieport 0000:00:16.1: setting latency timer to 64
Mar 22 22:52:37 ubuntu kernel: [    2.069955] pcieport 0000:00:16.1: irq 49 for MSI/MSI-X
Mar 22 22:52:37 ubuntu kernel: [    2.069978] pcieport 0000:00:16.2: setting latency timer to 64
Mar 22 22:52:37 ubuntu kernel: [    2.070001] pcieport 0000:00:16.2: irq 50 for MSI/MSI-X
Mar 22 22:52:37 ubuntu kernel: [    2.070023] pcieport 0000:00:16.3: setting latency timer to 64
Mar 22 22:52:37 ubuntu kernel: [    2.070046] pcieport 0000:00:16.3: irq 51 for MSI/MSI-X
Mar 22 22:52:37 ubuntu kernel: [    2.070069] pcieport 0000:00:16.4: setting latency timer to 64
Mar 22 22:52:37 ubuntu kernel: [    2.070092] pcieport 0000:00:16.4: irq 52 for MSI/MSI-X
Mar 22 22:52:37 ubuntu kernel: [    2.070115] pcieport 0000:00:16.5: setting latency timer to 64
Mar 22 22:52:37 ubuntu kernel: [    2.070138] pcieport 0000:00:16.5: irq 53 for MSI/MSI-X
Mar 22 22:52:37 ubuntu kernel: [    2.070161] pcieport 0000:00:16.6: setting latency timer to 64
Mar 22 22:52:37 ubuntu kernel: [    2.070184] pcieport 0000:00:16.6: irq 54 for MSI/MSI-X
Mar 22 22:52:37 ubuntu kernel: [    2.070207] pcieport 0000:00:16.7: setting latency timer to 64
Mar 22 22:52:37 ubuntu kernel: [    2.070230] pcieport 0000:00:16.7: irq 55 for MSI/MSI-X
Mar 22 22:52:37 ubuntu kernel: [    2.070253] pcieport 0000:00:17.0: setting latency timer to 64
Mar 22 22:52:37 ubuntu kernel: [    2.070276] pcieport 0000:00:17.0: irq 56 for MSI/MSI-X
Mar 22 22:52:37 ubuntu kernel: [    2.070299] pcieport 0000:00:17.1: setting latency timer to 64
Mar 22 22:52:37 ubuntu kernel: [    2.070322] pcieport 0000:00:17.1: irq 57 for MSI/MSI-X
Mar 22 22:52:37 ubuntu kernel: [    2.070345] pcieport 0000:00:17.2: setting latency timer to 64
Mar 22 22:52:37 ubuntu kernel: [    2.070368] pcieport 0000:00:17.2: irq 58 for MSI/MSI-X
Mar 22 22:52:37 ubuntu kernel: [    2.070391] pcieport 0000:00:17.3: setting latency timer to 64
Mar 22 22:52:37 ubuntu kernel: [    2.070414] pcieport 0000:00:17.3: irq 59 for MSI/MSI-X
Mar 22 22:52:37 ubuntu kernel: [    2.070437] pcieport 0000:00:17.4: setting latency timer to 64
Mar 22 22:52:37 ubuntu kernel: [    2.070460] pcieport 0000:00:17.4: irq 60 for MSI/MSI-X
Mar 22 22:52:37 ubuntu kernel: [    2.070483] pcieport 0000:00:17.5: setting latency timer to 64
Mar 22 22:52:37 ubuntu kernel: [    2.070506] pcieport 0000:00:17.5: irq 61 for MSI/MSI-X
Mar 22 22:52:37 ubuntu kernel: [    2.070529] pcieport 0000:00:17.6: setting latency timer to 64
Mar 22 22:52:37 ubuntu kernel: [    2.070552] pcieport 0000:00:17.6: irq 62 for MSI/MSI-X
Mar 22 22:52:37 ubuntu kernel: [    2.070575] pcieport 0000:00:17.7: setting latency timer to 64
Mar 22 22:52:37 ubuntu kernel: [    2.070597] pcieport 0000:00:17.7: irq 63 for MSI/MSI-X
Mar 22 22:52:37 ubuntu kernel: [    2.070620] pcieport 0000:00:18.0: setting latency timer to 64
Mar 22 22:52:37 ubuntu kernel: [    2.070643] pcieport 0000:00:18.0: irq 64 for MSI/MSI-X
Mar 22 22:52:37 ubuntu kernel: [    2.070666] pcieport 0000:00:18.1: setting latency timer to 64
Mar 22 22:52:37 ubuntu kernel: [    2.070689] pcieport 0000:00:18.1: irq 65 for MSI/MSI-X
Mar 22 22:52:37 ubuntu kernel: [    2.070712] pcieport 0000:00:18.2: setting latency timer to 64
Mar 22 22:52:37 ubuntu kernel: [    2.070735] pcieport 0000:00:18.2: irq 66 for MSI/MSI-X
Mar 22 22:52:37 ubuntu kernel: [    2.070758] pcieport 0000:00:18.3: setting latency timer to 64
Mar 22 22:52:37 ubuntu kernel: [    2.070781] pcieport 0000:00:18.3: irq 67 for MSI/MSI-X
Mar 22 22:52:37 ubuntu kernel: [    2.070804] pcieport 0000:00:18.4: setting latency timer to 64
Mar 22 22:52:37 ubuntu kernel: [    2.070827] pcieport 0000:00:18.4: irq 68 for MSI/MSI-X
Mar 22 22:52:37 ubuntu kernel: [    2.070850] pcieport 0000:00:18.5: setting latency timer to 64
Mar 22 22:52:37 ubuntu kernel: [    2.070873] pcieport 0000:00:18.5: irq 69 for MSI/MSI-X
Mar 22 22:52:37 ubuntu kernel: [    2.070896] pcieport 0000:00:18.6: setting latency timer to 64
Mar 22 22:52:37 ubuntu kernel: [    2.070919] pcieport 0000:00:18.6: irq 70 for MSI/MSI-X
Mar 22 22:52:37 ubuntu kernel: [    2.070942] pcieport 0000:00:18.7: setting latency timer to 64
Mar 22 22:52:37 ubuntu kernel: [    2.070965] pcieport 0000:00:18.7: irq 71 for MSI/MSI-X
Mar 22 22:52:37 ubuntu kernel: [    2.070988] pcieport 0000:00:15.0: Signaling PME through PCIe PME interrupt
Mar 22 22:52:37 ubuntu kernel: [    2.071010] pcie_pme 0000:00:15.0:pcie01: service driver pcie_pme loaded
Mar 22 22:52:37 ubuntu kernel: [    2.071033] pcieport 0000:00:15.1: Signaling PME through PCIe PME interrupt
Mar 22 22:52:37 ubuntu kernel: [    2.071056] pcie_pme 0000:00:15.1:pcie01: service driver pcie_pme loaded
Mar 22 22:52:37 ubuntu kernel: [    2.071079] pcieport 0000:00:15.2: Signaling PME through PCIe PME interrupt
Mar 22 22:52:37 ubuntu kernel: [    2.071100] pcie_pme 0000:00:15.2:pcie01: service driver pcie_pme loaded
Mar 22 22:52:37 ubuntu kernel: [    2.071123] pcieport 0000:00:15.3: Signaling PME through PCIe PME interrupt
Mar 22 22:52:37 ubuntu kernel: [    2.071145] pcie_pme 0000:00:15.3:pcie01: service driver pcie_pme loaded
Mar 22 22:52:37 ubuntu kernel: [    2.071168] pcieport 0000:00:15.4: Signaling PME through PCIe PME interrupt
Mar 22 22:52:37 ubuntu kernel: [    2.071189] pcie_pme 0000:00:15.4:pcie01: service driver pcie_pme loaded
Mar 22 22:52:37 ubuntu kernel: [    2.071212] pcieport 0000:00:15.5: Signaling PME through PCIe PME interrupt
Mar 22 22:52:37 ubuntu kernel: [    2.071235] pcie_pme 0000:00:15.5:pcie01: service driver pcie_pme loaded
Mar 22 22:52:37 ubuntu kernel: [    2.071258] pcieport 0000:00:15.6: Signaling PME through PCIe PME interrupt
